Archive member included to satisfy reference by file (symbol)

../../../../StdLib/Common/Lib/GUI/GUI_GCC_CM7_R6.a(gui.o)
                              Output/RTOS_Queue Debug/Obj/main.o (GUI_Init)
../../../../StdLib/Common/Lib/GUI/GUI_GCC_CM7_R6.a(Font_Console10.o)
                              ../../../../StdLib/Common/Lib/GUI/GUI_GCC_CM7_R6.a(gui.o) (GUI_CONSOLE10_FONT)
C:/Program Files/SEGGER/SEGGER Embedded Studio for ARM 4.18/lib/libm_v7em_fpv5_sp_d16_hard_t_le_eabi.a(libm_asm.o)
                              Output/RTOS_Queue Debug/Obj/Usart.o (__aeabi_i2d)
C:/Program Files/SEGGER/SEGGER Embedded Studio for ARM 4.18/lib/libm_v7em_fpv5_sp_d16_hard_t_le_eabi.a(libm2.o)
                              Output/RTOS_Queue Debug/Obj/imu.o (asinf)
C:/Program Files/SEGGER/SEGGER Embedded Studio for ARM 4.18/lib/libm_v7em_fpv5_sp_d16_hard_t_le_eabi.a(libm2_asm.o)
                              C:/Program Files/SEGGER/SEGGER Embedded Studio for ARM 4.18/lib/libm_v7em_fpv5_sp_d16_hard_t_le_eabi.a(libm2.o) (fabs)
C:/Program Files/SEGGER/SEGGER Embedded Studio for ARM 4.18/lib/libc_v7em_fpv5_sp_d16_hard_t_le_eabi.a(libc2.o)
                              Output/RTOS_Queue Debug/Obj/deca_device.o (abs)
C:/Program Files/SEGGER/SEGGER Embedded Studio for ARM 4.18/lib/libc_v7em_fpv5_sp_d16_hard_t_le_eabi.a(libc2_asm.o)
                              Output/RTOS_Queue Debug/Obj/term.o (memcpy)
C:/Program Files/SEGGER/SEGGER Embedded Studio for ARM 4.18/lib/libc_v7em_fpv5_sp_d16_hard_t_le_eabi.a(libc_asm.o)
                              C:/Program Files/SEGGER/SEGGER Embedded Studio for ARM 4.18/lib/libc_v7em_fpv5_sp_d16_hard_t_le_eabi.a(libc2.o) (__aeabi_uldivmod)
C:/Program Files/SEGGER/SEGGER Embedded Studio for ARM 4.18/lib/libdebugio_v7em_fpv5_sp_d16_hard_t_le_eabi.a(libdebugio.o)
                              Output/RTOS_Queue Debug/Obj/thumb_crt0.o (debug_fopen)
../../../../StdLib/Release/STM32F722/TIMER_LIB.a(Timer.o)
                              Output/RTOS_Queue Debug/Obj/main.o (TimerInit)
../../../../StdLib/Release/STM32F722/SPIM_LIB.a(spim.o)
                              Output/RTOS_Queue Debug/Obj/main.o (SpimInit)
../../../../StdLib/Release/STM32F722/DMA_LIB.a(dma.o)
                              Output/RTOS_Queue Debug/Obj/main.o (DmaInit)
../src/BSP/I2C_LIB.a(i2c.o)   Output/RTOS_Queue Debug/Obj/main.o (I2cInit)
C:/Program Files/SEGGER/SEGGER Embedded Studio for ARM 4.18/lib/libdebugio_mempoll_v7em_fpv5_sp_d16_hard_t_le_eabi.a(mempoll_debug_operations.o)
                              C:/Program Files/SEGGER/SEGGER Embedded Studio for ARM 4.18/lib/libdebugio_v7em_fpv5_sp_d16_hard_t_le_eabi.a(libdebugio.o) (__do_debug_operation)
C:/Program Files/SEGGER/SEGGER Embedded Studio for ARM 4.18/lib/libdebugio_mempoll_v7em_fpv5_sp_d16_hard_t_le_eabi.a(do_nv_debug_operation.o)
                              C:/Program Files/SEGGER/SEGGER Embedded Studio for ARM 4.18/lib/libdebugio_v7em_fpv5_sp_d16_hard_t_le_eabi.a(libdebugio.o) (__do_nvdebug_operation)

Discarded input sections

 .group         0x0000000000000000        0xc Output/RTOS_Queue Debug/Obj/system_stm32f7xx.o
 .group         0x0000000000000000        0xc Output/RTOS_Queue Debug/Obj/system_stm32f7xx.o
 .group         0x0000000000000000        0xc Output/RTOS_Queue Debug/Obj/system_stm32f7xx.o
 .group         0x0000000000000000        0xc Output/RTOS_Queue Debug/Obj/system_stm32f7xx.o
 .group         0x0000000000000000        0xc Output/RTOS_Queue Debug/Obj/system_stm32f7xx.o
 .group         0x0000000000000000        0xc Output/RTOS_Queue Debug/Obj/system_stm32f7xx.o
 .group         0x0000000000000000        0xc Output/RTOS_Queue Debug/Obj/system_stm32f7xx.o
 .group         0x0000000000000000        0xc Output/RTOS_Queue Debug/Obj/system_stm32f7xx.o
 .group         0x0000000000000000        0xc Output/RTOS_Queue Debug/Obj/system_stm32f7xx.o
 .text          0x0000000000000000        0x0 Output/RTOS_Queue Debug/Obj/system_stm32f7xx.o
 .data          0x0000000000000000        0x0 Output/RTOS_Queue Debug/Obj/system_stm32f7xx.o
 .bss           0x0000000000000000        0x0 Output/RTOS_Queue Debug/Obj/system_stm32f7xx.o
 .rodata.APBPrescTable
                0x0000000000000000        0x8 Output/RTOS_Queue Debug/Obj/system_stm32f7xx.o
 .group         0x0000000000000000        0xc Output/RTOS_Queue Debug/Obj/BSP.o
 .group         0x0000000000000000        0xc Output/RTOS_Queue Debug/Obj/BSP.o
 .group         0x0000000000000000        0xc Output/RTOS_Queue Debug/Obj/BSP.o
 .group         0x0000000000000000        0xc Output/RTOS_Queue Debug/Obj/BSP.o
 .group         0x0000000000000000        0xc Output/RTOS_Queue Debug/Obj/BSP.o
 .group         0x0000000000000000        0xc Output/RTOS_Queue Debug/Obj/BSP.o
 .group         0x0000000000000000        0xc Output/RTOS_Queue Debug/Obj/BSP.o
 .group         0x0000000000000000        0xc Output/RTOS_Queue Debug/Obj/BSP.o
[...]
Memory Configuration

Name             Origin             Length             Attributes
UNPLACED_SECTIONS 0x0000000100000000 0x0000000000000000 xw
RAM2             0x0000000020020000 0x0000000000060000 xw
RAM              0x0000000020000000 0x0000000000020000 xw
FLASH            0x0000000008000000 0x0000000000200000 xr
FLASH2           0x0000000000200000 0x0000000000200000 xr
*default*        0x0000000000000000 0xffffffffffffffff

Linker script and memory map

                0x000000000800b7d0                __vfprintf = __vfprintf_float_long
                0x0000000000000000                __vfscanf = __vfscanf_float_long
                0x0000000020020000                __RAM2_segment_start__ = 0x20020000
                0x0000000020080000                __RAM2_segment_end__ = 0x20080000
                0x0000000000060000                __RAM2_segment_size__ = 0x60000
                0x0000000020000000                __RAM_segment_start__ = 0x20000000
                0x0000000020020000                __RAM_segment_end__ = 0x20020000
                0x0000000000020000                __RAM_segment_size__ = 0x20000
                0x0000000008000000                __FLASH_segment_start__ = 0x8000000
                0x0000000008200000                __FLASH_segment_end__ = 0x8200000
                0x0000000000200000                __FLASH_segment_size__ = 0x200000
                0x0000000000200000                __FLASH2_segment_start__ = 0x200000
                0x0000000000400000                __FLASH2_segment_end__ = 0x400000
                0x0000000000200000                __FLASH2_segment_size__ = 0x200000
                0x0000000000000200                __HEAPSIZE__ = 0x200
                0x0000000000000100                __STACKSIZE_PROCESS__ = 0x100
                0x0000000000000200                __STACKSIZE__ = 0x200
                0x0000000000200000                __text2_load_start__ = ALIGN (__FLASH2_segment_start__, 0x4)

.text2          0x0000000000200000        0x0
                0x0000000000200000                __text2_start__ = .
 *(.text2 .text2.*)
                0x0000000000200000                __text2_end__ = (__text2_start__ + SIZEOF (.text2))
                0x0000000000000000                __text2_size__ = SIZEOF (.text2)
                0x0000000000200000                __text2_load_end__ = __text2_end__
                0x0000000000000001                . = ASSERT (((__text2_start__ == __text2_end__) || ((__text2_end__ - __FLASH2_segment_start__) <= __FLASH2_segment_size__)), error: .text2 is too large to fit in FLASH2 memory segment)
                0x0000000000200000                __rodata2_load_start__ = ALIGN (__text2_end__, 0x4)

.rodata2        0x0000000000200000        0x0
                0x0000000000200000                __rodata2_start__ = .
 *(.rodata2 .rodata2.*)
                0x0000000000200000                __rodata2_end__ = (__rodata2_start__ + SIZEOF (.rodata2))
                0x0000000000000000                __rodata2_size__ = SIZEOF (.rodata2)
                0x0000000000200000                __rodata2_load_end__ = __rodata2_end__
                0x0000000000000001                . = ASSERT (((__rodata2_start__ == __rodata2_end__) || ((__rodata2_end__ - __FLASH2_segment_start__) <= __FLASH2_segment_size__)), error: .rodata2 is too large to fit in FLASH2 memory segment)
                0x0000000000200000                __data2_load_start__ = ALIGN (__rodata2_end__, 0x4)

.data2          0x0000000020020000        0x0 load address 0x0000000000200000
                0x0000000020020000                __data2_start__ = .
 *(.data2 .data2.*)
                0x0000000020020000                __data2_end__ = (__data2_start__ + SIZEOF (.data2))
                0x0000000000000000                __data2_size__ = SIZEOF (.data2)
                0x0000000000200000                __data2_load_end__ = (__data2_load_start__ + SIZEOF (.data2))
                0x0000000000200000                __FLASH2_segment_used_end__ = (ALIGN (__rodata2_end__, 0x4) + SIZEOF (.data2))
                0x0000000000000000                __FLASH2_segment_used_size__ = (__FLASH2_segment_used_end__ - __FLASH2_segment_start__)
                0x0000000000000001                . = ASSERT (((__data2_load_start__ == __data2_load_end__) || ((__data2_load_end__ - __FLASH2_segment_start__) <= __FLASH2_segment_size__)), error: .data2 is too large to fit in FLASH2 memory segment)

.data2_run      0x0000000020020000        0x0
                0x0000000020020000                __data2_run_start__ = .
                0x0000000020020000                . = MAX ((__data2_run_start__ + SIZEOF (.data2)), .)
                0x0000000020020000                __data2_run_end__ = (__data2_run_start__ + SIZEOF (.data2_run))
                0x0000000000000000                __data2_run_size__ = SIZEOF (.data2_run)
                0x0000000020020000                __data2_run_load_end__ = __data2_run_end__
                0x0000000000000001                . = ASSERT (((__data2_run_start__ == __data2_run_end__) || ((__data2_run_end__ - __RAM2_segment_start__) <= __RAM2_segment_size__)), error: .data2_run is too large to fit in RAM2 memory segment)
                0x0000000020020000                __bss2_load_start__ = ALIGN (__data2_run_end__, 0x4)

.bss2           0x0000000020020000        0x0
                0x0000000020020000                __bss2_start__ = .
 *(.bss2 .bss2.*)
                0x0000000020020000                __bss2_end__ = (__bss2_start__ + SIZEOF (.bss2))
                0x0000000000000000                __bss2_size__ = SIZEOF (.bss2)
                0x0000000020020000                __bss2_load_end__ = __bss2_end__
                0x0000000020020000                __RAM2_segment_used_end__ = (ALIGN (__data2_run_end__, 0x4) + SIZEOF (.bss2))
                0x0000000000000000                __RAM2_segment_used_size__ = (__RAM2_segment_used_end__ - __RAM2_segment_start__)
                0x0000000000000001                . = ASSERT (((__bss2_start__ == __bss2_end__) || ((__bss2_end__ - __RAM2_segment_start__) <= __RAM2_segment_size__)), error: .bss2 is too large to fit in RAM2 memory segment)
                0x0000000020000000                __vectors_ram_load_start__ = ALIGN (__RAM_segment_start__, 0x100)

.vectors_ram    0x0000000020000000        0x0
                0x0000000020000000                __vectors_ram_start__ = .
 *(.vectors_ram .vectors_ram.*)
                0x0000000020000000                __vectors_ram_end__ = (__vectors_ram_start__ + SIZEOF (.vectors_ram))
                0x0000000000000000                __vectors_ram_size__ = SIZEOF (.vectors_ram)
                0x0000000020000000                __vectors_ram_load_end__ = __vectors_ram_end__
                0x0000000000000001                . = ASSERT (((__vectors_ram_start__ == __vectors_ram_end__) || ((__vectors_ram_end__ - __RAM_segment_start__) <= __RAM_segment_size__)), error: .vectors_ram is too large to fit in RAM memory segment)
                0x0000000008000000                __vectors_load_start__ = ALIGN (__FLASH_segment_start__, 0x100)

.vectors        0x0000000008000000      0x1f8
                0x0000000008000000                __vectors_start__ = .
 *(.vectors .vectors.*)
 .vectors       0x0000000008000000      0x1f8 Output/RTOS_Queue Debug/Obj/STM32F7x5_v1r1_Vectors.o
                0x0000000008000000                _vectors
                0x00000000080001f8                __vectors_end__ = (__vectors_start__ + SIZEOF (.vectors))
                0x00000000000001f8                __vectors_size__ = SIZEOF (.vectors)
                0x00000000080001f8                __vectors_load_end__ = __vectors_end__
                0x0000000000000001                . = ASSERT (((__vectors_start__ == __vectors_end__) || ((__vectors_end__ - __FLASH_segment_start__) <= __FLASH_segment_size__)), error: .vectors is too large to fit in FLASH memory segment)
                0x00000000080001f8                __init_load_start__ = ALIGN (__vectors_end__, 0x4)

.init           0x00000000080001f8      0x264
                0x00000000080001f8                __init_start__ = .
 *(.init .init.*)
 .init          0x00000000080001f8       0xe4 Output/RTOS_Queue Debug/Obj/STM32F7x5_v1r1_Vectors.o
                0x00000000080001f8                NMI_Handler
                0x0000000008000204                WWDG_IRQHandler
                0x0000000008000206                PVD_IRQHandler
                0x0000000008000208                TAMP_STAMP_IRQHandler
                0x000000000800020a                RTC_WKUP_IRQHandler
                0x000000000800020c                FLASH_IRQHandler
                0x000000000800020e                RCC_IRQHandler
                0x0000000008000228                ADC_IRQHandler
                0x000000000800022a                CAN1_TX_IRQHandler
                0x000000000800022c                CAN1_RX0_IRQHandler
                0x000000000800022e                CAN1_RX1_IRQHandler
                0x0000000008000230                CAN1_SCE_IRQHandler
                0x000000000800023a                TIM1_CC_IRQHandler
                0x0000000008000244                I2C1_ER_IRQHandler
                0x0000000008000248                I2C2_ER_IRQHandler
                0x0000000008000256                RTC_ALARM_IRQHandler
                0x0000000008000258                OTG_FS_WKUP_IRQHandler
                0x0000000008000260                TIM8_CC_IRQHandler
                0x0000000008000264                FMC_IRQHandler
                0x0000000008000266                SDMMC1_IRQHandler
                0x000000000800026c                UART4_IRQHandler
                0x000000000800026e                UART5_IRQHandler
                0x000000000800027e                ETH_IRQHandler
                0x0000000008000280                ETH_WKUP_IRQHandler
                0x0000000008000282                CAN2_TX_IRQHandler
                0x0000000008000284                CAN2_RX0_IRQHandler
                0x0000000008000286                CAN2_RX1_IRQHandler
                0x0000000008000288                CAN2_SCE_IRQHandler
                0x000000000800028a                OTG_FS_IRQHandler
                0x0000000008000296                I2C3_ER_IRQHandler
                0x0000000008000298                OTG_HS_EP1_OUT_IRQHandler
                0x000000000800029a                OTG_HS_EP1_IN_IRQHandler
                0x000000000800029c                OTG_HS_WKUP_IRQHandler
                0x000000000800029e                OTG_HS_IRQHandler
                0x00000000080002a0                DCMI_IRQHandler
                0x00000000080002a2                RNG_IRQHandler
                0x00000000080002a4                FPU_IRQHandler
                0x00000000080002a6                UART7_IRQHandler
                0x00000000080002a8                UART8_IRQHandler
                0x00000000080002ae                SPI6_IRQHandler
                0x00000000080002b0                SAI1_IRQHandler
                0x00000000080002b2                LCD_TFT_IRQHandler
                0x00000000080002b4                LTDC_ER_IRQHandler
                0x00000000080002b6                DMA2D_IRQHandler
                0x00000000080002b8                SAI2_IRQHandler
                0x00000000080002ba                QUADSPI_IRQHandler
                0x00000000080002bc                LPTIM1_IRQHandler
                0x00000000080002be                CEC_IRQHandler
                0x00000000080002c0                I2C4_EV_IRQHandler
                0x00000000080002c2                I2C4_ER_IRQHandler
                0x00000000080002c4                SPDIF_RX_IRQHandler
                0x00000000080002c6                DFSDM1_FLT0_IRQHandler
                0x00000000080002c8                DFSDM1_FLT1_IRQHandler
                0x00000000080002ca                DFSDM1_FLT2_IRQHandler
                0x00000000080002cc                DFSDM1_FLT3_IRQHandler
                0x00000000080002ce                SDMMC2_IRQHandler
                0x00000000080002d0                CAN3_TX_IRQHandler
                0x00000000080002d2                CAN3_RX0_IRQHandler
                0x00000000080002d4                CAN3_RX1_IRQHandler
                0x00000000080002d6                CAN3_SCE_IRQHandler
                0x00000000080002d8                MDIOS_IRQHandler
 .init          0x00000000080002dc       0x28 Output/RTOS_Queue Debug/Obj/STM32F7xx_Startup.o
                0x00000000080002dc                Reset_Handler
 .init          0x0000000008000304      0x158 Output/RTOS_Queue Debug/Obj/thumb_crt0.o
                0x0000000008000304                _start
                0x00000000080003b6                exit
                0x000000000800045c                __init_end__ = (__init_start__ + SIZEOF (.init))
                0x0000000000000264                __init_size__ = SIZEOF (.init)
                0x000000000800045c                __init_load_end__ = __init_end__
                0x0000000000000001                . = ASSERT (((__init_start__ == __init_end__) || ((__init_end__ - __FLASH_segment_start__) <= __FLASH_segment_size__)), error: .init is too large to fit in FLASH memory segment)
                0x000000000800045c                __init_rodata_load_start__ = ALIGN (__init_end__, 0x4)

.init_rodata    0x000000000800045c        0x0
                0x000000000800045c                __init_rodata_start__ = .
 *(.init_rodata .init_rodata.*)
                0x000000000800045c                __init_rodata_end__ = (__init_rodata_start__ + SIZEOF (.init_rodata))
                0x0000000000000000                __init_rodata_size__ = SIZEOF (.init_rodata)
                0x000000000800045c                __init_rodata_load_end__ = __init_rodata_end__
                0x0000000000000001                . = ASSERT (((__init_rodata_start__ == __init_rodata_end__) || ((__init_rodata_end__ - __FLASH_segment_start__) <= __FLASH_segment_size__)), error: .init_rodata is too large to fit in FLASH memory segment)
                0x000000000800045c                __text_load_start__ = ALIGN (__init_rodata_end__, 0x4)

.text           0x000000000800045c     0xe4c4
                0x000000000800045c                __text_start__ = .
 *(.text .text.* .glue_7t .glue_7 .gnu.linkonce.t.* .gcc_except_table .ARM.extab* .gnu.linkonce.armextab.*)
 .glue_7        0x000000000800045c        0x0 linker stubs
 .glue_7t       0x000000000800045c        0x0 linker stubs
 .text.SystemInit
                0x000000000800045c       0x50 Output/RTOS_Queue Debug/Obj/system_stm32f7xx.o
                0x000000000800045c                SystemInit
 .text.SystemCoreClockUpdate
                0x00000000080004ac       0xa0 Output/RTOS_Queue Debug/Obj/system_stm32f7xx.o
                0x00000000080004ac                SystemCoreClockUpdate
 .text.BSPInit  0x000000000800054c       0xac Output/RTOS_Queue Debug/Obj/BSP.o
                0x000000000800054c                BSPInit
 .text.HardFault_Handler
                0x00000000080005f8       0x20 Output/RTOS_Queue Debug/Obj/BSP.o
                0x00000000080005f8                HardFault_Handler
 .text.IRQInit  0x0000000008000618       0x28 Output/RTOS_Queue Debug/Obj/IRQ.o
                0x0000000008000618                IRQInit
 .text.EXTI0_IRQHandler
                0x0000000008000640        0xc Output/RTOS_Queue Debug/Obj/IRQ.o
                0x0000000008000640                EXTI0_IRQHandler
 .text.EXTI1_IRQHandler
                0x000000000800064c        0xc Output/RTOS_Queue Debug/Obj/IRQ.o
                0x000000000800064c                EXTI1_IRQHandler
 .text.EXTI2_IRQHandler
                0x0000000008000658        0xc Output/RTOS_Queue Debug/Obj/IRQ.o
                0x0000000008000658                EXTI2_IRQHandler
 .text.EXTI3_IRQHandler
                0x0000000008000664        0xc Output/RTOS_Queue Debug/Obj/IRQ.o
                0x0000000008000664                EXTI3_IRQHandler
 .text.EXTI4_IRQHandler
                0x0000000008000670        0xc Output/RTOS_Queue Debug/Obj/IRQ.o
                0x0000000008000670                EXTI4_IRQHandler
 .text.EXTI9_5_IRQHandler
                0x000000000800067c       0x4c Output/RTOS_Queue Debug/Obj/IRQ.o
                0x000000000800067c                EXTI9_5_IRQHandler
 .text.EXTI15_10_IRQHandler
                0x00000000080006c8       0x90 Output/RTOS_Queue Debug/Obj/IRQ.o
                0x00000000080006c8                EXTI15_10_IRQHandler
 .text.ClockSetWaitStates
                0x0000000008000758       0xb0 Output/RTOS_Queue Debug/Obj/Clock.o
                0x0000000008000758                ClockSetWaitStates
 .text.ClockInit
                0x0000000008000808       0xd8 Output/RTOS_Queue Debug/Obj/Clock.o
                0x0000000008000808                ClockInit
 .text.PortInit
                0x00000000080008e0      0x8b4 Output/RTOS_Queue Debug/Obj/Hal.o
                0x00000000080008e0                PortInit
 .text.x_putchar
                0x0000000008001194        0x8 Output/RTOS_Queue Debug/Obj/Retarget.o
                0x0000000008001194                x_putchar
 .text.lcd_cbSpiDone
                0x000000000800119c       0x28 Output/RTOS_Queue Debug/Obj/LCD_ST7735R.o
 .text.lcd_Delayms
                0x00000000080011c4       0x2c Output/RTOS_Queue Debug/Obj/LCD_ST7735R.o
 .text.lcd_WriteData
                0x00000000080011f0       0x6c Output/RTOS_Queue Debug/Obj/LCD_ST7735R.o
 .text.lcd_WriteMultipleByte
                0x000000000800125c       0x64 Output/RTOS_Queue Debug/Obj/LCD_ST7735R.o
 .text.lcd_WriteCmd
                0x00000000080012c0       0x6c Output/RTOS_Queue Debug/Obj/LCD_ST7735R.o
 .text.LcdInit  0x000000000800132c      0x294 Output/RTOS_Queue Debug/Obj/LCD_ST7735R.o
                0x000000000800132c                LcdInit
 .text.LCD_GetSize
                0x00000000080015c0       0x18 Output/RTOS_Queue Debug/Obj/LCD_ST7735R.o
                0x00000000080015c0                LCD_GetSize
 .text.LCD_AddCallback
                0x00000000080015d8        0xc Output/RTOS_Queue Debug/Obj/LCD_ST7735R.o
                0x00000000080015d8                LCD_AddCallback
 .text.LCD_WriteDataPixel
                0x00000000080015e4       0x74 Output/RTOS_Queue Debug/Obj/LCD_ST7735R.o
                0x00000000080015e4                LCD_WriteDataPixel
 .text.UartUnlock
                0x0000000008001658       0x24 Output/RTOS_Queue Debug/Obj/Usart.o
 .text.UartLock
                0x000000000800167c       0x2c Output/RTOS_Queue Debug/Obj/Usart.o
 .text.UartRxEnd
                0x00000000080016a8       0x28 Output/RTOS_Queue Debug/Obj/Usart.o
 .text.UartTxEnd
                0x00000000080016d0       0x28 Output/RTOS_Queue Debug/Obj/Usart.o
 .text.UartIsRxReady
                0x00000000080016f8       0x2c Output/RTOS_Queue Debug/Obj/Usart.o
 .text.UartIsTxReady
                0x0000000008001724       0x2c Output/RTOS_Queue Debug/Obj/Usart.o
 .text.UartIsTxEnd
                0x0000000008001750       0x2c Output/RTOS_Queue Debug/Obj/Usart.o
 .text.UartRead
                0x000000000800177c       0x24 Output/RTOS_Queue Debug/Obj/Usart.o
 .text.UartWrite
                0x00000000080017a0       0x28 Output/RTOS_Queue Debug/Obj/Usart.o
 .text.UartLoopback
                0x00000000080017c8       0x20 Output/RTOS_Queue Debug/Obj/Usart.o
 .text.UartSetIrqLevel
                0x00000000080017e8       0x44 Output/RTOS_Queue Debug/Obj/Usart.o
 .text.UartSetCfg
                0x000000000800182c       0xd4 Output/RTOS_Queue Debug/Obj/Usart.o
 .text.UartSetBaud
                0x0000000008001900      0x17c Output/RTOS_Queue Debug/Obj/Usart.o
 .text.UartInit
                0x0000000008001a7c      0x198 Output/RTOS_Queue Debug/Obj/Usart.o
 .text.UartDmaRx
                0x0000000008001c14       0x80 Output/RTOS_Queue Debug/Obj/Usart.o
 .text.UartDmaTx
                0x0000000008001c94       0x60 Output/RTOS_Queue Debug/Obj/Usart.o
 .text.uart_Handler
                0x0000000008001cf4       0x5c Output/RTOS_Queue Debug/Obj/Usart.o
 .text.USART1_IRQHandler
                0x0000000008001d50       0x24 Output/RTOS_Queue Debug/Obj/Usart.o
                0x0000000008001d50                USART1_IRQHandler
 .text.USART2_IRQHandler
                0x0000000008001d74       0x24 Output/RTOS_Queue Debug/Obj/Usart.o
                0x0000000008001d74                USART2_IRQHandler
 .text.USART3_IRQHandler
                0x0000000008001d98       0x24 Output/RTOS_Queue Debug/Obj/Usart.o
                0x0000000008001d98                USART3_IRQHandler
 .text.USART6_IRQHandler
                0x0000000008001dbc       0x24 Output/RTOS_Queue Debug/Obj/Usart.o
                0x0000000008001dbc                USART6_IRQHandler
 .text.enc_cbOnTimer
                0x0000000008001de0       0x58 Output/RTOS_Queue Debug/Obj/Encoder.o
 .text.ShaftEncoderInit
                0x0000000008001e38       0x88 Output/RTOS_Queue Debug/Obj/Encoder.o
                0x0000000008001e38                ShaftEncoderInit
 .text.ShaftEncoderCfg
                0x0000000008001ec0       0x70 Output/RTOS_Queue Debug/Obj/Encoder.o
                0x0000000008001ec0                ShaftEncoderCfg
 .text.ShaftEncoderChangeInterval
                0x0000000008001f30       0xbc Output/RTOS_Queue Debug/Obj/Encoder.o
                0x0000000008001f30                ShaftEncoderChangeInterval
 .text.ShaftEncoderAdd
                0x0000000008001fec       0x3c Output/RTOS_Queue Debug/Obj/Encoder.o
                0x0000000008001fec                ShaftEncoderAdd
 .text.ShaftEncoderReset
                0x0000000008002028       0x20 Output/RTOS_Queue Debug/Obj/Encoder.o
                0x0000000008002028                ShaftEncoderReset
 .text.ShaftEncoderLinkCCM
                0x0000000008002048       0x2c Output/RTOS_Queue Debug/Obj/Encoder.o
                0x0000000008002048                ShaftEncoderLinkCCM
 .text.ShaftEncoderReadRPM
                0x0000000008002074       0x1c Output/RTOS_Queue Debug/Obj/Encoder.o
                0x0000000008002074                ShaftEncoderReadRPM
 .text.PWMInit  0x0000000008002090      0x1c0 Output/RTOS_Queue Debug/Obj/Pwm.o
                0x0000000008002090                PWMInit
 .text.PWMEnable
                0x0000000008002250      0x144 Output/RTOS_Queue Debug/Obj/Pwm.o
                0x0000000008002250                PWMEnable
 .text.PWMDisable
                0x0000000008002394       0x5c Output/RTOS_Queue Debug/Obj/Pwm.o
                0x0000000008002394                PWMDisable
 .text.PIDCtrlInit
                0x00000000080023f0       0x4c Output/RTOS_Queue Debug/Obj/PID.o
                0x00000000080023f0                PIDCtrlInit
 .text.PIDRestart
                0x000000000800243c       0x22 Output/RTOS_Queue Debug/Obj/PID.o
                0x000000000800243c                PIDRestart
 .text.PIDCtrlSetTargetValue
                0x000000000800245e        0x4 Output/RTOS_Queue Debug/Obj/PID.o
                0x000000000800245e                PIDCtrlSetTargetValue
 .text.PIDCtrlOutputConfig
                0x0000000008002462        0xa Output/RTOS_Queue Debug/Obj/PID.o
                0x0000000008002462                PIDCtrlOutputConfig
 *fill*         0x000000000800246c        0x4 
 .text.PIDOnTimer
                0x0000000008002470      0x1c4 Output/RTOS_Queue Debug/Obj/PID.o
                0x0000000008002470                PIDOnTimer
 .text.PIDCtrlSetParam
                0x0000000008002634       0x28 Output/RTOS_Queue Debug/Obj/PID.o
                0x0000000008002634                PIDCtrlSetParam
 .text.CCMInit  0x000000000800265c      0x100 Output/RTOS_Queue Debug/Obj/Ccm.o
                0x000000000800265c                CCMInit
 .text.CCMEncoderMode
                0x000000000800275c       0xf8 Output/RTOS_Queue Debug/Obj/Ccm.o
                0x000000000800275c                CCMEncoderMode
 .text.CCMReadCountAutoReset
                0x0000000008002854       0x34 Output/RTOS_Queue Debug/Obj/Ccm.o
                0x0000000008002854                CCMReadCountAutoReset
 .text.TerminalInit
                0x0000000008002888       0x10 Output/RTOS_Queue Debug/Obj/term.o
                0x0000000008002888                TerminalInit
 .text.TerminalAckToHost
                0x0000000008002898       0x4c Output/RTOS_Queue Debug/Obj/term.o
                0x0000000008002898                TerminalAckToHost
 .text.TerminalParse
                0x00000000080028e4       0x7c Output/RTOS_Queue Debug/Obj/term.o
                0x00000000080028e4                TerminalParse
 .text.MotorsInit
                0x0000000008002960       0x14 Output/RTOS_Queue Debug/Obj/motors.o
                0x0000000008002960                MotorsInit
 .text.MotorsMoveFront
                0x0000000008002974       0xc0 Output/RTOS_Queue Debug/Obj/motors.o
                0x0000000008002974                MotorsMoveFront
 .text.MotorsMoveBack
                0x0000000008002a34       0xc4 Output/RTOS_Queue Debug/Obj/motors.o
                0x0000000008002a34                MotorsMoveBack
 .text.MotorsMoveLeft
                0x0000000008002af8       0xc0 Output/RTOS_Queue Debug/Obj/motors.o
                0x0000000008002af8                MotorsMoveLeft
 .text.MotorsMoveRight
                0x0000000008002bb8       0xc0 Output/RTOS_Queue Debug/Obj/motors.o
                0x0000000008002bb8                MotorsMoveRight
 .text.MotorsMoveFrontLeft
                0x0000000008002c78       0x8c Output/RTOS_Queue Debug/Obj/motors.o
                0x0000000008002c78                MotorsMoveFrontLeft
 .text.MotorsMoveBackLeft
                0x0000000008002d04       0x94 Output/RTOS_Queue Debug/Obj/motors.o
                0x0000000008002d04                MotorsMoveBackLeft
 .text.MotorsMoveBackRight
                0x0000000008002d98       0x90 Output/RTOS_Queue Debug/Obj/motors.o
                0x0000000008002d98                MotorsMoveBackRight
 .text.MotorsMoveFrontRight
                0x0000000008002e28       0x90 Output/RTOS_Queue Debug/Obj/motors.o
                0x0000000008002e28                MotorsMoveFrontRight
 .text.MotorsRotateRight
                0x0000000008002eb8       0xc0 Output/RTOS_Queue Debug/Obj/motors.o
                0x0000000008002eb8                MotorsRotateRight
 .text.MotorsRotateLeft
                0x0000000008002f78       0xc0 Output/RTOS_Queue Debug/Obj/motors.o
                0x0000000008002f78                MotorsRotateLeft
 .text.MotorsStop
                0x0000000008003038       0x6c Output/RTOS_Queue Debug/Obj/motors.o
                0x0000000008003038                MotorsStop
 .text.MotorsSetPIDParams
                0x00000000080030a4       0x90 Output/RTOS_Queue Debug/Obj/motors.o
                0x00000000080030a4                MotorsSetPIDParams
 *fill*         0x0000000008003134        0x4 
 .text.MotorsPIDConfig
                0x0000000008003138      0x1a8 Output/RTOS_Queue Debug/Obj/motors.o
                0x0000000008003138                MotorsPIDConfig
 .text.MotorsRunPID
                0x00000000080032e0       0x18 Output/RTOS_Queue Debug/Obj/motors.o
                0x00000000080032e0                MotorsRunPID
 .text.MotorReadPWM
                0x00000000080032f8       0x14 Output/RTOS_Queue Debug/Obj/motors.o
                0x00000000080032f8                MotorReadPWM
 .text.MotorsPIDReset
                0x000000000800330c       0x30 Output/RTOS_Queue Debug/Obj/motors.o
                0x000000000800330c                MotorsPIDReset
 .text.Motor1SetTargetSpeed
                0x000000000800333c       0x10 Output/RTOS_Queue Debug/Obj/motors.o
                0x000000000800333c                Motor1SetTargetSpeed
 .text.Motor2SetTargetSpeed
                0x000000000800334c       0x10 Output/RTOS_Queue Debug/Obj/motors.o
                0x000000000800334c                Motor2SetTargetSpeed
 .text.Motor3SetTargetSpeed
                0x000000000800335c       0x10 Output/RTOS_Queue Debug/Obj/motors.o
                0x000000000800335c                Motor3SetTargetSpeed
 .text.Motor4SetTargetSpeed
                0x000000000800336c       0x10 Output/RTOS_Queue Debug/Obj/motors.o
                0x000000000800336c                Motor4SetTargetSpeed
 .text.MotorsSetTargetSpeed
                0x000000000800337c       0x1c Output/RTOS_Queue Debug/Obj/motors.o
                0x000000000800337c                MotorsSetTargetSpeed
 .text.imu_invSqrt
                0x0000000008003398       0x40 Output/RTOS_Queue Debug/Obj/imu.o
 .text.ImuInit  0x00000000080033d8       0x40 Output/RTOS_Queue Debug/Obj/imu.o
                0x00000000080033d8                ImuInit
 .text.ImuUpdateAcclGyro
                0x0000000008003418      0x30c Output/RTOS_Queue Debug/Obj/imu.o
                0x0000000008003418                ImuUpdateAcclGyro
 .text.ImuComputeResult
                0x0000000008003724       0xdc Output/RTOS_Queue Debug/Obj/imu.o
                0x0000000008003724                ImuComputeResult
 .text.mpu_cbI2cOnDone
                0x0000000008003800        0xc Output/RTOS_Queue Debug/Obj/PololuV5.o
 .text.mpu_TimerTick
                0x000000000800380c       0x14 Output/RTOS_Queue Debug/Obj/PololuV5.o
 .text.mpu_WaitReady
                0x0000000008003820       0x30 Output/RTOS_Queue Debug/Obj/PololuV5.o
 .text.main_Delayms
                0x0000000008003850       0x2c Output/RTOS_Queue Debug/Obj/PololuV5.o
 .text.ImuPololuInit
                0x000000000800387c      0x270 Output/RTOS_Queue Debug/Obj/PololuV5.o
                0x000000000800387c                ImuPololuInit
 .text.ImuPololuReadData
                0x0000000008003aec       0xd8 Output/RTOS_Queue Debug/Obj/PololuV5.o
                0x0000000008003aec                ImuPololuReadData
 .text.ips_cbOnSpiDone
                0x0000000008003bc4        0xc Output/RTOS_Queue Debug/Obj/ips.o
 .text.IpsInit  0x0000000008003bd0      0x128 Output/RTOS_Queue Debug/Obj/ips.o
                0x0000000008003bd0                IpsInit
 .text.IPSSysTimeout1msTimer
                0x0000000008003cf8       0x14 Output/RTOS_Queue Debug/Obj/ips.o
                0x0000000008003cf8                IPSSysTimeout1msTimer
 .text.readfromspi
                0x0000000008003d0c       0x9c Output/RTOS_Queue Debug/Obj/ips.o
                0x0000000008003d0c                readfromspi
 .text.writetospi
                0x0000000008003da8       0xd4 Output/RTOS_Queue Debug/Obj/ips.o
                0x0000000008003da8                writetospi
 .text.IPSGetDistance
                0x0000000008003e7c       0x10 Output/RTOS_Queue Debug/Obj/ips.o
                0x0000000008003e7c                IPSGetDistance
 *fill*         0x0000000008003e8c        0x4 
 .text.IPSDistMat
                0x0000000008003e90      0x16c Output/RTOS_Queue Debug/Obj/ips.o
                0x0000000008003e90                IPSDistMat
 *fill*         0x0000000008003ffc        0x4 
 .text.IpsTimer
                0x0000000008004000      0x238 Output/RTOS_Queue Debug/Obj/ips.o
                0x0000000008004000                IpsTimer
 .text.EXTI7_UWB_INT_IRQHandler
                0x0000000008004238        0xc Output/RTOS_Queue Debug/Obj/ips.o
                0x0000000008004238                EXTI7_UWB_INT_IRQHandler
 .text.decamutexon
                0x0000000008004244       0x14 Output/RTOS_Queue Debug/Obj/ips.o
                0x0000000008004244                decamutexon
 .text.decamutexoff
                0x0000000008004258       0x10 Output/RTOS_Queue Debug/Obj/ips.o
                0x0000000008004258                decamutexoff
 .text.deca_Delayms
                0x0000000008004268       0x2c Output/RTOS_Queue Debug/Obj/deca_device.o
 .text.dwt_writetodevice
                0x0000000008004294       0x44 Output/RTOS_Queue Debug/Obj/deca_device.o
                0x0000000008004294                dwt_writetodevice
 .text.DWT_WriteTxData
                0x00000000080042d8       0x22 Output/RTOS_Queue Debug/Obj/deca_device.o
                0x00000000080042d8                DWT_WriteTxData
 *fill*         0x00000000080042fa        0x2 
 .text.dwt_readfromdevice
                0x00000000080042fc       0x5c Output/RTOS_Queue Debug/Obj/deca_device.o
                0x00000000080042fc                dwt_readfromdevice
 .text.dwt_EnableClocks
                0x0000000008004358       0xf2 Output/RTOS_Queue Debug/Obj/deca_device.o
 .text.DWT_ReadRxData
                0x000000000800444a       0x12 Output/RTOS_Queue Debug/Obj/deca_device.o
                0x000000000800444a                DWT_ReadRxData
 .text.dwt_readcarrierintegrator
                0x000000000800445c       0x44 Output/RTOS_Queue Debug/Obj/deca_device.o
                0x000000000800445c                dwt_readcarrierintegrator
 .text.dwt_read32bitoffsetreg
                0x00000000080044a0       0x28 Output/RTOS_Queue Debug/Obj/deca_device.o
                0x00000000080044a0                dwt_read32bitoffsetreg
 .text.DWT_ReadDevID
                0x00000000080044c8        0xc Output/RTOS_Queue Debug/Obj/deca_device.o
                0x00000000080044c8                DWT_ReadDevID
 .text.DWT_ReadTxTimeStamplo32
                0x00000000080044d4        0xc Output/RTOS_Queue Debug/Obj/deca_device.o
                0x00000000080044d4                DWT_ReadTxTimeStamplo32
 .text.DWT_ReadRxTimeStamplo32
                0x00000000080044e0        0xc Output/RTOS_Queue Debug/Obj/deca_device.o
                0x00000000080044e0                DWT_ReadRxTimeStamplo32
 .text.dwt_read16bitoffsetreg
                0x00000000080044ec       0x24 Output/RTOS_Queue Debug/Obj/deca_device.o
                0x00000000080044ec                dwt_read16bitoffsetreg
 .text.dwt_read8bitoffsetreg
                0x0000000008004510       0x1c Output/RTOS_Queue Debug/Obj/deca_device.o
                0x0000000008004510                dwt_read8bitoffsetreg
 .text.dwt_write8bitoffsetreg
                0x000000000800452c       0x1c Output/RTOS_Queue Debug/Obj/deca_device.o
                0x000000000800452c                dwt_write8bitoffsetreg
 .text.dwt_AonArrayUpload
                0x0000000008004548       0x18 Output/RTOS_Queue Debug/Obj/deca_device.o
 .text.dwt_write16bitoffsetreg
                0x0000000008004560       0x20 Output/RTOS_Queue Debug/Obj/deca_device.o
                0x0000000008004560                dwt_write16bitoffsetreg
 .text.dwt_OtpRead
                0x0000000008004580       0x2a Output/RTOS_Queue Debug/Obj/deca_device.o
 .text.dwt_LoadUcodeFromROM
                0x00000000080045aa       0x22 Output/RTOS_Queue Debug/Obj/deca_device.o
 .text.dwt_Configlde
                0x00000000080045cc       0x32 Output/RTOS_Queue Debug/Obj/deca_device.o
 .text.DWT_SetRxAntennaDelay
                0x00000000080045fe       0x10 Output/RTOS_Queue Debug/Obj/deca_device.o
                0x00000000080045fe                DWT_SetRxAntennaDelay
 .text.DWT_SetTxAntennaDelay
                0x000000000800460e        0xe Output/RTOS_Queue Debug/Obj/deca_device.o
                0x000000000800460e                DWT_SetTxAntennaDelay
 .text.dwt_write32bitoffsetreg
                0x000000000800461c       0x26 Output/RTOS_Queue Debug/Obj/deca_device.o
                0x000000000800461c                dwt_write32bitoffsetreg
 *fill*         0x0000000008004642        0x2 
 .text.DWT_Config
                0x0000000008004644      0x234 Output/RTOS_Queue Debug/Obj/deca_device.o
                0x0000000008004644                DWT_Config
 .text.DWT_WriteTxFrameCtrl
                0x0000000008004878       0x30 Output/RTOS_Queue Debug/Obj/deca_device.o
                0x0000000008004878                DWT_WriteTxFrameCtrl
 .text.DWT_EnableFrameFilter
                0x00000000080048a8       0x50 Output/RTOS_Queue Debug/Obj/deca_device.o
                0x00000000080048a8                DWT_EnableFrameFilter
 .text.DWT_SetPanID
                0x00000000080048f8       0x20 Output/RTOS_Queue Debug/Obj/deca_device.o
                0x00000000080048f8                DWT_SetPanID
 .text.DWT_SetAddr16
                0x0000000008004918        0xe Output/RTOS_Queue Debug/Obj/deca_device.o
                0x0000000008004918                DWT_SetAddr16
 *fill*         0x0000000008004926        0x2 
 .text.dwt_setrxaftertxdelay
                0x0000000008004928       0x24 Output/RTOS_Queue Debug/Obj/deca_device.o
                0x0000000008004928                dwt_setrxaftertxdelay
 .text.DWT_SetLEDs
                0x000000000800494c       0x78 Output/RTOS_Queue Debug/Obj/deca_device.o
                0x000000000800494c                DWT_SetLEDs
 .text._dwt_disablesequencing
                0x00000000080049c4       0x14 Output/RTOS_Queue Debug/Obj/deca_device.o
                0x00000000080049c4                _dwt_disablesequencing
 .text.DWT_StartTx
                0x00000000080049d8       0x80 Output/RTOS_Queue Debug/Obj/deca_device.o
                0x00000000080049d8                DWT_StartTx
 .text.DWT_SyncRxBufPtrs
                0x0000000008004a58       0x22 Output/RTOS_Queue Debug/Obj/deca_device.o
                0x0000000008004a58                DWT_SyncRxBufPtrs
 *fill*         0x0000000008004a7a        0x2 
 .text.DWT_ForceTrxOff
                0x0000000008004a7c       0x68 Output/RTOS_Queue Debug/Obj/deca_device.o
                0x0000000008004a7c                DWT_ForceTrxOff
 .text.DWT_EnableInterrupt
                0x0000000008004ae4       0x30 Output/RTOS_Queue Debug/Obj/deca_device.o
                0x0000000008004ae4                DWT_EnableInterrupt
 .text.DWT_SoftReset
                0x0000000008004b14       0x58 Output/RTOS_Queue Debug/Obj/deca_device.o
                0x0000000008004b14                DWT_SoftReset
 .text.dwt_setxtaltrim
                0x0000000008004b6c       0x14 Output/RTOS_Queue Debug/Obj/deca_device.o
                0x0000000008004b6c                dwt_setxtaltrim
 .text.DWT_Init
                0x0000000008004b80       0xf0 Output/RTOS_Queue Debug/Obj/deca_device.o
                0x0000000008004b80                DWT_Init
 .text.MatrixInverse
                0x0000000008004c70       0xb8 Output/RTOS_Queue Debug/Obj/matrix.o
                0x0000000008004c70                MatrixInverse
 .text.MatrixMultiply
                0x0000000008004d28       0x7e Output/RTOS_Queue Debug/Obj/matrix.o
                0x0000000008004d28                MatrixMultiply
 *fill*         0x0000000008004da6        0x2 
 .text.buf_Push
                0x0000000008004da8       0x50 Output/RTOS_Queue Debug/Obj/Serial.o
 .text.buf_Pull
                0x0000000008004df8       0x6c Output/RTOS_Queue Debug/Obj/Serial.o
 .text.SerialInit
                0x0000000008004e64       0x38 Output/RTOS_Queue Debug/Obj/Serial.o
                0x0000000008004e64                SerialInit
 .text.SerialBuffer
                0x0000000008004e9c       0x24 Output/RTOS_Queue Debug/Obj/Serial.o
                0x0000000008004e9c                SerialBuffer
 .text.SerialConfig
                0x0000000008004ec0       0x24 Output/RTOS_Queue Debug/Obj/Serial.o
                0x0000000008004ec0                SerialConfig
 .text.SerialAddCallback
                0x0000000008004ee4       0x24 Output/RTOS_Queue Debug/Obj/Serial.o
                0x0000000008004ee4                SerialAddCallback
 .text.SerialWriteEx
                0x0000000008004f08       0x58 Output/RTOS_Queue Debug/Obj/Serial.o
                0x0000000008004f08                SerialWriteEx
 .text.SerialRead
                0x0000000008004f60       0x58 Output/RTOS_Queue Debug/Obj/Serial.o
                0x0000000008004f60                SerialRead
 .text.SerialIsTxReady
                0x0000000008004fb8       0x40 Output/RTOS_Queue Debug/Obj/Serial.o
                0x0000000008004fb8                SerialIsTxReady
 .text.SerialIsRxReady
                0x0000000008004ff8       0x28 Output/RTOS_Queue Debug/Obj/Serial.o
                0x0000000008004ff8                SerialIsRxReady
 .text.UartIsrTx
                0x0000000008005020       0x4c Output/RTOS_Queue Debug/Obj/Serial.o
                0x0000000008005020                UartIsrTx
 .text.UartIsrRx
                0x000000000800506c       0x74 Output/RTOS_Queue Debug/Obj/Serial.o
                0x000000000800506c                UartIsrRx
 .text.sonic_cbOnTimer
                0x00000000080050e0       0x84 Output/RTOS_Queue Debug/Obj/UltraSound.o
 .text.USonicInit
                0x0000000008005164       0x60 Output/RTOS_Queue Debug/Obj/UltraSound.o
                0x0000000008005164                USonicInit
 .text.UsonicAddDevice
                0x00000000080051c4       0x74 Output/RTOS_Queue Debug/Obj/UltraSound.o
                0x00000000080051c4                UsonicAddDevice
 .text.USonicTrigger
                0x0000000008005238       0x2c Output/RTOS_Queue Debug/Obj/UltraSound.o
                0x0000000008005238                USonicTrigger
 .text.USonicRead
                0x0000000008005264       0x1c Output/RTOS_Queue Debug/Obj/UltraSound.o
                0x0000000008005264                USonicRead
 .text.UsonicISR
                0x0000000008005280       0x70 Output/RTOS_Queue Debug/Obj/UltraSound.o
                0x0000000008005280                UsonicISR
 .text.main_cbUS1OnTrigger
                0x00000000080052f0       0x1c Output/RTOS_Queue Debug/Obj/main.o
 .text.main_cbUS2OnTrigger
                0x000000000800530c       0x1c Output/RTOS_Queue Debug/Obj/main.o
 .text.main_cbUS3OnTrigger
                0x0000000008005328       0x1c Output/RTOS_Queue Debug/Obj/main.o
 .text.main_cbUS4OnTrigger
                0x0000000008005344       0x1c Output/RTOS_Queue Debug/Obj/main.o
 .text.main_cbUS5OnTrigger
                0x0000000008005360       0x1c Output/RTOS_Queue Debug/Obj/main.o
 .text.main_cbUS6OnTrigger
                0x000000000800537c       0x1c Output/RTOS_Queue Debug/Obj/main.o
 .text.main_cbUS7OnTrigger
                0x0000000008005398       0x1c Output/RTOS_Queue Debug/Obj/main.o
 .text.main_cbUS8OnTrigger
                0x00000000080053b4       0x1c Output/RTOS_Queue Debug/Obj/main.o
 .text.main_convertRawAcceleration
                0x00000000080053d0       0x18 Output/RTOS_Queue Debug/Obj/main.o
 .text.main_convertRawGyro
                0x00000000080053e8       0x18 Output/RTOS_Queue Debug/Obj/main.o
 .text.main_USONICPrevState
                0x0000000008005400       0xb4 Output/RTOS_Queue Debug/Obj/main.o
 .text.NavAlgoInit
                0x00000000080054b4       0x48 Output/RTOS_Queue Debug/Obj/main.o
 .text.CallChangeState
                0x00000000080054fc      0x1ac Output/RTOS_Queue Debug/Obj/main.o
 .text.main_EncoderAllReset
                0x00000000080056a8       0x38 Output/RTOS_Queue Debug/Obj/main.o
 .text.main_MotorsGracefulStop
                0x00000000080056e0       0x60 Output/RTOS_Queue Debug/Obj/main.o
 .text.MotorsRespTask
                0x0000000008005740      0x168 Output/RTOS_Queue Debug/Obj/main.o
 .text.main_I2cInit
                0x00000000080058a8       0x30 Output/RTOS_Queue Debug/Obj/main.o
 .text.main_ImuUpdate
                0x00000000080058d8      0x144 Output/RTOS_Queue Debug/Obj/main.o
 .text.Imu_adjusted
                0x0000000008005a1c       0xd8 Output/RTOS_Queue Debug/Obj/main.o
 .text.IMUTask  0x0000000008005af4      0x144 Output/RTOS_Queue Debug/Obj/main.o
 .text.main_USONIC1_DONE
                0x0000000008005c38       0x60 Output/RTOS_Queue Debug/Obj/main.o
 .text.main_USONIC2_DONE
                0x0000000008005c98       0x60 Output/RTOS_Queue Debug/Obj/main.o
 .text.main_USONIC3_DONE
                0x0000000008005cf8       0x60 Output/RTOS_Queue Debug/Obj/main.o
 .text.main_USONIC4_DONE
                0x0000000008005d58       0x60 Output/RTOS_Queue Debug/Obj/main.o
 .text.main_USONIC5_DONE
                0x0000000008005db8       0x60 Output/RTOS_Queue Debug/Obj/main.o
 .text.main_USONIC6_DONE
                0x0000000008005e18       0x60 Output/RTOS_Queue Debug/Obj/main.o
 .text.main_USONIC7_DONE
                0x0000000008005e78       0x60 Output/RTOS_Queue Debug/Obj/main.o
 .text.main_USONIC8_DONE
                0x0000000008005ed8       0x60 Output/RTOS_Queue Debug/Obj/main.o
 .text.main_USONICAlgo
                0x0000000008005f38      0x2d4 Output/RTOS_Queue Debug/Obj/main.o
 .text.USonicTask
                0x000000000800620c       0x98 Output/RTOS_Queue Debug/Obj/main.o
 *fill*         0x00000000080062a4        0x4 
 .text.NavAlgo  0x00000000080062a8      0x3e8 Output/RTOS_Queue Debug/Obj/main.o
 .text.main_CtrlUpdateWheelSpeed
                0x0000000008006690       0xe0 Output/RTOS_Queue Debug/Obj/main.o
 .text.EncoderTask
                0x0000000008006770      0x108 Output/RTOS_Queue Debug/Obj/main.o
 .text.main_AppRetrieveSetting
                0x0000000008006878       0xa0 Output/RTOS_Queue Debug/Obj/main.o
 .text.main_HostCmdExe
                0x0000000008006918      0x4c8 Output/RTOS_Queue Debug/Obj/main.o
 .text.TermTask
                0x0000000008006de0       0x5c Output/RTOS_Queue Debug/Obj/main.o
 .text.main_cbGuiFrameEnd
                0x0000000008006e3c       0x14 Output/RTOS_Queue Debug/Obj/main.o
 .text.LcdTask  0x0000000008006e50       0x38 Output/RTOS_Queue Debug/Obj/main.o
 .text.IPSTask  0x0000000008006e88      0x144 Output/RTOS_Queue Debug/Obj/main.o
 .text.main_UartInit
                0x0000000008006fcc       0x8c Output/RTOS_Queue Debug/Obj/main.o
 .text.main_cbBtUartOnRx
                0x0000000008007058       0x34 Output/RTOS_Queue Debug/Obj/main.o
 .text.main_cbBtUartOnTx
                0x000000000800708c       0x34 Output/RTOS_Queue Debug/Obj/main.o
 .text.main_cbLcdBlockComplete
                0x00000000080070c0       0x34 Output/RTOS_Queue Debug/Obj/main.o
 .text.main_cbUS8OnReady
                0x00000000080070f4       0x28 Output/RTOS_Queue Debug/Obj/main.o
 .text.main_cbUS7OnReady
                0x000000000800711c       0x28 Output/RTOS_Queue Debug/Obj/main.o
 .text.main_cbUS6OnReady
                0x0000000008007144       0x28 Output/RTOS_Queue Debug/Obj/main.o
 .text.main_cbUS5OnReady
                0x000000000800716c       0x28 Output/RTOS_Queue Debug/Obj/main.o
 .text.main_cbUS4OnReady
                0x0000000008007194       0x28 Output/RTOS_Queue Debug/Obj/main.o
 .text.main_cbUS3OnReady
                0x00000000080071bc       0x28 Output/RTOS_Queue Debug/Obj/main.o
 .text.main_cbUS2OnReady
                0x00000000080071e4       0x28 Output/RTOS_Queue Debug/Obj/main.o
 .text.main_cbUS1OnReady
                0x000000000800720c       0x28 Output/RTOS_Queue Debug/Obj/main.o
 .text.main_cbEncoderRdy
                0x0000000008007234       0x34 Output/RTOS_Queue Debug/Obj/main.o
 .text.main_SpimInit
                0x0000000008007268       0xb0 Output/RTOS_Queue Debug/Obj/main.o
 .text.main_LcdInit
                0x0000000008007318       0xdc Output/RTOS_Queue Debug/Obj/main.o
 .text.main_USoundInit
                0x00000000080073f4      0x108 Output/RTOS_Queue Debug/Obj/main.o
 .text.main_EncodersInit
                0x00000000080074fc      0x130 Output/RTOS_Queue Debug/Obj/main.o
 .text.main     0x000000000800762c      0x2b8 Output/RTOS_Queue Debug/Obj/main.o
                0x000000000800762c                main
 .text.GUI_AppDraw
                0x00000000080078e4       0x80 Output/RTOS_Queue Debug/Obj/main.o
                0x00000000080078e4                GUI_AppDraw
 .text.SysTickHandler
                0x0000000008007964       0x4c Output/RTOS_Queue Debug/Obj/main.o
                0x0000000008007964                SysTickHandler
 .text.EXTI8_US1_ECHO_IRQHandler
                0x00000000080079b0       0x1c Output/RTOS_Queue Debug/Obj/main.o
                0x00000000080079b0                EXTI8_US1_ECHO_IRQHandler
 .text.EXTI9_US2_ECHO_IRQHandler
                0x00000000080079cc       0x1c Output/RTOS_Queue Debug/Obj/main.o
                0x00000000080079cc                EXTI9_US2_ECHO_IRQHandler
 .text.EXTI10_US3_ECHO_IRQHandler
                0x00000000080079e8       0x1c Output/RTOS_Queue Debug/Obj/main.o
                0x00000000080079e8                EXTI10_US3_ECHO_IRQHandler
 .text.EXTI11_US4_ECHO_IRQHandler
                0x0000000008007a04       0x1c Output/RTOS_Queue Debug/Obj/main.o
                0x0000000008007a04                EXTI11_US4_ECHO_IRQHandler
 .text.EXTI12_US5_ECHO_IRQHandler
                0x0000000008007a20       0x1c Output/RTOS_Queue Debug/Obj/main.o
                0x0000000008007a20                EXTI12_US5_ECHO_IRQHandler
 .text.EXTI13_US6_ECHO_IRQHandler
                0x0000000008007a3c       0x1c Output/RTOS_Queue Debug/Obj/main.o
                0x0000000008007a3c                EXTI13_US6_ECHO_IRQHandler
 .text.EXTI14_US7_ECHO_IRQHandler
                0x0000000008007a58       0x1c Output/RTOS_Queue Debug/Obj/main.o
                0x0000000008007a58                EXTI14_US7_ECHO_IRQHandler
 .text.EXTI15_US8_ECHO_IRQHandler
                0x0000000008007a74       0x1c Output/RTOS_Queue Debug/Obj/main.o
                0x0000000008007a74                EXTI15_US8_ECHO_IRQHandler
 .text.GUI_Init
                0x0000000008007a90       0x48 ../../../../StdLib/Common/Lib/GUI/GUI_GCC_CM7_R6.a(gui.o)
                0x0000000008007a90                GUI_Init
 .text.GUI_AddCbFrameEnd
                0x0000000008007ad8        0xc ../../../../StdLib/Common/Lib/GUI/GUI_GCC_CM7_R6.a(gui.o)
                0x0000000008007ad8                GUI_AddCbFrameEnd
 .text.GUI_16BitPerPixel
                0x0000000008007ae4        0xc ../../../../StdLib/Common/Lib/GUI/GUI_GCC_CM7_R6.a(gui.o)
                0x0000000008007ae4                GUI_16BitPerPixel
 .text.GUI_Draw_Exe
                0x0000000008007af0       0xbc ../../../../StdLib/Common/Lib/GUI/GUI_GCC_CM7_R6.a(gui.o)
                0x0000000008007af0                GUI_Draw_Exe
 .text.GUI_Clear
                0x0000000008007bac       0x68 ../../../../StdLib/Common/Lib/GUI/GUI_GCC_CM7_R6.a(gui.o)
                0x0000000008007bac                GUI_Clear
 .text.GUI_SetFontBackColor
                0x0000000008007c14       0x24 ../../../../StdLib/Common/Lib/GUI/GUI_GCC_CM7_R6.a(gui.o)
                0x0000000008007c14                GUI_SetFontBackColor
 .text.GUI_PrintChar
                0x0000000008007c38      0x138 ../../../../StdLib/Common/Lib/GUI/GUI_GCC_CM7_R6.a(gui.o)
                0x0000000008007c38                GUI_PrintChar
 .text.GUI_PrintString
                0x0000000008007d70       0x84 ../../../../StdLib/Common/Lib/GUI/GUI_GCC_CM7_R6.a(gui.o)
                0x0000000008007d70                GUI_PrintString
 .text.prvTestWaitCondition
                0x0000000008007df4       0x1c Output/RTOS_Queue Debug/Obj/event_groups.o
 .text.xEventGroupCreateStatic
                0x0000000008007e10       0x40 Output/RTOS_Queue Debug/Obj/event_groups.o
                0x0000000008007e10                xEventGroupCreateStatic
 .text.xEventGroupWaitBits
                0x0000000008007e50       0xfc Output/RTOS_Queue Debug/Obj/event_groups.o
                0x0000000008007e50                xEventGroupWaitBits
 .text.xEventGroupSetBits
                0x0000000008007f4c       0x84 Output/RTOS_Queue Debug/Obj/event_groups.o
                0x0000000008007f4c                xEventGroupSetBits
 .text.vEventGroupSetBitsCallback
                0x0000000008007fd0        0xa Output/RTOS_Queue Debug/Obj/event_groups.o
                0x0000000008007fd0                vEventGroupSetBitsCallback
 *fill*         0x0000000008007fda        0x2 
 .text.xEventGroupSetBitsFromISR
                0x0000000008007fdc       0x14 Output/RTOS_Queue Debug/Obj/event_groups.o
                0x0000000008007fdc                xEventGroupSetBitsFromISR
 .text.vListInitialise
                0x0000000008007ff0       0x16 Output/RTOS_Queue Debug/Obj/list.o
                0x0000000008007ff0                vListInitialise
 .text.vListInitialiseItem
                0x0000000008008006        0x6 Output/RTOS_Queue Debug/Obj/list.o
                0x0000000008008006                vListInitialiseItem
 .text.vListInsertEnd
                0x000000000800800c       0x16 Output/RTOS_Queue Debug/Obj/list.o
                0x000000000800800c                vListInsertEnd
 .text.vListInsert
                0x0000000008008022       0x36 Output/RTOS_Queue Debug/Obj/list.o
                0x0000000008008022                vListInsert
 .text.uxListRemove
                0x0000000008008058       0x26 Output/RTOS_Queue Debug/Obj/list.o
                0x0000000008008058                uxListRemove
 *fill*         0x000000000800807e        0x2 
 .text.prvPortStartFirstTask
                0x0000000008008080       0x28 Output/RTOS_Queue Debug/Obj/port.o
 .text.vPortEnableVFP
                0x00000000080080a8       0x14 Output/RTOS_Queue Debug/Obj/port.o
 .text.prvTaskExitError
                0x00000000080080bc       0x44 Output/RTOS_Queue Debug/Obj/port.o
 .text.pxPortInitialiseStack
                0x0000000008008100       0x2c Output/RTOS_Queue Debug/Obj/port.o
                0x0000000008008100                pxPortInitialiseStack
 *fill*         0x000000000800812c        0x4 
 .text.SVC_Handler
                0x0000000008008130       0x24 Output/RTOS_Queue Debug/Obj/port.o
                0x0000000008008130                SVC_Handler
 .text.vPortEnterCritical
                0x0000000008008154       0x24 Output/RTOS_Queue Debug/Obj/port.o
                0x0000000008008154                vPortEnterCritical
 .text.vPortExitCritical
                0x0000000008008178       0x2c Output/RTOS_Queue Debug/Obj/port.o
                0x0000000008008178                vPortExitCritical
 *fill*         0x00000000080081a4        0xc 
 .text.PendSV_Handler
                0x00000000080081b0       0x64 Output/RTOS_Queue Debug/Obj/port.o
                0x00000000080081b0                PendSV_Handler
 .text.SysTick_Handler
                0x0000000008008214       0x30 Output/RTOS_Queue Debug/Obj/port.o
                0x0000000008008214                SysTick_Handler
 .text.vPortSetupTimerInterrupt
                0x0000000008008244       0x38 Output/RTOS_Queue Debug/Obj/port.o
                0x0000000008008244                vPortSetupTimerInterrupt
 .text.xPortStartScheduler
                0x000000000800827c       0xc0 Output/RTOS_Queue Debug/Obj/port.o
                0x000000000800827c                xPortStartScheduler
 .text.vPortValidateInterruptPriority
                0x000000000800833c       0x3c Output/RTOS_Queue Debug/Obj/port.o
                0x000000000800833c                vPortValidateInterruptPriority
 .text.prvGetDisinheritPriorityAfterTimeout
                0x0000000008008378       0x12 Output/RTOS_Queue Debug/Obj/queue.o
 .text.prvIsQueueFull
                0x000000000800838a       0x1e Output/RTOS_Queue Debug/Obj/queue.o
 .text.prvIsQueueEmpty
                0x00000000080083a8       0x1a Output/RTOS_Queue Debug/Obj/queue.o
 .text.prvCopyDataToQueue
                0x00000000080083c2       0x76 Output/RTOS_Queue Debug/Obj/queue.o
 .text.prvNotifyQueueSetContainer
                0x0000000008008438       0x78 Output/RTOS_Queue Debug/Obj/queue.o
 .text.prvCopyDataFromQueue
                0x00000000080084b0       0x24 Output/RTOS_Queue Debug/Obj/queue.o
 .text.prvUnlockQueue
                0x00000000080084d4       0x84 Output/RTOS_Queue Debug/Obj/queue.o
 .text.xQueueGenericReset
                0x0000000008008558       0x84 Output/RTOS_Queue Debug/Obj/queue.o
                0x0000000008008558                xQueueGenericReset
 .text.prvInitialiseNewQueue
                0x00000000080085dc       0x26 Output/RTOS_Queue Debug/Obj/queue.o
 *fill*         0x0000000008008602        0x2 
 .text.xQueueGenericCreateStatic
                0x0000000008008604       0x90 Output/RTOS_Queue Debug/Obj/queue.o
                0x0000000008008604                xQueueGenericCreateStatic
 .text.xQueueGenericSend
                0x0000000008008694      0x1ac Output/RTOS_Queue Debug/Obj/queue.o
                0x0000000008008694                xQueueGenericSend
 .text.xQueueGenericSendFromISR
                0x0000000008008840       0xe8 Output/RTOS_Queue Debug/Obj/queue.o
                0x0000000008008840                xQueueGenericSendFromISR
 .text.xQueueReceive
                0x0000000008008928      0x154 Output/RTOS_Queue Debug/Obj/queue.o
                0x0000000008008928                xQueueReceive
 .text.xQueueSemaphoreTake
                0x0000000008008a7c      0x194 Output/RTOS_Queue Debug/Obj/queue.o
                0x0000000008008a7c                xQueueSemaphoreTake
 .text.vQueueAddToRegistry
                0x0000000008008c10       0x28 Output/RTOS_Queue Debug/Obj/queue.o
                0x0000000008008c10                vQueueAddToRegistry
 .text.vQueueWaitForMessageRestricted
                0x0000000008008c38       0x52 Output/RTOS_Queue Debug/Obj/queue.o
                0x0000000008008c38                vQueueWaitForMessageRestricted
 *fill*         0x0000000008008c8a        0x2 
 .text.vApplicationGetTimerTaskMemory
                0x0000000008008c8c       0x18 Output/RTOS_Queue Debug/Obj/RTOS.o
                0x0000000008008c8c                vApplicationGetTimerTaskMemory
 .text.vApplicationGetIdleTaskMemory
                0x0000000008008ca4       0x18 Output/RTOS_Queue Debug/Obj/RTOS.o
                0x0000000008008ca4                vApplicationGetIdleTaskMemory
 .text.vAssertCalled
                0x0000000008008cbc       0x2c Output/RTOS_Queue Debug/Obj/RTOS.o
                0x0000000008008cbc                vAssertCalled
 .text.vApplicationStackOverflowHook
                0x0000000008008ce8       0x1c Output/RTOS_Queue Debug/Obj/RTOS.o
                0x0000000008008ce8                vApplicationStackOverflowHook
 .text.vApplicationTickHook
                0x0000000008008d04        0x8 Output/RTOS_Queue Debug/Obj/RTOS.o
                0x0000000008008d04                vApplicationTickHook
 .text.prvResetNextTaskUnblockTime
                0x0000000008008d0c       0x2c Output/RTOS_Queue Debug/Obj/tasks.o
 .text.prvInitialiseNewTask
                0x0000000008008d38       0xa4 Output/RTOS_Queue Debug/Obj/tasks.o
 .text.prvInitialiseTaskLists
                0x0000000008008ddc       0x68 Output/RTOS_Queue Debug/Obj/tasks.o
 .text.prvAddNewTaskToReadyList
                0x0000000008008e44       0xac Output/RTOS_Queue Debug/Obj/tasks.o
 .text.prvCheckTasksWaitingTermination
                0x0000000008008ef0       0x3c Output/RTOS_Queue Debug/Obj/tasks.o
 .text.prvIdleTask
                0x0000000008008f2c       0x28 Output/RTOS_Queue Debug/Obj/tasks.o
 .text.prvAddCurrentTaskToDelayedList
                0x0000000008008f54       0xa8 Output/RTOS_Queue Debug/Obj/tasks.o
 .text.xTaskCreateStatic
                0x0000000008008ffc       0x88 Output/RTOS_Queue Debug/Obj/tasks.o
                0x0000000008008ffc                xTaskCreateStatic
 .text.vTaskStartScheduler
                0x0000000008009084       0x94 Output/RTOS_Queue Debug/Obj/tasks.o
                0x0000000008009084                vTaskStartScheduler
 .text.vTaskSuspendAll
                0x0000000008009118       0x10 Output/RTOS_Queue Debug/Obj/tasks.o
                0x0000000008009118                vTaskSuspendAll
 .text.xTaskGetTickCount
                0x0000000008009128       0x18 Output/RTOS_Queue Debug/Obj/tasks.o
                0x0000000008009128                xTaskGetTickCount
 .text.xTaskIncrementTick
                0x0000000008009140      0x12c Output/RTOS_Queue Debug/Obj/tasks.o
                0x0000000008009140                xTaskIncrementTick
 .text.xTaskResumeAll
                0x000000000800926c       0xf8 Output/RTOS_Queue Debug/Obj/tasks.o
                0x000000000800926c                xTaskResumeAll
 .text.vTaskDelay
                0x0000000008009364       0x48 Output/RTOS_Queue Debug/Obj/tasks.o
                0x0000000008009364                vTaskDelay
 .text.vTaskSwitchContext
                0x00000000080093ac       0xc8 Output/RTOS_Queue Debug/Obj/tasks.o
                0x00000000080093ac                vTaskSwitchContext
 .text.vTaskPlaceOnEventList
                0x0000000008009474       0x34 Output/RTOS_Queue Debug/Obj/tasks.o
                0x0000000008009474                vTaskPlaceOnEventList
 .text.vTaskPlaceOnUnorderedEventList
                0x00000000080094a8       0x58 Output/RTOS_Queue Debug/Obj/tasks.o
                0x00000000080094a8                vTaskPlaceOnUnorderedEventList
 .text.vTaskPlaceOnEventListRestricted
                0x0000000008009500       0x3c Output/RTOS_Queue Debug/Obj/tasks.o
                0x0000000008009500                vTaskPlaceOnEventListRestricted
 .text.xTaskRemoveFromEventList
                0x000000000800953c       0x88 Output/RTOS_Queue Debug/Obj/tasks.o
                0x000000000800953c                xTaskRemoveFromEventList
 .text.vTaskRemoveFromUnorderedEventList
                0x00000000080095c4       0x8c Output/RTOS_Queue Debug/Obj/tasks.o
                0x00000000080095c4                vTaskRemoveFromUnorderedEventList
 .text.vTaskInternalSetTimeOutState
                0x0000000008009650       0x18 Output/RTOS_Queue Debug/Obj/tasks.o
                0x0000000008009650                vTaskInternalSetTimeOutState
 .text.xTaskCheckForTimeOut
                0x0000000008009668       0x80 Output/RTOS_Queue Debug/Obj/tasks.o
                0x0000000008009668                xTaskCheckForTimeOut
 .text.vTaskMissedYield
                0x00000000080096e8        0xc Output/RTOS_Queue Debug/Obj/tasks.o
                0x00000000080096e8                vTaskMissedYield
 .text.xTaskGetSchedulerState
                0x00000000080096f4       0x20 Output/RTOS_Queue Debug/Obj/tasks.o
                0x00000000080096f4                xTaskGetSchedulerState
 .text.xTaskPriorityInherit
                0x0000000008009714       0xb8 Output/RTOS_Queue Debug/Obj/tasks.o
                0x0000000008009714                xTaskPriorityInherit
 .text.xTaskPriorityDisinherit
                0x00000000080097cc       0xac Output/RTOS_Queue Debug/Obj/tasks.o
                0x00000000080097cc                xTaskPriorityDisinherit
 .text.vTaskPriorityDisinheritAfterTimeout
                0x0000000008009878       0xc0 Output/RTOS_Queue Debug/Obj/tasks.o
                0x0000000008009878                vTaskPriorityDisinheritAfterTimeout
 .text.uxTaskResetEventItemValue
                0x0000000008009938       0x18 Output/RTOS_Queue Debug/Obj/tasks.o
                0x0000000008009938                uxTaskResetEventItemValue
 .text.pvTaskIncrementMutexHeldCount
                0x0000000008009950       0x1c Output/RTOS_Queue Debug/Obj/tasks.o
                0x0000000008009950                pvTaskIncrementMutexHeldCount
 .text.prvGetNextExpireTime
                0x000000000800996c       0x20 Output/RTOS_Queue Debug/Obj/timers.o
 .text.prvInsertTimerInActiveList
                0x000000000800998c       0x50 Output/RTOS_Queue Debug/Obj/timers.o
 .text.prvCheckForValidListAndQueue
                0x00000000080099dc       0x70 Output/RTOS_Queue Debug/Obj/timers.o
 .text.xTimerCreateTimerTask
                0x0000000008009a4c       0x64 Output/RTOS_Queue Debug/Obj/timers.o
                0x0000000008009a4c                xTimerCreateTimerTask
 .text.xTimerGenericCommand
                0x0000000008009ab0       0x70 Output/RTOS_Queue Debug/Obj/timers.o
                0x0000000008009ab0                xTimerGenericCommand
 .text.prvSwitchTimerLists
                0x0000000008009b20       0x78 Output/RTOS_Queue Debug/Obj/timers.o
 .text.prvSampleTimeNow
                0x0000000008009b98       0x2c Output/RTOS_Queue Debug/Obj/timers.o
 .text.prvProcessExpiredTimer
                0x0000000008009bc4       0x60 Output/RTOS_Queue Debug/Obj/timers.o
 .text.prvProcessTimerOrBlockTask
                0x0000000008009c24       0x80 Output/RTOS_Queue Debug/Obj/timers.o
 .text.prvProcessReceivedCommands
                0x0000000008009ca4       0xf0 Output/RTOS_Queue Debug/Obj/timers.o
 .text.prvTimerTask
                0x0000000008009d94       0x16 Output/RTOS_Queue Debug/Obj/timers.o
 *fill*         0x0000000008009daa        0x2 
 .text.xTimerPendFunctionCallFromISR
                0x0000000008009dac       0x28 Output/RTOS_Queue Debug/Obj/timers.o
                0x0000000008009dac                xTimerPendFunctionCallFromISR
 .text.__aeabi_read_tp
                0x0000000008009dd4        0x8 Output/RTOS_Queue Debug/Obj/thumb_crt0.o
                0x0000000008009dd4                __aeabi_read_tp
 .text.__printf_lock
                0x0000000008009ddc        0x2 Output/RTOS_Queue Debug/Obj/thumb_crt0.o
                0x0000000008009ddc                __printf_lock
 .text.__printf_unlock
                0x0000000008009dde        0x2 Output/RTOS_Queue Debug/Obj/thumb_crt0.o
                0x0000000008009dde                __printf_unlock
 .text.__debug_io_lock
                0x0000000008009de0        0x2 Output/RTOS_Queue Debug/Obj/thumb_crt0.o
                0x0000000008009de0                __debug_io_lock
 .text.__debug_io_unlock
                0x0000000008009de2        0x2 Output/RTOS_Queue Debug/Obj/thumb_crt0.o
                0x0000000008009de2                __debug_io_unlock
 .text.libc.__int32_to_float64
                0x0000000008009de4       0x2e C:/Program Files/SEGGER/SEGGER Embedded Studio for ARM 4.18/lib/libm_v7em_fpv5_sp_d16_hard_t_le_eabi.a(libm_asm.o)
                0x0000000008009de4                __aeabi_i2d
                0x0000000008009de4                __int32_to_float64
                0x0000000008009de4                __floatsidf
 .text.libc.__uint32_to_float64
                0x0000000008009e12       0x22 C:/Program Files/SEGGER/SEGGER Embedded Studio for ARM 4.18/lib/libm_v7em_fpv5_sp_d16_hard_t_le_eabi.a(libm_asm.o)
                0x0000000008009e12                __aeabi_ui2d
                0x0000000008009e12                __floatunsidf
                0x0000000008009e12                __uint32_to_float64
 .text.libc.__int64_to_float64
                0x0000000008009e34       0xa0 C:/Program Files/SEGGER/SEGGER Embedded Studio for ARM 4.18/lib/libm_v7em_fpv5_sp_d16_hard_t_le_eabi.a(libm_asm.o)
                0x0000000008009e34                __int64_to_float64
                0x0000000008009e34                __aeabi_l2d
                0x0000000008009e34                __floatdidf
                0x0000000008009e58                __RAL_aeabi_l2d_common
 .text.libc.__uint64_to_float64
                0x0000000008009ed4       0x14 C:/Program Files/SEGGER/SEGGER Embedded Studio for ARM 4.18/lib/libm_v7em_fpv5_sp_d16_hard_t_le_eabi.a(libm_asm.o)
                0x0000000008009ed4                __aeabi_ul2d
                0x0000000008009ed4                __floatundidf
                0x0000000008009ed4                __uint64_to_float64
 .text.libc.__float64_to_int32
                0x0000000008009ee8       0x4e C:/Program Files/SEGGER/SEGGER Embedded Studio for ARM 4.18/lib/libm_v7em_fpv5_sp_d16_hard_t_le_eabi.a(libm_asm.o)
                0x0000000008009ee8                __aeabi_d2iz
                0x0000000008009ee8                __float64_to_int32
                0x0000000008009ee8                __fixdfsi
 .text.libc.__float64_to_uint32
                0x0000000008009f36       0x2c C:/Program Files/SEGGER/SEGGER Embedded Studio for ARM 4.18/lib/libm_v7em_fpv5_sp_d16_hard_t_le_eabi.a(libm_asm.o)
                0x0000000008009f36                __aeabi_d2uiz
                0x0000000008009f36                __float64_to_uint32
                0x0000000008009f36                __fixunsdfsi
 .text.libc.__float64_to_uint64
                0x0000000008009f62       0x48 C:/Program Files/SEGGER/SEGGER Embedded Studio for ARM 4.18/lib/libm_v7em_fpv5_sp_d16_hard_t_le_eabi.a(libm_asm.o)
                0x0000000008009f62                __fixunsdfdi
                0x0000000008009f62                __float64_to_uint64
                0x0000000008009f62                __aeabi_d2ulz
 .text.libc.__float32_to_float64
                0x0000000008009faa       0x38 C:/Program Files/SEGGER/SEGGER Embedded Studio for ARM 4.18/lib/libm_v7em_fpv5_sp_d16_hard_t_le_eabi.a(libm_asm.o)
                0x0000000008009faa                __float32_to_float64
                0x0000000008009faa                __aeabi_f2d
                0x0000000008009faa                __extendsfdf2
 .text.libc.__float64_to_float32
                0x0000000008009fe2       0x6e C:/Program Files/SEGGER/SEGGER Embedded Studio for ARM 4.18/lib/libm_v7em_fpv5_sp_d16_hard_t_le_eabi.a(libm_asm.o)
                0x0000000008009fe2                __truncdfsf2
                0x0000000008009fe2                __float64_to_float32
                0x0000000008009fe2                __aeabi_d2f
 .text.libc.__float64_add
                0x000000000800a050      0x294 C:/Program Files/SEGGER/SEGGER Embedded Studio for ARM 4.18/lib/libm_v7em_fpv5_sp_d16_hard_t_le_eabi.a(libm_asm.o)
                0x000000000800a050                __aeabi_drsub
                0x000000000800a058                __aeabi_dsub
                0x000000000800a058                __float64_sub
                0x000000000800a058                __subdf3
                0x000000000800a05c                __aeabi_dadd
                0x000000000800a05c                __float64_add
                0x000000000800a05c                __adddf3
 .text.libc.__float64_mul
                0x000000000800a2e4      0x16c C:/Program Files/SEGGER/SEGGER Embedded Studio for ARM 4.18/lib/libm_v7em_fpv5_sp_d16_hard_t_le_eabi.a(libm_asm.o)
                0x000000000800a2e4                __float64_mul
                0x000000000800a2e4                __muldf3
                0x000000000800a2e4                __aeabi_dmul
 .text.libc.__float64_div
                0x000000000800a450      0x214 C:/Program Files/SEGGER/SEGGER Embedded Studio for ARM 4.18/lib/libm_v7em_fpv5_sp_d16_hard_t_le_eabi.a(libm_asm.o)
                0x000000000800a450                __divdf3
                0x000000000800a450                __float64_div
                0x000000000800a450                __aeabi_ddiv
 .text.libc.__float64_cmpeq
                0x000000000800a664       0x32 C:/Program Files/SEGGER/SEGGER Embedded Studio for ARM 4.18/lib/libm_v7em_fpv5_sp_d16_hard_t_le_eabi.a(libm_asm.o)
                0x000000000800a664                __aeabi_dcmpeq
 .text.libc.__float64_cmple
                0x000000000800a696       0x3c C:/Program Files/SEGGER/SEGGER Embedded Studio for ARM 4.18/lib/libm_v7em_fpv5_sp_d16_hard_t_le_eabi.a(libm_asm.o)
                0x000000000800a696                __aeabi_dcmple
 .text.libc.__float64_cmpge
                0x000000000800a6d2       0x3c C:/Program Files/SEGGER/SEGGER Embedded Studio for ARM 4.18/lib/libm_v7em_fpv5_sp_d16_hard_t_le_eabi.a(libm_asm.o)
                0x000000000800a6d2                __aeabi_dcmpge
 .text.libc.__float64_cmplt
                0x000000000800a70e       0x38 C:/Program Files/SEGGER/SEGGER Embedded Studio for ARM 4.18/lib/libm_v7em_fpv5_sp_d16_hard_t_le_eabi.a(libm_asm.o)
                0x000000000800a70e                __aeabi_dcmplt
 .text.libc.__float64_cmpgt
                0x000000000800a746       0x38 C:/Program Files/SEGGER/SEGGER Embedded Studio for ARM 4.18/lib/libm_v7em_fpv5_sp_d16_hard_t_le_eabi.a(libm_asm.o)
                0x000000000800a746                __aeabi_dcmpgt
 .text.libc.__float64_signbit
                0x000000000800a77e        0xa C:/Program Files/SEGGER/SEGGER Embedded Studio for ARM 4.18/lib/libm_v7em_fpv5_sp_d16_hard_t_le_eabi.a(libm_asm.o)
                0x000000000800a77e                __float64_signbit
 .text.libc.__float64_isinf
                0x000000000800a788       0x14 C:/Program Files/SEGGER/SEGGER Embedded Studio for ARM 4.18/lib/libm_v7em_fpv5_sp_d16_hard_t_le_eabi.a(libm_asm.o)
                0x000000000800a788                __float64_isinf
 .text.libc.__float64_isnan
                0x000000000800a79c       0x14 C:/Program Files/SEGGER/SEGGER Embedded Studio for ARM 4.18/lib/libm_v7em_fpv5_sp_d16_hard_t_le_eabi.a(libm_asm.o)
                0x000000000800a79c                __float64_isnan
 .text.libc.asinf
                0x000000000800a7b0      0x130 C:/Program Files/SEGGER/SEGGER Embedded Studio for ARM 4.18/lib/libm_v7em_fpv5_sp_d16_hard_t_le_eabi.a(libm2.o)
                0x000000000800a7b0                asinf
                0x000000000800a7b0                asin(float)
 .text.libc.atanf
                0x000000000800a8e0      0x130 C:/Program Files/SEGGER/SEGGER Embedded Studio for ARM 4.18/lib/libm_v7em_fpv5_sp_d16_hard_t_le_eabi.a(libm2.o)
                0x000000000800a8e0                atanf
                0x000000000800a8e0                atan(float)
 .text.libc.atan2f
                0x000000000800aa10       0xcc C:/Program Files/SEGGER/SEGGER Embedded Studio for ARM 4.18/lib/libm_v7em_fpv5_sp_d16_hard_t_le_eabi.a(libm2.o)
                0x000000000800aa10                atan2f
                0x000000000800aa10                atan2(float, float)
 .text.libc.frexp
                0x000000000800aadc       0x50 C:/Program Files/SEGGER/SEGGER Embedded Studio for ARM 4.18/lib/libm_v7em_fpv5_sp_d16_hard_t_le_eabi.a(libm2.o)
                0x000000000800aadc                frexp
                0x000000000800aadc                frexp(double, int*)
 *fill*         0x000000000800ab2c        0x4 
 .text.libc.ldexp
                0x000000000800ab30       0x7c C:/Program Files/SEGGER/SEGGER Embedded Studio for ARM 4.18/lib/libm_v7em_fpv5_sp_d16_hard_t_le_eabi.a(libm2.o)
                0x000000000800ab30                ldexp
                0x000000000800ab30                ldexp(double, int)
 *fill*         0x000000000800abac        0x4 
 .text.libc.exp
                0x000000000800abb0      0x1e8 C:/Program Files/SEGGER/SEGGER Embedded Studio for ARM 4.18/lib/libm_v7em_fpv5_sp_d16_hard_t_le_eabi.a(libm2.o)
                0x000000000800abb0                exp
                0x000000000800abb0                exp(double)
 .text.libc.log
                0x000000000800ad98      0x268 C:/Program Files/SEGGER/SEGGER Embedded Studio for ARM 4.18/lib/libm_v7em_fpv5_sp_d16_hard_t_le_eabi.a(libm2.o)
                0x000000000800ad98                log(double)
                0x000000000800ad98                log
 .text.libc.modf
                0x000000000800b000       0x94 C:/Program Files/SEGGER/SEGGER Embedded Studio for ARM 4.18/lib/libm_v7em_fpv5_sp_d16_hard_t_le_eabi.a(libm2.o)
                0x000000000800b000                modf(double, double*)
                0x000000000800b000                modf
 *fill*         0x000000000800b094        0x4 
 .text.libc.pow
                0x000000000800b098      0x158 C:/Program Files/SEGGER/SEGGER Embedded Studio for ARM 4.18/lib/libm_v7em_fpv5_sp_d16_hard_t_le_eabi.a(libm2.o)
                0x000000000800b098                pow
                0x000000000800b098                pow(double, double)
 .text.libc.floor
                0x000000000800b1f0       0xc0 C:/Program Files/SEGGER/SEGGER Embedded Studio for ARM 4.18/lib/libm_v7em_fpv5_sp_d16_hard_t_le_eabi.a(libm2.o)
                0x000000000800b1f0                floor(double)
                0x000000000800b1f0                floor
 .text.libc.fmod
                0x000000000800b2b0      0x198 C:/Program Files/SEGGER/SEGGER Embedded Studio for ARM 4.18/lib/libm_v7em_fpv5_sp_d16_hard_t_le_eabi.a(libm2.o)
                0x000000000800b2b0                fmod
                0x000000000800b2b0                fmod(double, double)
 .text.libc.fabs
                0x000000000800b448        0xe C:/Program Files/SEGGER/SEGGER Embedded Studio for ARM 4.18/lib/libm_v7em_fpv5_sp_d16_hard_t_le_eabi.a(libm2_asm.o)
                0x000000000800b448                fabs(double)
                0x000000000800b448                fabs
 .text.libc.fabsf
                0x000000000800b456        0x6 C:/Program Files/SEGGER/SEGGER Embedded Studio for ARM 4.18/lib/libm_v7em_fpv5_sp_d16_hard_t_le_eabi.a(libm2_asm.o)
                0x000000000800b456                fabsf
                0x000000000800b456                fabs(float)
 .text.libc.sqrtf
                0x000000000800b45c        0x6 C:/Program Files/SEGGER/SEGGER Embedded Studio for ARM 4.18/lib/libm_v7em_fpv5_sp_d16_hard_t_le_eabi.a(libm2_asm.o)
                0x000000000800b45c                sqrt(float)
                0x000000000800b45c                sqrtf
 *fill*         0x000000000800b462        0x2 
 .text.libc.__RAL_pow10
                0x000000000800b464       0x54 C:/Program Files/SEGGER/SEGGER Embedded Studio for ARM 4.18/lib/libc_v7em_fpv5_sp_d16_hard_t_le_eabi.a(libc2.o)
                0x000000000800b464                __RAL_pow10
 .text.libc.__putc
                0x000000000800b4b8       0x34 C:/Program Files/SEGGER/SEGGER Embedded Studio for ARM 4.18/lib/libc_v7em_fpv5_sp_d16_hard_t_le_eabi.a(libc2.o)
                0x000000000800b4b8                __putc
 .text.libc.__RAL_print_padding
                0x000000000800b4ec       0x1c C:/Program Files/SEGGER/SEGGER Embedded Studio for ARM 4.18/lib/libc_v7em_fpv5_sp_d16_hard_t_le_eabi.a(libc2.o)
                0x000000000800b4ec                __RAL_print_padding
 .text.libc.__RAL_pre_padding
                0x000000000800b508       0x1c C:/Program Files/SEGGER/SEGGER Embedded Studio for ARM 4.18/lib/libc_v7em_fpv5_sp_d16_hard_t_le_eabi.a(libc2.o)
                0x000000000800b508                __RAL_pre_padding
 .text.libc.abs
                0x000000000800b524        0x8 C:/Program Files/SEGGER/SEGGER Embedded Studio for ARM 4.18/lib/libc_v7em_fpv5_sp_d16_hard_t_le_eabi.a(libc2.o)
                0x000000000800b524                abs
 .text.libc.__aeabi_errno_addr
                0x000000000800b52c       0x14 C:/Program Files/SEGGER/SEGGER Embedded Studio for ARM 4.18/lib/libc_v7em_fpv5_sp_d16_hard_t_le_eabi.a(libc2.o)
                0x000000000800b52c                __aeabi_errno_addr
 .text.libc.printf
                0x000000000800b540       0x40 C:/Program Files/SEGGER/SEGGER Embedded Studio for ARM 4.18/lib/libc_v7em_fpv5_sp_d16_hard_t_le_eabi.a(libc2.o)
                0x000000000800b540                printf
 .text.libc.sprintf
                0x000000000800b580       0x2a C:/Program Files/SEGGER/SEGGER Embedded Studio for ARM 4.18/lib/libc_v7em_fpv5_sp_d16_hard_t_le_eabi.a(libc2.o)
                0x000000000800b580                sprintf
 .text.libc.strnlen
                0x000000000800b5aa       0x22 C:/Program Files/SEGGER/SEGGER Embedded Studio for ARM 4.18/lib/libc_v7em_fpv5_sp_d16_hard_t_le_eabi.a(libc2.o)
                0x000000000800b5aa                strnlen
 .text.libc.memcpy
                0x000000000800b5cc       0x52 C:/Program Files/SEGGER/SEGGER Embedded Studio for ARM 4.18/lib/libc_v7em_fpv5_sp_d16_hard_t_le_eabi.a(libc2_asm.o)
                0x000000000800b5cc                __aeabi_memcpy
                0x000000000800b5cc                memcpy
                0x000000000800b5d8                __aeabi_memcpy8
                0x000000000800b5d8                __aeabi_memcpy4
 .text.libc.memset
                0x000000000800b61e       0x66 C:/Program Files/SEGGER/SEGGER Embedded Studio for ARM 4.18/lib/libc_v7em_fpv5_sp_d16_hard_t_le_eabi.a(libc2_asm.o)
                0x000000000800b61e                memset
 .text.libc.strlen
                0x000000000800b684       0x60 C:/Program Files/SEGGER/SEGGER Embedded Studio for ARM 4.18/lib/libc_v7em_fpv5_sp_d16_hard_t_le_eabi.a(libc2_asm.o)
                0x000000000800b684                strlen
 .text.libc.__int64_udivmod
                0x000000000800b6e4       0xce C:/Program Files/SEGGER/SEGGER Embedded Studio for ARM 4.18/lib/libc_v7em_fpv5_sp_d16_hard_t_le_eabi.a(libc_asm.o)
                0x000000000800b6e4                __aeabi_uldivmod
                0x000000000800b6e4                __int64_udiv
                0x000000000800b6e4                __udivdi3
                0x000000000800b6e4                __int64_udivmod
 .text.libdebugio.debug_putchar
                0x000000000800b7b2       0x18 C:/Program Files/SEGGER/SEGGER Embedded Studio for ARM 4.18/lib/libdebugio_v7em_fpv5_sp_d16_hard_t_le_eabi.a(libdebugio.o)
                0x000000000800b7b2                debug_putchar
 *fill*         0x000000000800b7ca        0x6 
 .text.libc.__vfprintf_float_long
                0x000000000800b7d0     0x11ac C:/Program Files/SEGGER/SEGGER Embedded Studio for ARM 4.18/lib/libvfprintf_v7em_fpv5_sp_d16_hard_t_le_eabi.o
                0x000000000800b7d0                __vfprintf_float_long
 .text.TimerInit
                0x000000000800c97c       0xf0 ../../../../StdLib/Release/STM32F722/TIMER_LIB.a(Timer.o)
                0x000000000800c97c                TimerInit
 .text.TimerStart
                0x000000000800ca6c       0x38 ../../../../StdLib/Release/STM32F722/TIMER_LIB.a(Timer.o)
                0x000000000800ca6c                TimerStart
 .text.TimerStop
                0x000000000800caa4       0x3c ../../../../StdLib/Release/STM32F722/TIMER_LIB.a(Timer.o)
                0x000000000800caa4                TimerStop
 .text.TimerAddHook
                0x000000000800cae0        0xc ../../../../StdLib/Release/STM32F722/TIMER_LIB.a(Timer.o)
                0x000000000800cae0                TimerAddHook
 .text.TIM1_UP_TIM10_IRQHandler
                0x000000000800caec       0x54 ../../../../StdLib/Release/STM32F722/TIMER_LIB.a(Timer.o)
                0x000000000800caec                TIM1_UP_TIM10_IRQHandler
 .text.TIM2_IRQHandler
                0x000000000800cb40       0x30 ../../../../StdLib/Release/STM32F722/TIMER_LIB.a(Timer.o)
                0x000000000800cb40                TIM2_IRQHandler
 .text.TIM3_IRQHandler
                0x000000000800cb70       0x30 ../../../../StdLib/Release/STM32F722/TIMER_LIB.a(Timer.o)
                0x000000000800cb70                TIM3_IRQHandler
 .text.TIM4_IRQHandler
                0x000000000800cba0       0x30 ../../../../StdLib/Release/STM32F722/TIMER_LIB.a(Timer.o)
                0x000000000800cba0                TIM4_IRQHandler
 .text.TIM5_IRQHandler
                0x000000000800cbd0       0x30 ../../../../StdLib/Release/STM32F722/TIMER_LIB.a(Timer.o)
                0x000000000800cbd0                TIM5_IRQHandler
 .text.TIM6_DAC_IRQHandler
                0x000000000800cc00       0x30 ../../../../StdLib/Release/STM32F722/TIMER_LIB.a(Timer.o)
                0x000000000800cc00                TIM6_DAC_IRQHandler
 .text.TIM7_IRQHandler
                0x000000000800cc30       0x30 ../../../../StdLib/Release/STM32F722/TIMER_LIB.a(Timer.o)
                0x000000000800cc30                TIM7_IRQHandler
 .text.TIM8_UP_TIM13_IRQHandler
                0x000000000800cc60       0x54 ../../../../StdLib/Release/STM32F722/TIMER_LIB.a(Timer.o)
                0x000000000800cc60                TIM8_UP_TIM13_IRQHandler
 .text.TIM1_BRK_TIM9_IRQHandler
                0x000000000800ccb4       0x30 ../../../../StdLib/Release/STM32F722/TIMER_LIB.a(Timer.o)
                0x000000000800ccb4                TIM1_BRK_TIM9_IRQHandler
 .text.TIM1_TRG_COM_TIM11_IRQHandler
                0x000000000800cce4       0x30 ../../../../StdLib/Release/STM32F722/TIMER_LIB.a(Timer.o)
                0x000000000800cce4                TIM1_TRG_COM_TIM11_IRQHandler
 .text.TIM8_BRK_TIM12_IRQHandler
                0x000000000800cd14       0x30 ../../../../StdLib/Release/STM32F722/TIMER_LIB.a(Timer.o)
                0x000000000800cd14                TIM8_BRK_TIM12_IRQHandler
 .text.TIM8_TRG_COM_TIM14_IRQHandler
                0x000000000800cd44       0x30 ../../../../StdLib/Release/STM32F722/TIMER_LIB.a(Timer.o)
                0x000000000800cd44                TIM8_TRG_COM_TIM14_IRQHandler
 .text.spi_cbDmaTxHalf
                0x000000000800cd74        0x4 ../../../../StdLib/Release/STM32F722/SPIM_LIB.a(spim.o)
 .text.spi_cbDmaRxComp
                0x000000000800cd78        0x8 ../../../../StdLib/Release/STM32F722/SPIM_LIB.a(spim.o)
 .text.spi_DmaRx
                0x000000000800cd80       0x74 ../../../../StdLib/Release/STM32F722/SPIM_LIB.a(spim.o)
 .text.spi_DmaTx
                0x000000000800cdf4       0x5c ../../../../StdLib/Release/STM32F722/SPIM_LIB.a(spim.o)
 .text.spi_cbDmaTxError
                0x000000000800ce50        0x4 ../../../../StdLib/Release/STM32F722/SPIM_LIB.a(spim.o)
 .text.spi_cbDmaRxError
                0x000000000800ce54        0x4 ../../../../StdLib/Release/STM32F722/SPIM_LIB.a(spim.o)
 .text.spi_cbDmaRxHalf
                0x000000000800ce58        0x4 ../../../../StdLib/Release/STM32F722/SPIM_LIB.a(spim.o)
 .text.spi_cbDmaTxComp
                0x000000000800ce5c        0x4 ../../../../StdLib/Release/STM32F722/SPIM_LIB.a(spim.o)
 .text.SpimInit
                0x000000000800ce60      0x20c ../../../../StdLib/Release/STM32F722/SPIM_LIB.a(spim.o)
                0x000000000800ce60                SpimInit
 .text.SpimLinkDMA
                0x000000000800d06c       0x48 ../../../../StdLib/Release/STM32F722/SPIM_LIB.a(spim.o)
                0x000000000800d06c                SpimLinkDMA
 .text.SpimSetDataSize
                0x000000000800d0b4       0xf8 ../../../../StdLib/Release/STM32F722/SPIM_LIB.a(spim.o)
                0x000000000800d0b4                SpimSetDataSize
 *fill*         0x000000000800d1ac        0x4 
 .text.SpimSetSpeed
                0x000000000800d1b0       0xd8 ../../../../StdLib/Release/STM32F722/SPIM_LIB.a(spim.o)
                0x000000000800d1b0                SpimSetSpeed
 .text.SpimAddCallbackTransferDone
                0x000000000800d288        0x4 ../../../../StdLib/Release/STM32F722/SPIM_LIB.a(spim.o)
                0x000000000800d288                SpimAddCallbackTransferDone
 .text.SpimTransfer
                0x000000000800d28c       0x98 ../../../../StdLib/Release/STM32F722/SPIM_LIB.a(spim.o)
                0x000000000800d28c                SpimTransfer
 .text.SPI1_IRQHandler
                0x000000000800d324       0x9c ../../../../StdLib/Release/STM32F722/SPIM_LIB.a(spim.o)
                0x000000000800d324                SPI1_IRQHandler
 .text.SPI2_IRQHandler
                0x000000000800d3c0       0x9c ../../../../StdLib/Release/STM32F722/SPIM_LIB.a(spim.o)
                0x000000000800d3c0                SPI2_IRQHandler
 .text.SPI3_IRQHandler
                0x000000000800d45c       0x9c ../../../../StdLib/Release/STM32F722/SPIM_LIB.a(spim.o)
                0x000000000800d45c                SPI3_IRQHandler
 .text.SPI4_IRQHandler
                0x000000000800d4f8       0x9c ../../../../StdLib/Release/STM32F722/SPIM_LIB.a(spim.o)
                0x000000000800d4f8                SPI4_IRQHandler
 .text.SPI5_IRQHandler
                0x000000000800d594       0x9c ../../../../StdLib/Release/STM32F722/SPIM_LIB.a(spim.o)
                0x000000000800d594                SPI5_IRQHandler
 .text.DmaInit  0x000000000800d630      0x124 ../../../../StdLib/Release/STM32F722/DMA_LIB.a(dma.o)
                0x000000000800d630                DmaInit
 .text.DmaAddCallback
                0x000000000800d754        0x8 ../../../../StdLib/Release/STM32F722/DMA_LIB.a(dma.o)
                0x000000000800d754                DmaAddCallback
 .text.DmaStart
                0x000000000800d75c       0x50 ../../../../StdLib/Release/STM32F722/DMA_LIB.a(dma.o)
                0x000000000800d75c                DmaStart
 .text.DmaStop  0x000000000800d7ac        0xc ../../../../StdLib/Release/STM32F722/DMA_LIB.a(dma.o)
                0x000000000800d7ac                DmaStop
 .text.DMA1_Stream0_IRQHandler
                0x000000000800d7b8       0xcc ../../../../StdLib/Release/STM32F722/DMA_LIB.a(dma.o)
                0x000000000800d7b8                DMA1_Stream0_IRQHandler
 .text.DMA1_Stream1_IRQHandler
                0x000000000800d884       0xcc ../../../../StdLib/Release/STM32F722/DMA_LIB.a(dma.o)
                0x000000000800d884                DMA1_Stream1_IRQHandler
 .text.DMA1_Stream2_IRQHandler
                0x000000000800d950       0xcc ../../../../StdLib/Release/STM32F722/DMA_LIB.a(dma.o)
                0x000000000800d950                DMA1_Stream2_IRQHandler
 .text.DMA1_Stream3_IRQHandler
                0x000000000800da1c       0xcc ../../../../StdLib/Release/STM32F722/DMA_LIB.a(dma.o)
                0x000000000800da1c                DMA1_Stream3_IRQHandler
 .text.DMA1_Stream4_IRQHandler
                0x000000000800dae8       0xcc ../../../../StdLib/Release/STM32F722/DMA_LIB.a(dma.o)
                0x000000000800dae8                DMA1_Stream4_IRQHandler
 .text.DMA1_Stream5_IRQHandler
                0x000000000800dbb4       0xcc ../../../../StdLib/Release/STM32F722/DMA_LIB.a(dma.o)
                0x000000000800dbb4                DMA1_Stream5_IRQHandler
 .text.DMA1_Stream6_IRQHandler
                0x000000000800dc80       0xcc ../../../../StdLib/Release/STM32F722/DMA_LIB.a(dma.o)
                0x000000000800dc80                DMA1_Stream6_IRQHandler
 .text.DMA1_Stream7_IRQHandler
                0x000000000800dd4c       0xcc ../../../../StdLib/Release/STM32F722/DMA_LIB.a(dma.o)
                0x000000000800dd4c                DMA1_Stream7_IRQHandler
 .text.DMA2_Stream0_IRQHandler
                0x000000000800de18       0xcc ../../../../StdLib/Release/STM32F722/DMA_LIB.a(dma.o)
                0x000000000800de18                DMA2_Stream0_IRQHandler
 .text.DMA2_Stream1_IRQHandler
                0x000000000800dee4       0xcc ../../../../StdLib/Release/STM32F722/DMA_LIB.a(dma.o)
                0x000000000800dee4                DMA2_Stream1_IRQHandler
 .text.DMA2_Stream2_IRQHandler
                0x000000000800dfb0       0xcc ../../../../StdLib/Release/STM32F722/DMA_LIB.a(dma.o)
                0x000000000800dfb0                DMA2_Stream2_IRQHandler
 .text.DMA2_Stream3_IRQHandler
                0x000000000800e07c       0xcc ../../../../StdLib/Release/STM32F722/DMA_LIB.a(dma.o)
                0x000000000800e07c                DMA2_Stream3_IRQHandler
 .text.DMA2_Stream4_IRQHandler
                0x000000000800e148       0xcc ../../../../StdLib/Release/STM32F722/DMA_LIB.a(dma.o)
                0x000000000800e148                DMA2_Stream4_IRQHandler
 .text.DMA2_Stream5_IRQHandler
                0x000000000800e214       0xcc ../../../../StdLib/Release/STM32F722/DMA_LIB.a(dma.o)
                0x000000000800e214                DMA2_Stream5_IRQHandler
 .text.DMA2_Stream6_IRQHandler
                0x000000000800e2e0       0xcc ../../../../StdLib/Release/STM32F722/DMA_LIB.a(dma.o)
                0x000000000800e2e0                DMA2_Stream6_IRQHandler
 .text.DMA2_Stream7_IRQHandler
                0x000000000800e3ac       0xcc ../../../../StdLib/Release/STM32F722/DMA_LIB.a(dma.o)
                0x000000000800e3ac                DMA2_Stream7_IRQHandler
 .text.I2cInit  0x000000000800e478       0xa4 ../src/BSP/I2C_LIB.a(i2c.o)
                0x000000000800e478                I2cInit
 .text.I2cWrite
                0x000000000800e51c       0x4c ../src/BSP/I2C_LIB.a(i2c.o)
                0x000000000800e51c                I2cWrite
 .text.I2cRead  0x000000000800e568       0x58 ../src/BSP/I2C_LIB.a(i2c.o)
                0x000000000800e568                I2cRead
 .text.I2cAddHook
                0x000000000800e5c0        0xc ../src/BSP/I2C_LIB.a(i2c.o)
                0x000000000800e5c0                I2cAddHook
 .text.I2C1_EV_IRQHandler
                0x000000000800e5cc      0x10c ../src/BSP/I2C_LIB.a(i2c.o)
                0x000000000800e5cc                I2C1_EV_IRQHandler
 .text.I2C2_EV_IRQHandler
                0x000000000800e6d8      0x10c ../src/BSP/I2C_LIB.a(i2c.o)
                0x000000000800e6d8                I2C2_EV_IRQHandler
 .text.I2C3_EV_IRQHandler
                0x000000000800e7e4      0x10c ../src/BSP/I2C_LIB.a(i2c.o)
                0x000000000800e7e4                I2C3_EV_IRQHandler
 .text.libdebugio.__do_debug_operation
                0x000000000800e8f0       0x30 C:/Program Files/SEGGER/SEGGER Embedded Studio for ARM 4.18/lib/libdebugio_mempoll_v7em_fpv5_sp_d16_hard_t_le_eabi.a(mempoll_debug_operations.o)
                0x000000000800e8f0                __do_debug_operation
                0x000000000800e920                __text_end__ = (__text_start__ + SIZEOF (.text))
                0x000000000000e4c4                __text_size__ = SIZEOF (.text)
                0x000000000800e920                __text_load_end__ = __text_end__

.vfp11_veneer   0x0000000100000000        0x0
 .vfp11_veneer  0x0000000100000000        0x0 linker stubs

.v4_bx          0x0000000100000000        0x0
 .v4_bx         0x0000000100000000        0x0 linker stubs

.iplt           0x0000000100000000        0x0
 .iplt          0x0000000100000000        0x0 Output/RTOS_Queue Debug/Obj/system_stm32f7xx.o