Archive member included to satisfy reference by file (symbol)

../../../../StdLib/Common/Lib/GUI/GUI_GCC_CM7_R6.a(gui.o)
                              Output/RTOS_Queue Release/Obj/main.o (GUI_Init)
../../../../StdLib/Common/Lib/GUI/GUI_GCC_CM7_R6.a(Font_Console10.o)
                              ../../../../StdLib/Common/Lib/GUI/GUI_GCC_CM7_R6.a(gui.o) (GUI_CONSOLE10_FONT)
C:/Program Files/SEGGER/SEGGER Embedded Studio for ARM 4.18/lib/libm_v7em_fpv5_sp_d16_hard_t_le_eabi.a(libm_asm.o)
                              Output/RTOS_Queue Release/Obj/Usart.o (__aeabi_i2d)
C:/Program Files/SEGGER/SEGGER Embedded Studio for ARM 4.18/lib/libm_v7em_fpv5_sp_d16_hard_t_le_eabi.a(libm2.o)
                              Output/RTOS_Queue Release/Obj/imu.o (asinf)
C:/Program Files/SEGGER/SEGGER Embedded Studio for ARM 4.18/lib/libm_v7em_fpv5_sp_d16_hard_t_le_eabi.a(libm2_asm.o)
                              C:/Program Files/SEGGER/SEGGER Embedded Studio for ARM 4.18/lib/libm_v7em_fpv5_sp_d16_hard_t_le_eabi.a(libm2.o) (fabs)
C:/Program Files/SEGGER/SEGGER Embedded Studio for ARM 4.18/lib/libc_v7em_fpv5_sp_d16_hard_t_le_eabi.a(libc2.o)
                              Output/RTOS_Queue Release/Obj/deca_device.o (abs)
C:/Program Files/SEGGER/SEGGER Embedded Studio for ARM 4.18/lib/libc_v7em_fpv5_sp_d16_hard_t_le_eabi.a(libc2_asm.o)
                              Output/RTOS_Queue Release/Obj/term.o (memcpy)
C:/Program Files/SEGGER/SEGGER Embedded Studio for ARM 4.18/lib/libc_v7em_fpv5_sp_d16_hard_t_le_eabi.a(libc_asm.o)
                              C:/Program Files/SEGGER/SEGGER Embedded Studio for ARM 4.18/lib/libc_v7em_fpv5_sp_d16_hard_t_le_eabi.a(libc2.o) (__aeabi_uldivmod)
C:/Program Files/SEGGER/SEGGER Embedded Studio for ARM 4.18/lib/libdebugio_v7em_fpv5_sp_d16_hard_t_le_eabi.a(libdebugio.o)
                              Output/RTOS_Queue Release/Obj/thumb_crt0.o (debug_fopen)
../../../../StdLib/Release/STM32F722/TIMER_LIB.a(Timer.o)
                              Output/RTOS_Queue Release/Obj/main.o (TimerInit)
../../../../StdLib/Release/STM32F722/SPIM_LIB.a(spim.o)
                              Output/RTOS_Queue Release/Obj/main.o (SpimInit)
../../../../StdLib/Release/STM32F722/DMA_LIB.a(dma.o)
                              Output/RTOS_Queue Release/Obj/main.o (DmaInit)
C:/Program Files/SEGGER/SEGGER Embedded Studio for ARM 4.18/lib/libdebugio_mempoll_v7em_fpv5_sp_d16_hard_t_le_eabi.a(mempoll_debug_operations.o)
                              C:/Program Files/SEGGER/SEGGER Embedded Studio for ARM 4.18/lib/libdebugio_v7em_fpv5_sp_d16_hard_t_le_eabi.a(libdebugio.o) (__do_debug_operation)
C:/Program Files/SEGGER/SEGGER Embedded Studio for ARM 4.18/lib/libdebugio_mempoll_v7em_fpv5_sp_d16_hard_t_le_eabi.a(do_nv_debug_operation.o)
                              C:/Program Files/SEGGER/SEGGER Embedded Studio for ARM 4.18/lib/libdebugio_v7em_fpv5_sp_d16_hard_t_le_eabi.a(libdebugio.o) (__do_nvdebug_operation)

Discarded input sections

 .text          0x0000000000000000        0x0 Output/RTOS_Queue Release/Obj/system_stm32f7xx.o
 .data          0x0000000000000000        0x0 Output/RTOS_Queue Release/Obj/system_stm32f7xx.o
 .bss           0x0000000000000000        0x0 Output/RTOS_Queue Release/Obj/system_stm32f7xx.o
 .rodata.APBPrescTable
                0x0000000000000000        0x8 Output/RTOS_Queue Release/Obj/system_stm32f7xx.o
 .text          0x0000000000000000        0x0 Output/RTOS_Queue Release/Obj/BSP.o
 .data          0x0000000000000000        0x0 Output/RTOS_Queue Release/Obj/BSP.o
 .bss           0x0000000000000000        0x0 Output/RTOS_Queue Release/Obj/BSP.o
 .text          0x0000000000000000        0x0 Output/RTOS_Queue Release/Obj/IRQ.o
 .data          0x0000000000000000        0x0 Output/RTOS_Queue Release/Obj/IRQ.o
 .bss           0x0000000000000000        0x0 Output/RTOS_Queue Release/Obj/IRQ.o
 .text          0x0000000000000000        0x0 Output/RTOS_Queue Release/Obj/Clock.o
 .data          0x0000000000000000        0x0 Output/RTOS_Queue Release/Obj/Clock.o
 .bss           0x0000000000000000        0x0 Output/RTOS_Queue Release/Obj/Clock.o
 .text.ClockSetWaitStates
                0x0000000000000000       0xb0 Output/RTOS_Queue Release/Obj/Clock.o
 .text          0x0000000000000000        0x0 Output/RTOS_Queue Release/Obj/Hal.o
 .data          0x0000000000000000        0x0 Output/RTOS_Queue Release/Obj/Hal.o
 .bss           0x0000000000000000        0x0 Output/RTOS_Queue Release/Obj/Hal.o
 .text          0x0000000000000000        0x0 Output/RTOS_Queue Release/Obj/Retarget.o
 .data          0x0000000000000000        0x0 Output/RTOS_Queue Release/Obj/Retarget.o
 .bss           0x0000000000000000        0x0 Output/RTOS_Queue Release/Obj/Retarget.o
 .text.IsKbHit  0x0000000000000000        0x4 Output/RTOS_Queue Release/Obj/Retarget.o
 .text.GetKey   0x0000000000000000        0xc Output/RTOS_Queue Release/Obj/Retarget.o
 .text.x_putchar
[...]
Memory Configuration

Name             Origin             Length             Attributes
UNPLACED_SECTIONS 0x0000000100000000 0x0000000000000000 xw
RAM2             0x0000000020020000 0x0000000000060000 xw
RAM              0x0000000020000000 0x0000000000020000 xw
FLASH            0x0000000008000000 0x0000000000200000 xr
FLASH2           0x0000000000200000 0x0000000000200000 xr
*default*        0x0000000000000000 0xffffffffffffffff

Linker script and memory map

                0x000000000800b990                __vfprintf = __vfprintf_float_long
                0x0000000000000000                __vfscanf = __vfscanf_float_long
                0x0000000020020000                __RAM2_segment_start__ = 0x20020000
                0x0000000020080000                __RAM2_segment_end__ = 0x20080000
                0x0000000000060000                __RAM2_segment_size__ = 0x60000
                0x0000000020000000                __RAM_segment_start__ = 0x20000000
                0x0000000020020000                __RAM_segment_end__ = 0x20020000
                0x0000000000020000                __RAM_segment_size__ = 0x20000
                0x0000000008000000                __FLASH_segment_start__ = 0x8000000
                0x0000000008200000                __FLASH_segment_end__ = 0x8200000
                0x0000000000200000                __FLASH_segment_size__ = 0x200000
                0x0000000000200000                __FLASH2_segment_start__ = 0x200000
                0x0000000000400000                __FLASH2_segment_end__ = 0x400000
                0x0000000000200000                __FLASH2_segment_size__ = 0x200000
                0x0000000000000100                __HEAPSIZE__ = 0x100
                0x0000000000000000                __STACKSIZE_PROCESS__ = 0x0
                0x0000000000000100                __STACKSIZE__ = 0x100
                0x0000000000200000                __text2_load_start__ = ALIGN (__FLASH2_segment_start__, 0x4)

.text2          0x0000000000200000        0x0
                0x0000000000200000                __text2_start__ = .
 *(.text2 .text2.*)
                0x0000000000200000                __text2_end__ = (__text2_start__ + SIZEOF (.text2))
                0x0000000000000000                __text2_size__ = SIZEOF (.text2)
                0x0000000000200000                __text2_load_end__ = __text2_end__
                0x0000000000000001                . = ASSERT (((__text2_start__ == __text2_end__) || ((__text2_end__ - __FLASH2_segment_start__) <= __FLASH2_segment_size__)), error: .text2 is too large to fit in FLASH2 memory segment)
                0x0000000000200000                __rodata2_load_start__ = ALIGN (__text2_end__, 0x4)

.rodata2        0x0000000000200000        0x0
                0x0000000000200000                __rodata2_start__ = .
 *(.rodata2 .rodata2.*)
                0x0000000000200000                __rodata2_end__ = (__rodata2_start__ + SIZEOF (.rodata2))
                0x0000000000000000                __rodata2_size__ = SIZEOF (.rodata2)
                0x0000000000200000                __rodata2_load_end__ = __rodata2_end__
                0x0000000000000001                . = ASSERT (((__rodata2_start__ == __rodata2_end__) || ((__rodata2_end__ - __FLASH2_segment_start__) <= __FLASH2_segment_size__)), error: .rodata2 is too large to fit in FLASH2 memory segment)
                0x0000000000200000                __data2_load_start__ = ALIGN (__rodata2_end__, 0x4)

.data2          0x0000000020020000        0x0 load address 0x0000000000200000
                0x0000000020020000                __data2_start__ = .
 *(.data2 .data2.*)
                0x0000000020020000                __data2_end__ = (__data2_start__ + SIZEOF (.data2))
                0x0000000000000000                __data2_size__ = SIZEOF (.data2)
                0x0000000000200000                __data2_load_end__ = (__data2_load_start__ + SIZEOF (.data2))
                0x0000000000200000                __FLASH2_segment_used_end__ = (ALIGN (__rodata2_end__, 0x4) + SIZEOF (.data2))
                0x0000000000000000                __FLASH2_segment_used_size__ = (__FLASH2_segment_used_end__ - __FLASH2_segment_start__)
                0x0000000000000001                . = ASSERT (((__data2_load_start__ == __data2_load_end__) || ((__data2_load_end__ - __FLASH2_segment_start__) <= __FLASH2_segment_size__)), error: .data2 is too large to fit in FLASH2 memory segment)

.data2_run      0x0000000020020000        0x0
                0x0000000020020000                __data2_run_start__ = .
                0x0000000020020000                . = MAX ((__data2_run_start__ + SIZEOF (.data2)), .)
                0x0000000020020000                __data2_run_end__ = (__data2_run_start__ + SIZEOF (.data2_run))
                0x0000000000000000                __data2_run_size__ = SIZEOF (.data2_run)
                0x0000000020020000                __data2_run_load_end__ = __data2_run_end__
                0x0000000000000001                . = ASSERT (((__data2_run_start__ == __data2_run_end__) || ((__data2_run_end__ - __RAM2_segment_start__) <= __RAM2_segment_size__)), error: .data2_run is too large to fit in RAM2 memory segment)
                0x0000000020020000                __bss2_load_start__ = ALIGN (__data2_run_end__, 0x4)

.bss2           0x0000000020020000        0x0
                0x0000000020020000                __bss2_start__ = .
 *(.bss2 .bss2.*)
                0x0000000020020000                __bss2_end__ = (__bss2_start__ + SIZEOF (.bss2))
                0x0000000000000000                __bss2_size__ = SIZEOF (.bss2)
                0x0000000020020000                __bss2_load_end__ = __bss2_end__
                0x0000000020020000                __RAM2_segment_used_end__ = (ALIGN (__data2_run_end__, 0x4) + SIZEOF (.bss2))
                0x0000000000000000                __RAM2_segment_used_size__ = (__RAM2_segment_used_end__ - __RAM2_segment_start__)
                0x0000000000000001                . = ASSERT (((__bss2_start__ == __bss2_end__) || ((__bss2_end__ - __RAM2_segment_start__) <= __RAM2_segment_size__)), error: .bss2 is too large to fit in RAM2 memory segment)
                0x0000000020000000                __vectors_ram_load_start__ = ALIGN (__RAM_segment_start__, 0x100)

.vectors_ram    0x0000000020000000        0x0
                0x0000000020000000                __vectors_ram_start__ = .
 *(.vectors_ram .vectors_ram.*)
                0x0000000020000000                __vectors_ram_end__ = (__vectors_ram_start__ + SIZEOF (.vectors_ram))
                0x0000000000000000                __vectors_ram_size__ = SIZEOF (.vectors_ram)
                0x0000000020000000                __vectors_ram_load_end__ = __vectors_ram_end__
                0x0000000000000001                . = ASSERT (((__vectors_ram_start__ == __vectors_ram_end__) || ((__vectors_ram_end__ - __RAM_segment_start__) <= __RAM_segment_size__)), error: .vectors_ram is too large to fit in RAM memory segment)
                0x0000000008000000                __vectors_load_start__ = ALIGN (__FLASH_segment_start__, 0x100)

.vectors        0x0000000008000000      0x1f8
                0x0000000008000000                __vectors_start__ = .
 *(.vectors .vectors.*)
 .vectors       0x0000000008000000      0x1f8 Output/RTOS_Queue Release/Obj/STM32F7x5_v1r1_Vectors.o
                0x0000000008000000                _vectors
                0x00000000080001f8                __vectors_end__ = (__vectors_start__ + SIZEOF (.vectors))
                0x00000000000001f8                __vectors_size__ = SIZEOF (.vectors)
                0x00000000080001f8                __vectors_load_end__ = __vectors_end__
                0x0000000000000001                . = ASSERT (((__vectors_start__ == __vectors_end__) || ((__vectors_end__ - __FLASH_segment_start__) <= __FLASH_segment_size__)), error: .vectors is too large to fit in FLASH memory segment)
                0x00000000080001f8                __init_load_start__ = ALIGN (__vectors_end__, 0x4)

.init           0x00000000080001f8      0x264
                0x00000000080001f8                __init_start__ = .
 *(.init .init.*)
 .init          0x00000000080001f8       0xe4 Output/RTOS_Queue Release/Obj/STM32F7x5_v1r1_Vectors.o
                0x00000000080001f8                NMI_Handler
                0x0000000008000204                WWDG_IRQHandler
                0x0000000008000206                PVD_IRQHandler
                0x0000000008000208                TAMP_STAMP_IRQHandler
                0x000000000800020a                RTC_WKUP_IRQHandler
                0x000000000800020c                FLASH_IRQHandler
                0x000000000800020e                RCC_IRQHandler
                0x0000000008000228                ADC_IRQHandler
                0x000000000800022a                CAN1_TX_IRQHandler
                0x000000000800022c                CAN1_RX0_IRQHandler
                0x000000000800022e                CAN1_RX1_IRQHandler
                0x0000000008000230                CAN1_SCE_IRQHandler
                0x000000000800023a                TIM1_CC_IRQHandler
                0x0000000008000244                I2C1_ER_IRQHandler
                0x0000000008000248                I2C2_ER_IRQHandler
                0x0000000008000256                RTC_ALARM_IRQHandler
                0x0000000008000258                OTG_FS_WKUP_IRQHandler
                0x0000000008000260                TIM8_CC_IRQHandler
                0x0000000008000264                FMC_IRQHandler
                0x0000000008000266                SDMMC1_IRQHandler
                0x000000000800026c                UART4_IRQHandler
                0x000000000800026e                UART5_IRQHandler
                0x000000000800027e                ETH_IRQHandler
                0x0000000008000280                ETH_WKUP_IRQHandler
                0x0000000008000282                CAN2_TX_IRQHandler
                0x0000000008000284                CAN2_RX0_IRQHandler
                0x0000000008000286                CAN2_RX1_IRQHandler
                0x0000000008000288                CAN2_SCE_IRQHandler
                0x000000000800028a                OTG_FS_IRQHandler
                0x0000000008000296                I2C3_ER_IRQHandler
                0x0000000008000298                OTG_HS_EP1_OUT_IRQHandler
                0x000000000800029a                OTG_HS_EP1_IN_IRQHandler
                0x000000000800029c                OTG_HS_WKUP_IRQHandler
                0x000000000800029e                OTG_HS_IRQHandler
                0x00000000080002a0                DCMI_IRQHandler
                0x00000000080002a2                RNG_IRQHandler
                0x00000000080002a4                FPU_IRQHandler
                0x00000000080002a6                UART7_IRQHandler
                0x00000000080002a8                UART8_IRQHandler
                0x00000000080002ae                SPI6_IRQHandler
                0x00000000080002b0                SAI1_IRQHandler
                0x00000000080002b2                LCD_TFT_IRQHandler
                0x00000000080002b4                LTDC_ER_IRQHandler
                0x00000000080002b6                DMA2D_IRQHandler
                0x00000000080002b8                SAI2_IRQHandler
                0x00000000080002ba                QUADSPI_IRQHandler
                0x00000000080002bc                LPTIM1_IRQHandler
                0x00000000080002be                CEC_IRQHandler
                0x00000000080002c0                I2C4_EV_IRQHandler
                0x00000000080002c2                I2C4_ER_IRQHandler
                0x00000000080002c4                SPDIF_RX_IRQHandler
                0x00000000080002c6                DFSDM1_FLT0_IRQHandler
                0x00000000080002c8                DFSDM1_FLT1_IRQHandler
                0x00000000080002ca                DFSDM1_FLT2_IRQHandler
                0x00000000080002cc                DFSDM1_FLT3_IRQHandler
                0x00000000080002ce                SDMMC2_IRQHandler
                0x00000000080002d0                CAN3_TX_IRQHandler
                0x00000000080002d2                CAN3_RX0_IRQHandler
                0x00000000080002d4                CAN3_RX1_IRQHandler
                0x00000000080002d6                CAN3_SCE_IRQHandler
                0x00000000080002d8                MDIOS_IRQHandler
 .init          0x00000000080002dc       0x28 Output/RTOS_Queue Release/Obj/STM32F7xx_Startup.o
                0x00000000080002dc                Reset_Handler
 .init          0x0000000008000304      0x158 Output/RTOS_Queue Release/Obj/thumb_crt0.o
                0x0000000008000304                _start
                0x00000000080003b6                exit
                0x000000000800045c                __init_end__ = (__init_start__ + SIZEOF (.init))
                0x0000000000000264                __init_size__ = SIZEOF (.init)
                0x000000000800045c                __init_load_end__ = __init_end__
                0x0000000000000001                . = ASSERT (((__init_start__ == __init_end__) || ((__init_end__ - __FLASH_segment_start__) <= __FLASH_segment_size__)), error: .init is too large to fit in FLASH memory segment)
                0x000000000800045c                __init_rodata_load_start__ = ALIGN (__init_end__, 0x4)

.init_rodata    0x000000000800045c        0x0
                0x000000000800045c                __init_rodata_start__ = .
 *(.init_rodata .init_rodata.*)
                0x000000000800045c                __init_rodata_end__ = (__init_rodata_start__ + SIZEOF (.init_rodata))
                0x0000000000000000                __init_rodata_size__ = SIZEOF (.init_rodata)
                0x000000000800045c                __init_rodata_load_end__ = __init_rodata_end__
                0x0000000000000001                . = ASSERT (((__init_rodata_start__ == __init_rodata_end__) || ((__init_rodata_end__ - __FLASH_segment_start__) <= __FLASH_segment_size__)), error: .init_rodata is too large to fit in FLASH memory segment)
                0x000000000800045c                __text_load_start__ = ALIGN (__init_rodata_end__, 0x4)

.text           0x000000000800045c     0xe1dc
                0x000000000800045c                __text_start__ = .
 *(.text .text.* .glue_7t .glue_7 .gnu.linkonce.t.* .gcc_except_table .ARM.extab* .gnu.linkonce.armextab.*)
 .glue_7        0x000000000800045c        0x0 linker stubs
 .glue_7t       0x000000000800045c        0x0 linker stubs
 .text.SystemInit
                0x000000000800045c       0x50 Output/RTOS_Queue Release/Obj/system_stm32f7xx.o
                0x000000000800045c                SystemInit
 .text.SystemCoreClockUpdate
                0x00000000080004ac       0x70 Output/RTOS_Queue Release/Obj/system_stm32f7xx.o
                0x00000000080004ac                SystemCoreClockUpdate
 .text.BSPInit  0x000000000800051c       0xac Output/RTOS_Queue Release/Obj/BSP.o
                0x000000000800051c                BSPInit
 .text.HardFault_Handler
                0x00000000080005c8       0x24 Output/RTOS_Queue Release/Obj/BSP.o
                0x00000000080005c8                HardFault_Handler
 .text.IRQInit  0x00000000080005ec       0x2c Output/RTOS_Queue Release/Obj/IRQ.o
                0x00000000080005ec                IRQInit
 .text.EXTI0_IRQHandler
                0x0000000008000618        0xc Output/RTOS_Queue Release/Obj/IRQ.o
                0x0000000008000618                EXTI0_IRQHandler
 .text.EXTI1_IRQHandler
                0x0000000008000624        0xc Output/RTOS_Queue Release/Obj/IRQ.o
                0x0000000008000624                EXTI1_IRQHandler
 .text.EXTI2_IRQHandler
                0x0000000008000630        0xc Output/RTOS_Queue Release/Obj/IRQ.o
                0x0000000008000630                EXTI2_IRQHandler
 .text.EXTI3_IRQHandler
                0x000000000800063c        0xc Output/RTOS_Queue Release/Obj/IRQ.o
                0x000000000800063c                EXTI3_IRQHandler
 .text.EXTI4_IRQHandler
                0x0000000008000648        0xc Output/RTOS_Queue Release/Obj/IRQ.o
                0x0000000008000648                EXTI4_IRQHandler
 .text.EXTI9_5_IRQHandler
                0x0000000008000654       0x44 Output/RTOS_Queue Release/Obj/IRQ.o
                0x0000000008000654                EXTI9_5_IRQHandler
 .text.EXTI15_10_IRQHandler
                0x0000000008000698       0x84 Output/RTOS_Queue Release/Obj/IRQ.o
                0x0000000008000698                EXTI15_10_IRQHandler
 .text.ClockInit
                0x000000000800071c       0xbc Output/RTOS_Queue Release/Obj/Clock.o
                0x000000000800071c                ClockInit
 .text.PortInit
                0x00000000080007d8      0x898 Output/RTOS_Queue Release/Obj/Hal.o
                0x00000000080007d8                PortInit
 .text.lcd_cbSpiDone
                0x0000000008001070       0x28 Output/RTOS_Queue Release/Obj/LCD_ST7735R.o
 .text.LcdInit  0x0000000008001098      0xa60 Output/RTOS_Queue Release/Obj/LCD_ST7735R.o
                0x0000000008001098                LcdInit
 .text.LCD_GetSize
                0x0000000008001af8       0x18 Output/RTOS_Queue Release/Obj/LCD_ST7735R.o
                0x0000000008001af8                LCD_GetSize
 .text.LCD_AddCallback
                0x0000000008001b10        0xc Output/RTOS_Queue Release/Obj/LCD_ST7735R.o
                0x0000000008001b10                LCD_AddCallback
 .text.LCD_WriteDataPixel
                0x0000000008001b1c       0x58 Output/RTOS_Queue Release/Obj/LCD_ST7735R.o
                0x0000000008001b1c                LCD_WriteDataPixel
 .text.UartInit
                0x0000000008001b74      0x170 Output/RTOS_Queue Release/Obj/Usart.o
 .text.UartSetBaud
                0x0000000008001ce4      0x10c Output/RTOS_Queue Release/Obj/Usart.o
 .text.UartSetCfg
                0x0000000008001df0       0xd0 Output/RTOS_Queue Release/Obj/Usart.o
 .text.UartSetIrqLevel
                0x0000000008001ec0       0x24 Output/RTOS_Queue Release/Obj/Usart.o
 .text.UartLoopback
                0x0000000008001ee4        0x4 Output/RTOS_Queue Release/Obj/Usart.o
 .text.UartWrite
                0x0000000008001ee8       0x10 Output/RTOS_Queue Release/Obj/Usart.o
 .text.UartRead
                0x0000000008001ef8        0x8 Output/RTOS_Queue Release/Obj/Usart.o
 .text.UartIsTxEnd
                0x0000000008001f00       0x10 Output/RTOS_Queue Release/Obj/Usart.o
 .text.UartIsTxReady
                0x0000000008001f10       0x10 Output/RTOS_Queue Release/Obj/Usart.o
 .text.UartIsRxReady
                0x0000000008001f20        0xc Output/RTOS_Queue Release/Obj/Usart.o
 .text.UartTxEnd
                0x0000000008001f2c        0xc Output/RTOS_Queue Release/Obj/Usart.o
 .text.UartRxEnd
                0x0000000008001f38        0xc Output/RTOS_Queue Release/Obj/Usart.o
 .text.UartLock
                0x0000000008001f44       0x10 Output/RTOS_Queue Release/Obj/Usart.o
 .text.UartUnlock
                0x0000000008001f54        0x8 Output/RTOS_Queue Release/Obj/Usart.o
 .text.UartDmaRx
                0x0000000008001f5c       0x4c Output/RTOS_Queue Release/Obj/Usart.o
 .text.UartDmaTx
                0x0000000008001fa8       0x28 Output/RTOS_Queue Release/Obj/Usart.o
 .text.USART1_IRQHandler
                0x0000000008001fd0       0x4c Output/RTOS_Queue Release/Obj/Usart.o
                0x0000000008001fd0                USART1_IRQHandler
 .text.USART2_IRQHandler
                0x000000000800201c       0x4c Output/RTOS_Queue Release/Obj/Usart.o
                0x000000000800201c                USART2_IRQHandler
 .text.USART3_IRQHandler
                0x0000000008002068       0x4c Output/RTOS_Queue Release/Obj/Usart.o
                0x0000000008002068                USART3_IRQHandler
 .text.USART6_IRQHandler
                0x00000000080020b4       0x4c Output/RTOS_Queue Release/Obj/Usart.o
                0x00000000080020b4                USART6_IRQHandler
 .text.enc_cbOnTimer
                0x0000000008002100       0x68 Output/RTOS_Queue Release/Obj/Encoder.o
 .text.ShaftEncoderInit
                0x0000000008002168       0x78 Output/RTOS_Queue Release/Obj/Encoder.o
                0x0000000008002168                ShaftEncoderInit
 .text.ShaftEncoderCfg
                0x00000000080021e0       0x74 Output/RTOS_Queue Release/Obj/Encoder.o
                0x00000000080021e0                ShaftEncoderCfg
 .text.ShaftEncoderChangeInterval
                0x0000000008002254       0xc4 Output/RTOS_Queue Release/Obj/Encoder.o
                0x0000000008002254                ShaftEncoderChangeInterval
 .text.ShaftEncoderAdd
                0x0000000008002318       0x24 Output/RTOS_Queue Release/Obj/Encoder.o
                0x0000000008002318                ShaftEncoderAdd
 .text.ShaftEncoderReset
                0x000000000800233c        0x8 Output/RTOS_Queue Release/Obj/Encoder.o
                0x000000000800233c                ShaftEncoderReset
 .text.ShaftEncoderLinkCCM
                0x0000000008002344        0x8 Output/RTOS_Queue Release/Obj/Encoder.o
                0x0000000008002344                ShaftEncoderLinkCCM
 .text.ShaftEncoderReadRPM
                0x000000000800234c       0x1c Output/RTOS_Queue Release/Obj/Encoder.o
                0x000000000800234c                ShaftEncoderReadRPM
 .text.PWMInit  0x0000000008002368       0xf8 Output/RTOS_Queue Release/Obj/Pwm.o
                0x0000000008002368                PWMInit
 .text.PWMEnable
                0x0000000008002460      0x128 Output/RTOS_Queue Release/Obj/Pwm.o
                0x0000000008002460                PWMEnable
 .text.PWMDisable
                0x0000000008002588       0x40 Output/RTOS_Queue Release/Obj/Pwm.o
                0x0000000008002588                PWMDisable
 .text.PIDCtrlInit
                0x00000000080025c8       0x50 Output/RTOS_Queue Release/Obj/PID.o
                0x00000000080025c8                PIDCtrlInit
 .text.PIDRestart
                0x0000000008002618       0x28 Output/RTOS_Queue Release/Obj/PID.o
                0x0000000008002618                PIDRestart
 .text.PIDCtrlSetTargetValue
                0x0000000008002640        0x4 Output/RTOS_Queue Release/Obj/PID.o
                0x0000000008002640                PIDCtrlSetTargetValue
 .text.PIDCtrlOutputConfig
                0x0000000008002644        0xc Output/RTOS_Queue Release/Obj/PID.o
                0x0000000008002644                PIDCtrlOutputConfig
 .text.PIDOnTimer
                0x0000000008002650      0x184 Output/RTOS_Queue Release/Obj/PID.o
                0x0000000008002650                PIDOnTimer
 .text.PIDCtrlSetParam
                0x00000000080027d4       0x10 Output/RTOS_Queue Release/Obj/PID.o
                0x00000000080027d4                PIDCtrlSetParam
 .text.CCMInit  0x00000000080027e4       0xb4 Output/RTOS_Queue Release/Obj/Ccm.o
                0x00000000080027e4                CCMInit
 .text.CCMEncoderMode
                0x0000000008002898       0xec Output/RTOS_Queue Release/Obj/Ccm.o
                0x0000000008002898                CCMEncoderMode
 .text.CCMReadCountAutoReset
                0x0000000008002984       0x1c Output/RTOS_Queue Release/Obj/Ccm.o
                0x0000000008002984                CCMReadCountAutoReset
 .text.TerminalInit
                0x00000000080029a0       0x10 Output/RTOS_Queue Release/Obj/term.o
                0x00000000080029a0                TerminalInit
 .text.TerminalAckToHost
                0x00000000080029b0       0x34 Output/RTOS_Queue Release/Obj/term.o
                0x00000000080029b0                TerminalAckToHost
 .text.TerminalParse
                0x00000000080029e4       0x78 Output/RTOS_Queue Release/Obj/term.o
                0x00000000080029e4                TerminalParse
 .text.MotorsInit
                0x0000000008002a5c       0x10 Output/RTOS_Queue Release/Obj/motors.o
                0x0000000008002a5c                MotorsInit
 .text.MotorsMoveFront
                0x0000000008002a6c       0xc0 Output/RTOS_Queue Release/Obj/motors.o
                0x0000000008002a6c                MotorsMoveFront
 .text.MotorsMoveBack
                0x0000000008002b2c       0xc4 Output/RTOS_Queue Release/Obj/motors.o
                0x0000000008002b2c                MotorsMoveBack
 .text.MotorsMoveLeft
                0x0000000008002bf0       0xc0 Output/RTOS_Queue Release/Obj/motors.o
                0x0000000008002bf0                MotorsMoveLeft
 .text.MotorsMoveRight
                0x0000000008002cb0       0xc0 Output/RTOS_Queue Release/Obj/motors.o
                0x0000000008002cb0                MotorsMoveRight
 .text.MotorsMoveFrontLeft
                0x0000000008002d70       0x8c Output/RTOS_Queue Release/Obj/motors.o
                0x0000000008002d70                MotorsMoveFrontLeft
 .text.MotorsMoveBackLeft
                0x0000000008002dfc       0x94 Output/RTOS_Queue Release/Obj/motors.o
                0x0000000008002dfc                MotorsMoveBackLeft
 .text.MotorsMoveBackRight
                0x0000000008002e90       0x90 Output/RTOS_Queue Release/Obj/motors.o
                0x0000000008002e90                MotorsMoveBackRight
 .text.MotorsMoveFrontRight
                0x0000000008002f20       0x90 Output/RTOS_Queue Release/Obj/motors.o
                0x0000000008002f20                MotorsMoveFrontRight
 .text.MotorsRotateRight
                0x0000000008002fb0       0xc0 Output/RTOS_Queue Release/Obj/motors.o
                0x0000000008002fb0                MotorsRotateRight
 .text.MotorsRotateLeft
                0x0000000008003070       0xc0 Output/RTOS_Queue Release/Obj/motors.o
                0x0000000008003070                MotorsRotateLeft
 .text.MotorsStop
                0x0000000008003130       0x70 Output/RTOS_Queue Release/Obj/motors.o
                0x0000000008003130                MotorsStop
 .text.MotorsSetPIDParams
                0x00000000080031a0       0x94 Output/RTOS_Queue Release/Obj/motors.o
                0x00000000080031a0                MotorsSetPIDParams
 *fill*         0x0000000008003234        0x4 
 .text.MotorsPIDConfig
                0x0000000008003238      0x1a8 Output/RTOS_Queue Release/Obj/motors.o
                0x0000000008003238                MotorsPIDConfig
 .text.MotorsRunPID
                0x00000000080033e0       0x14 Output/RTOS_Queue Release/Obj/motors.o
                0x00000000080033e0                MotorsRunPID
 .text.MotorReadPWM
                0x00000000080033f4       0x14 Output/RTOS_Queue Release/Obj/motors.o
                0x00000000080033f4                MotorReadPWM
 .text.MotorsPIDReset
                0x0000000008003408       0x34 Output/RTOS_Queue Release/Obj/motors.o
                0x0000000008003408                MotorsPIDReset
 .text.MotorsSetTargetSpeed
                0x000000000800343c       0x34 Output/RTOS_Queue Release/Obj/motors.o
                0x000000000800343c                MotorsSetTargetSpeed
 .text.Motor1SetTargetSpeed
                0x0000000008003470        0xc Output/RTOS_Queue Release/Obj/motors.o
                0x0000000008003470                Motor1SetTargetSpeed
 .text.Motor2SetTargetSpeed
                0x000000000800347c        0xc Output/RTOS_Queue Release/Obj/motors.o
                0x000000000800347c                Motor2SetTargetSpeed
 .text.Motor3SetTargetSpeed
                0x0000000008003488        0xc Output/RTOS_Queue Release/Obj/motors.o
                0x0000000008003488                Motor3SetTargetSpeed
 .text.Motor4SetTargetSpeed
                0x0000000008003494        0xc Output/RTOS_Queue Release/Obj/motors.o
                0x0000000008003494                Motor4SetTargetSpeed
 .text.ImuInit  0x00000000080034a0       0x44 Output/RTOS_Queue Release/Obj/imu.o
                0x00000000080034a0                ImuInit
 .text.ImuUpdateAcclGyro
                0x00000000080034e4      0x300 Output/RTOS_Queue Release/Obj/imu.o
                0x00000000080034e4                ImuUpdateAcclGyro
 .text.ImuComputeResult
                0x00000000080037e4       0xc8 Output/RTOS_Queue Release/Obj/imu.o
                0x00000000080037e4                ImuComputeResult
 .text.I2cInit  0x00000000080038ac       0xc8 Output/RTOS_Queue Release/Obj/I2c.o
                0x00000000080038ac                I2cInit
 .text.I2cWrite
                0x0000000008003974       0x40 Output/RTOS_Queue Release/Obj/I2c.o
                0x0000000008003974                I2cWrite
 .text.I2cRead  0x00000000080039b4       0x58 Output/RTOS_Queue Release/Obj/I2c.o
                0x00000000080039b4                I2cRead
 .text.I2cAddHook
                0x0000000008003a0c        0xc Output/RTOS_Queue Release/Obj/I2c.o
                0x0000000008003a0c                I2cAddHook
 .text.I2C1_EV_IRQHandler
                0x0000000008003a18      0x110 Output/RTOS_Queue Release/Obj/I2c.o
                0x0000000008003a18                I2C1_EV_IRQHandler
 .text.I2C2_EV_IRQHandler
                0x0000000008003b28      0x110 Output/RTOS_Queue Release/Obj/I2c.o
                0x0000000008003b28                I2C2_EV_IRQHandler
 .text.I2C3_EV_IRQHandler
                0x0000000008003c38      0x110 Output/RTOS_Queue Release/Obj/I2c.o
                0x0000000008003c38                I2C3_EV_IRQHandler
 .text.mpu_cbI2cOnDone
                0x0000000008003d48        0xc Output/RTOS_Queue Release/Obj/PololuV5.o
 .text.mpu_TimerTick
                0x0000000008003d54       0x14 Output/RTOS_Queue Release/Obj/PololuV5.o
 .text.ImuPololuInit
                0x0000000008003d68      0x424 Output/RTOS_Queue Release/Obj/PololuV5.o
                0x0000000008003d68                ImuPololuInit
 .text.ImuPololuReadData
                0x000000000800418c       0xf0 Output/RTOS_Queue Release/Obj/PololuV5.o
                0x000000000800418c                ImuPololuReadData
 .text.ips_cbOnSpiDone
                0x000000000800427c        0xc Output/RTOS_Queue Release/Obj/ips.o
 .text.IpsInit  0x0000000008004288       0xe0 Output/RTOS_Queue Release/Obj/ips.o
                0x0000000008004288                IpsInit
 .text.IPSSysTimeout1msTimer
                0x0000000008004368       0x14 Output/RTOS_Queue Release/Obj/ips.o
                0x0000000008004368                IPSSysTimeout1msTimer
 .text.readfromspi
                0x000000000800437c       0x78 Output/RTOS_Queue Release/Obj/ips.o
                0x000000000800437c                readfromspi
 .text.writetospi
                0x00000000080043f4       0x6c Output/RTOS_Queue Release/Obj/ips.o
                0x00000000080043f4                writetospi
 .text.IPSGetDistance
                0x0000000008004460       0x10 Output/RTOS_Queue Release/Obj/ips.o
                0x0000000008004460                IPSGetDistance
 .text.IPSDistMat
                0x0000000008004470      0x17c Output/RTOS_Queue Release/Obj/ips.o
                0x0000000008004470                IPSDistMat
 *fill*         0x00000000080045ec        0x4 
 .text.IpsTimer
                0x00000000080045f0      0x238 Output/RTOS_Queue Release/Obj/ips.o
                0x00000000080045f0                IpsTimer
 .text.EXTI7_UWB_INT_IRQHandler
                0x0000000008004828        0xc Output/RTOS_Queue Release/Obj/ips.o
                0x0000000008004828                EXTI7_UWB_INT_IRQHandler
 .text.decamutexon
                0x0000000008004834       0x14 Output/RTOS_Queue Release/Obj/ips.o
                0x0000000008004834                decamutexon
 .text.decamutexoff
                0x0000000008004848       0x10 Output/RTOS_Queue Release/Obj/ips.o
                0x0000000008004848                decamutexoff
 .text.dwt_OtpRead
                0x0000000008004858       0x74 Output/RTOS_Queue Release/Obj/deca_device.o
 .text.DWT_Config
                0x00000000080048cc      0x400 Output/RTOS_Queue Release/Obj/deca_device.o
                0x00000000080048cc                DWT_Config
 .text.DWT_SetRxAntennaDelay
                0x0000000008004ccc       0x28 Output/RTOS_Queue Release/Obj/deca_device.o
                0x0000000008004ccc                DWT_SetRxAntennaDelay
 .text.DWT_SetTxAntennaDelay
                0x0000000008004cf4       0x20 Output/RTOS_Queue Release/Obj/deca_device.o
                0x0000000008004cf4                DWT_SetTxAntennaDelay
 .text.DWT_WriteTxData
                0x0000000008004d14       0x54 Output/RTOS_Queue Release/Obj/deca_device.o
                0x0000000008004d14                DWT_WriteTxData
 .text.DWT_WriteTxFrameCtrl
                0x0000000008004d68       0x34 Output/RTOS_Queue Release/Obj/deca_device.o
                0x0000000008004d68                DWT_WriteTxFrameCtrl
 .text.DWT_ReadRxData
                0x0000000008004d9c       0x58 Output/RTOS_Queue Release/Obj/deca_device.o
                0x0000000008004d9c                DWT_ReadRxData
 .text.dwt_readcarrierintegrator
                0x0000000008004df4       0x44 Output/RTOS_Queue Release/Obj/deca_device.o
                0x0000000008004df4                dwt_readcarrierintegrator
 .text.DWT_ReadTxTimeStamplo32
                0x0000000008004e38       0x2c Output/RTOS_Queue Release/Obj/deca_device.o
                0x0000000008004e38                DWT_ReadTxTimeStamplo32
 .text.DWT_ReadRxTimeStamplo32
                0x0000000008004e64       0x2c Output/RTOS_Queue Release/Obj/deca_device.o
                0x0000000008004e64                DWT_ReadRxTimeStamplo32
 .text.dwt_read32bitoffsetreg
                0x0000000008004e90       0x5c Output/RTOS_Queue Release/Obj/deca_device.o
                0x0000000008004e90                dwt_read32bitoffsetreg
 .text.dwt_write32bitoffsetreg
                0x0000000008004eec       0x5c Output/RTOS_Queue Release/Obj/deca_device.o
                0x0000000008004eec                dwt_write32bitoffsetreg
 .text.DWT_EnableFrameFilter
                0x0000000008004f48       0x70 Output/RTOS_Queue Release/Obj/deca_device.o
                0x0000000008004f48                DWT_EnableFrameFilter
 .text.DWT_SetPanID
                0x0000000008004fb8       0x34 Output/RTOS_Queue Release/Obj/deca_device.o
                0x0000000008004fb8                DWT_SetPanID
 .text.DWT_SetAddr16
                0x0000000008004fec       0x20 Output/RTOS_Queue Release/Obj/deca_device.o
                0x0000000008004fec                DWT_SetAddr16
 .text.dwt_setrxaftertxdelay
                0x000000000800500c       0x58 Output/RTOS_Queue Release/Obj/deca_device.o
                0x000000000800500c                dwt_setrxaftertxdelay
 .text.DWT_SetLEDs
                0x0000000008005064      0x144 Output/RTOS_Queue Release/Obj/deca_device.o
                0x0000000008005064                DWT_SetLEDs
 .text.DWT_StartTx
                0x00000000080051a8       0xcc Output/RTOS_Queue Release/Obj/deca_device.o
                0x00000000080051a8                DWT_StartTx
 .text.DWT_ForceTrxOff
                0x0000000008005274       0xf4 Output/RTOS_Queue Release/Obj/deca_device.o
                0x0000000008005274                DWT_ForceTrxOff
 .text.DWT_EnableInterrupt
                0x0000000008005368       0x64 Output/RTOS_Queue Release/Obj/deca_device.o
                0x0000000008005368                DWT_EnableInterrupt
 .text.DWT_SoftReset
                0x00000000080053cc      0x12c Output/RTOS_Queue Release/Obj/deca_device.o
                0x00000000080053cc                DWT_SoftReset
 .text.DWT_Init
                0x00000000080054f8      0x2dc Output/RTOS_Queue Release/Obj/deca_device.o
                0x00000000080054f8                DWT_Init
 .text.MatrixInverse
                0x00000000080057d4       0xb8 Output/RTOS_Queue Release/Obj/matrix.o
                0x00000000080057d4                MatrixInverse
 *fill*         0x000000000800588c        0x4 
 .text.MatrixMultiply
                0x0000000008005890      0x120 Output/RTOS_Queue Release/Obj/matrix.o
                0x0000000008005890                MatrixMultiply
 .text.SerialInit
                0x00000000080059b0       0x28 Output/RTOS_Queue Release/Obj/Serial.o
                0x00000000080059b0                SerialInit
 .text.SerialBuffer
                0x00000000080059d8       0x14 Output/RTOS_Queue Release/Obj/Serial.o
                0x00000000080059d8                SerialBuffer
 .text.SerialConfig
                0x00000000080059ec       0x10 Output/RTOS_Queue Release/Obj/Serial.o
                0x00000000080059ec                SerialConfig
 .text.SerialAddCallback
                0x00000000080059fc        0xc Output/RTOS_Queue Release/Obj/Serial.o
                0x00000000080059fc                SerialAddCallback
 .text.SerialWriteEx
                0x0000000008005a08       0x40 Output/RTOS_Queue Release/Obj/Serial.o
                0x0000000008005a08                SerialWriteEx
 .text.SerialRead
                0x0000000008005a48       0x54 Output/RTOS_Queue Release/Obj/Serial.o
                0x0000000008005a48                SerialRead
 .text.SerialIsTxReady
                0x0000000008005a9c       0x28 Output/RTOS_Queue Release/Obj/Serial.o
                0x0000000008005a9c                SerialIsTxReady
 .text.SerialIsRxReady
                0x0000000008005ac4        0xc Output/RTOS_Queue Release/Obj/Serial.o
                0x0000000008005ac4                SerialIsRxReady
 .text.UartIsrTx
                0x0000000008005ad0       0x4c Output/RTOS_Queue Release/Obj/Serial.o
                0x0000000008005ad0                UartIsrTx
 .text.UartIsrRx
                0x0000000008005b1c       0x60 Output/RTOS_Queue Release/Obj/Serial.o
                0x0000000008005b1c                UartIsrRx
 .text.sonic_cbOnTimer
                0x0000000008005b7c       0x54 Output/RTOS_Queue Release/Obj/UltraSound.o
 .text.USonicInit
                0x0000000008005bd0       0x3c Output/RTOS_Queue Release/Obj/UltraSound.o
                0x0000000008005bd0                USonicInit
 .text.UsonicAddDevice
                0x0000000008005c0c       0x44 Output/RTOS_Queue Release/Obj/UltraSound.o
                0x0000000008005c0c                UsonicAddDevice
 .text.USonicTrigger
                0x0000000008005c50       0x1c Output/RTOS_Queue Release/Obj/UltraSound.o
                0x0000000008005c50                USonicTrigger
 .text.USonicRead
                0x0000000008005c6c        0x4 Output/RTOS_Queue Release/Obj/UltraSound.o
                0x0000000008005c6c                USonicRead
 .text.UsonicISR
                0x0000000008005c70       0x5c Output/RTOS_Queue Release/Obj/UltraSound.o
                0x0000000008005c70                UsonicISR
 .text.main_cbUS1OnTrigger
                0x0000000008005ccc       0x18 Output/RTOS_Queue Release/Obj/main.o
 .text.main_cbUS2OnTrigger
                0x0000000008005ce4       0x18 Output/RTOS_Queue Release/Obj/main.o
 .text.main_cbUS3OnTrigger
                0x0000000008005cfc       0x18 Output/RTOS_Queue Release/Obj/main.o
 .text.main_cbUS4OnTrigger
                0x0000000008005d14       0x18 Output/RTOS_Queue Release/Obj/main.o
 .text.main_cbUS5OnTrigger
                0x0000000008005d2c       0x18 Output/RTOS_Queue Release/Obj/main.o
 .text.main_cbUS6OnTrigger
                0x0000000008005d44       0x18 Output/RTOS_Queue Release/Obj/main.o
 .text.main_cbUS7OnTrigger
                0x0000000008005d5c       0x18 Output/RTOS_Queue Release/Obj/main.o
 .text.main_cbUS8OnTrigger
                0x0000000008005d74       0x18 Output/RTOS_Queue Release/Obj/main.o
 .text.main_cbGuiFrameEnd
                0x0000000008005d8c       0x10 Output/RTOS_Queue Release/Obj/main.o
 .text.LcdTask  0x0000000008005d9c       0x34 Output/RTOS_Queue Release/Obj/main.o
 .text.IMUTask  0x0000000008005dd0      0x370 Output/RTOS_Queue Release/Obj/main.o
 .text.Motor_Task
                0x0000000008006140      0x180 Output/RTOS_Queue Release/Obj/main.o
 .text.USonicTask
                0x00000000080062c0      0x5d0 Output/RTOS_Queue Release/Obj/main.o
 .text.EncoderTask
                0x0000000008006890      0x1c0 Output/RTOS_Queue Release/Obj/main.o
 .text.TermTask
                0x0000000008006a50      0x408 Output/RTOS_Queue Release/Obj/main.o
 .text.main_cbUS8OnReady
                0x0000000008006e58       0x28 Output/RTOS_Queue Release/Obj/main.o
 .text.main_cbUS7OnReady
                0x0000000008006e80       0x28 Output/RTOS_Queue Release/Obj/main.o
 .text.main_cbUS6OnReady
                0x0000000008006ea8       0x28 Output/RTOS_Queue Release/Obj/main.o
 .text.main_cbUS5OnReady
                0x0000000008006ed0       0x28 Output/RTOS_Queue Release/Obj/main.o
 .text.main_cbUS4OnReady
                0x0000000008006ef8       0x28 Output/RTOS_Queue Release/Obj/main.o
 .text.main_cbUS3OnReady
                0x0000000008006f20       0x28 Output/RTOS_Queue Release/Obj/main.o
 .text.main_cbUS2OnReady
                0x0000000008006f48       0x24 Output/RTOS_Queue Release/Obj/main.o
 .text.main_cbUS1OnReady
                0x0000000008006f6c       0x24 Output/RTOS_Queue Release/Obj/main.o
 .text.main_cbLcdBlockComplete
                0x0000000008006f90       0x34 Output/RTOS_Queue Release/Obj/main.o
 .text.main_cbEncoderRdy
                0x0000000008006fc4       0x34 Output/RTOS_Queue Release/Obj/main.o
 .text.main_cbBtUartOnRx
                0x0000000008006ff8       0x34 Output/RTOS_Queue Release/Obj/main.o
 .text.main_cbBtUartOnTx
                0x000000000800702c       0x34 Output/RTOS_Queue Release/Obj/main.o
 .text.IPSTask  0x0000000008007060      0x668 Output/RTOS_Queue Release/Obj/main.o
 .text.startup.main
                0x00000000080076c8      0x59c Output/RTOS_Queue Release/Obj/main.o
                0x00000000080076c8                main
 .text.GUI_AppDraw
                0x0000000008007c64       0x84 Output/RTOS_Queue Release/Obj/main.o
                0x0000000008007c64                GUI_AppDraw
 .text.SysTickHandler
                0x0000000008007ce8       0x40 Output/RTOS_Queue Release/Obj/main.o
                0x0000000008007ce8                SysTickHandler
 .text.EXTI8_US1_ECHO_IRQHandler
                0x0000000008007d28       0x18 Output/RTOS_Queue Release/Obj/main.o
                0x0000000008007d28                EXTI8_US1_ECHO_IRQHandler
 .text.EXTI9_US2_ECHO_IRQHandler
                0x0000000008007d40       0x18 Output/RTOS_Queue Release/Obj/main.o
                0x0000000008007d40                EXTI9_US2_ECHO_IRQHandler
 .text.EXTI10_US3_ECHO_IRQHandler
                0x0000000008007d58       0x18 Output/RTOS_Queue Release/Obj/main.o
                0x0000000008007d58                EXTI10_US3_ECHO_IRQHandler
 .text.EXTI11_US4_ECHO_IRQHandler
                0x0000000008007d70       0x18 Output/RTOS_Queue Release/Obj/main.o
                0x0000000008007d70                EXTI11_US4_ECHO_IRQHandler
 .text.EXTI12_US5_ECHO_IRQHandler
                0x0000000008007d88       0x18 Output/RTOS_Queue Release/Obj/main.o
                0x0000000008007d88                EXTI12_US5_ECHO_IRQHandler
 .text.EXTI13_US6_ECHO_IRQHandler
                0x0000000008007da0       0x18 Output/RTOS_Queue Release/Obj/main.o
                0x0000000008007da0                EXTI13_US6_ECHO_IRQHandler
 .text.EXTI14_US7_ECHO_IRQHandler
                0x0000000008007db8       0x18 Output/RTOS_Queue Release/Obj/main.o
                0x0000000008007db8                EXTI14_US7_ECHO_IRQHandler
 .text.EXTI15_US8_ECHO_IRQHandler
                0x0000000008007dd0       0x18 Output/RTOS_Queue Release/Obj/main.o
                0x0000000008007dd0                EXTI15_US8_ECHO_IRQHandler
 .text.GUI_Init
                0x0000000008007de8       0x48 ../../../../StdLib/Common/Lib/GUI/GUI_GCC_CM7_R6.a(gui.o)
                0x0000000008007de8                GUI_Init
 .text.GUI_AddCbFrameEnd
                0x0000000008007e30        0xc ../../../../StdLib/Common/Lib/GUI/GUI_GCC_CM7_R6.a(gui.o)
                0x0000000008007e30                GUI_AddCbFrameEnd
 .text.GUI_16BitPerPixel
                0x0000000008007e3c        0xc ../../../../StdLib/Common/Lib/GUI/GUI_GCC_CM7_R6.a(gui.o)
                0x0000000008007e3c                GUI_16BitPerPixel
 .text.GUI_Draw_Exe
                0x0000000008007e48       0xbc ../../../../StdLib/Common/Lib/GUI/GUI_GCC_CM7_R6.a(gui.o)
                0x0000000008007e48                GUI_Draw_Exe
 .text.GUI_Clear
                0x0000000008007f04       0x68 ../../../../StdLib/Common/Lib/GUI/GUI_GCC_CM7_R6.a(gui.o)
                0x0000000008007f04                GUI_Clear
 .text.GUI_SetFontBackColor
                0x0000000008007f6c       0x24 ../../../../StdLib/Common/Lib/GUI/GUI_GCC_CM7_R6.a(gui.o)
                0x0000000008007f6c                GUI_SetFontBackColor
 .text.GUI_PrintChar
                0x0000000008007f90      0x138 ../../../../StdLib/Common/Lib/GUI/GUI_GCC_CM7_R6.a(gui.o)
                0x0000000008007f90                GUI_PrintChar
 .text.GUI_PrintString
                0x00000000080080c8       0x84 ../../../../StdLib/Common/Lib/GUI/GUI_GCC_CM7_R6.a(gui.o)
                0x00000000080080c8                GUI_PrintString
 .text.vEventGroupSetBitsCallback
                0x000000000800814c       0x78 Output/RTOS_Queue Release/Obj/event_groups.o
                0x000000000800814c                vEventGroupSetBitsCallback
 .text.xEventGroupCreateStatic
                0x00000000080081c4       0x1c Output/RTOS_Queue Release/Obj/event_groups.o
                0x00000000080081c4                xEventGroupCreateStatic
 .text.xEventGroupWaitBits
                0x00000000080081e0       0xcc Output/RTOS_Queue Release/Obj/event_groups.o
                0x00000000080081e0                xEventGroupWaitBits
 .text.xEventGroupSetBits
                0x00000000080082ac       0x74 Output/RTOS_Queue Release/Obj/event_groups.o
                0x00000000080082ac                xEventGroupSetBits
 .text.xEventGroupSetBitsFromISR
                0x0000000008008320       0x10 Output/RTOS_Queue Release/Obj/event_groups.o
                0x0000000008008320                xEventGroupSetBitsFromISR
 .text.vListInitialise
                0x0000000008008330       0x18 Output/RTOS_Queue Release/Obj/list.o
                0x0000000008008330                vListInitialise
 .text.vListInitialiseItem
                0x0000000008008348        0x8 Output/RTOS_Queue Release/Obj/list.o
                0x0000000008008348                vListInitialiseItem
 .text.vListInsertEnd
                0x0000000008008350       0x20 Output/RTOS_Queue Release/Obj/list.o
                0x0000000008008350                vListInsertEnd
 .text.vListInsert
                0x0000000008008370       0x38 Output/RTOS_Queue Release/Obj/list.o
                0x0000000008008370                vListInsert
 .text.uxListRemove
                0x00000000080083a8       0x28 Output/RTOS_Queue Release/Obj/list.o
                0x00000000080083a8                uxListRemove
 .text.prvTaskExitError
                0x00000000080083d0       0x24 Output/RTOS_Queue Release/Obj/port.o
 .text.prvPortStartFirstTask
                0x00000000080083f4       0x28 Output/RTOS_Queue Release/Obj/port.o
 .text.vPortEnableVFP
                0x000000000800841c       0x14 Output/RTOS_Queue Release/Obj/port.o
 .text.pxPortInitialiseStack
                0x0000000008008430       0x30 Output/RTOS_Queue Release/Obj/port.o
                0x0000000008008430                pxPortInitialiseStack
 .text.SVC_Handler
                0x0000000008008460       0x24 Output/RTOS_Queue Release/Obj/port.o
                0x0000000008008460                SVC_Handler
 .text.vPortEnterCritical
                0x0000000008008484       0x24 Output/RTOS_Queue Release/Obj/port.o
                0x0000000008008484                vPortEnterCritical
 .text.vPortExitCritical
                0x00000000080084a8       0x14 Output/RTOS_Queue Release/Obj/port.o
                0x00000000080084a8                vPortExitCritical
 *fill*         0x00000000080084bc        0x4 
 .text.PendSV_Handler
                0x00000000080084c0       0x64 Output/RTOS_Queue Release/Obj/port.o
                0x00000000080084c0                PendSV_Handler
 .text.SysTick_Handler
                0x0000000008008524       0x30 Output/RTOS_Queue Release/Obj/port.o
                0x0000000008008524                SysTick_Handler
 .text.vPortSetupTimerInterrupt
                0x0000000008008554       0x3c Output/RTOS_Queue Release/Obj/port.o
                0x0000000008008554                vPortSetupTimerInterrupt
 .text.xPortStartScheduler
                0x0000000008008590       0xc4 Output/RTOS_Queue Release/Obj/port.o
                0x0000000008008590                xPortStartScheduler
 .text.vPortValidateInterruptPriority
                0x0000000008008654       0x14 Output/RTOS_Queue Release/Obj/port.o
                0x0000000008008654                vPortValidateInterruptPriority
 .text.prvCopyDataToQueue
                0x0000000008008668       0x78 Output/RTOS_Queue Release/Obj/queue.o
 .text.prvNotifyQueueSetContainer
                0x00000000080086e0       0xbc Output/RTOS_Queue Release/Obj/queue.o
 .text.prvUnlockQueue
                0x000000000800879c      0x12c Output/RTOS_Queue Release/Obj/queue.o
 .text.xQueueGenericCreateStatic
                0x00000000080088c8       0x68 Output/RTOS_Queue Release/Obj/queue.o
                0x00000000080088c8                xQueueGenericCreateStatic
 .text.xQueueGenericSend
                0x0000000008008930      0x140 Output/RTOS_Queue Release/Obj/queue.o
                0x0000000008008930                xQueueGenericSend
 .text.xQueueGenericSendFromISR
                0x0000000008008a70       0xa8 Output/RTOS_Queue Release/Obj/queue.o
                0x0000000008008a70                xQueueGenericSendFromISR
 .text.xQueueReceive
                0x0000000008008b18      0x13c Output/RTOS_Queue Release/Obj/queue.o
                0x0000000008008b18                xQueueReceive
 .text.xQueueSemaphoreTake
                0x0000000008008c54      0x17c Output/RTOS_Queue Release/Obj/queue.o
                0x0000000008008c54                xQueueSemaphoreTake
 .text.vQueueAddToRegistry
                0x0000000008008dd0       0x54 Output/RTOS_Queue Release/Obj/queue.o
                0x0000000008008dd0                vQueueAddToRegistry
 .text.vQueueWaitForMessageRestricted
                0x0000000008008e24       0x50 Output/RTOS_Queue Release/Obj/queue.o
                0x0000000008008e24                vQueueWaitForMessageRestricted
 .text.vApplicationGetTimerTaskMemory
                0x0000000008008e74       0x1c Output/RTOS_Queue Release/Obj/RTOS.o
                0x0000000008008e74                vApplicationGetTimerTaskMemory
 .text.vApplicationGetIdleTaskMemory
                0x0000000008008e90       0x1c Output/RTOS_Queue Release/Obj/RTOS.o
                0x0000000008008e90                vApplicationGetIdleTaskMemory
 .text.vApplicationStackOverflowHook
                0x0000000008008eac        0x4 Output/RTOS_Queue Release/Obj/RTOS.o
                0x0000000008008eac                vApplicationStackOverflowHook
 .text.vApplicationTickHook
                0x0000000008008eb0        0x4 Output/RTOS_Queue Release/Obj/RTOS.o
                0x0000000008008eb0                vApplicationTickHook
 .text.prvIdleTask
                0x0000000008008eb4       0x60 Output/RTOS_Queue Release/Obj/tasks.o
 .text.prvAddCurrentTaskToDelayedList
                0x0000000008008f14       0x94 Output/RTOS_Queue Release/Obj/tasks.o
 .text.xTaskCreateStatic
                0x0000000008008fa8      0x1e8 Output/RTOS_Queue Release/Obj/tasks.o
                0x0000000008008fa8                xTaskCreateStatic
 .text.vTaskStartScheduler
                0x0000000008009190      0x1e0 Output/RTOS_Queue Release/Obj/tasks.o
                0x0000000008009190                vTaskStartScheduler
 .text.vTaskSuspendAll
                0x0000000008009370       0x10 Output/RTOS_Queue Release/Obj/tasks.o
                0x0000000008009370                vTaskSuspendAll
 .text.xTaskGetTickCount
                0x0000000008009380       0x18 Output/RTOS_Queue Release/Obj/tasks.o
                0x0000000008009380                xTaskGetTickCount
 .text.xTaskIncrementTick
                0x0000000008009398      0x158 Output/RTOS_Queue Release/Obj/tasks.o
                0x0000000008009398                xTaskIncrementTick
 .text.xTaskResumeAll
                0x00000000080094f0      0x12c Output/RTOS_Queue Release/Obj/tasks.o
                0x00000000080094f0                xTaskResumeAll
 .text.vTaskDelay
                0x000000000800961c       0x38 Output/RTOS_Queue Release/Obj/tasks.o
                0x000000000800961c                vTaskDelay
 .text.vTaskSwitchContext
                0x0000000008009654       0x90 Output/RTOS_Queue Release/Obj/tasks.o
                0x0000000008009654                vTaskSwitchContext
 .text.vTaskPlaceOnEventList
                0x00000000080096e4       0x98 Output/RTOS_Queue Release/Obj/tasks.o
                0x00000000080096e4                vTaskPlaceOnEventList
 .text.vTaskPlaceOnUnorderedEventList
                0x000000000800977c       0xa4 Output/RTOS_Queue Release/Obj/tasks.o
                0x000000000800977c                vTaskPlaceOnUnorderedEventList
 .text.vTaskPlaceOnEventListRestricted
                0x0000000008009820       0xb4 Output/RTOS_Queue Release/Obj/tasks.o
                0x0000000008009820                vTaskPlaceOnEventListRestricted
 .text.xTaskRemoveFromEventList
                0x00000000080098d4       0x78 Output/RTOS_Queue Release/Obj/tasks.o
                0x00000000080098d4                xTaskRemoveFromEventList
 .text.vTaskRemoveFromUnorderedEventList
                0x000000000800994c       0x5c Output/RTOS_Queue Release/Obj/tasks.o
                0x000000000800994c                vTaskRemoveFromUnorderedEventList
 .text.vTaskInternalSetTimeOutState
                0x00000000080099a8       0x18 Output/RTOS_Queue Release/Obj/tasks.o
                0x00000000080099a8                vTaskInternalSetTimeOutState
 .text.xTaskCheckForTimeOut
                0x00000000080099c0       0x7c Output/RTOS_Queue Release/Obj/tasks.o
                0x00000000080099c0                xTaskCheckForTimeOut
 .text.vTaskMissedYield
                0x0000000008009a3c        0xc Output/RTOS_Queue Release/Obj/tasks.o
                0x0000000008009a3c                vTaskMissedYield
 .text.xTaskGetSchedulerState
                0x0000000008009a48       0x20 Output/RTOS_Queue Release/Obj/tasks.o
                0x0000000008009a48                xTaskGetSchedulerState
 .text.xTaskPriorityInherit
                0x0000000008009a68       0xb0 Output/RTOS_Queue Release/Obj/tasks.o
                0x0000000008009a68                xTaskPriorityInherit
 .text.xTaskPriorityDisinherit
                0x0000000008009b18       0x84 Output/RTOS_Queue Release/Obj/tasks.o
                0x0000000008009b18                xTaskPriorityDisinherit
 .text.vTaskPriorityDisinheritAfterTimeout
                0x0000000008009b9c       0x8c Output/RTOS_Queue Release/Obj/tasks.o
                0x0000000008009b9c                vTaskPriorityDisinheritAfterTimeout
 .text.uxTaskResetEventItemValue
                0x0000000008009c28       0x18 Output/RTOS_Queue Release/Obj/tasks.o
                0x0000000008009c28                uxTaskResetEventItemValue
 .text.pvTaskIncrementMutexHeldCount
                0x0000000008009c40       0x18 Output/RTOS_Queue Release/Obj/tasks.o
                0x0000000008009c40                pvTaskIncrementMutexHeldCount
 .text.prvSwitchTimerLists
                0x0000000008009c58       0x88 Output/RTOS_Queue Release/Obj/timers.o
 .text.prvTimerTask
                0x0000000008009ce0      0x23c Output/RTOS_Queue Release/Obj/timers.o
 .text.xTimerCreateTimerTask
                0x0000000008009f1c       0xb0 Output/RTOS_Queue Release/Obj/timers.o
                0x0000000008009f1c                xTimerCreateTimerTask
 .text.xTimerPendFunctionCallFromISR
                0x0000000008009fcc       0x28 Output/RTOS_Queue Release/Obj/timers.o
                0x0000000008009fcc                xTimerPendFunctionCallFromISR
 .text.__aeabi_read_tp
                0x0000000008009ff4        0x8 Output/RTOS_Queue Release/Obj/thumb_crt0.o
                0x0000000008009ff4                __aeabi_read_tp
 .text.libc.__int32_to_float64
                0x0000000008009ffc       0x2e C:/Program Files/SEGGER/SEGGER Embedded Studio for ARM 4.18/lib/libm_v7em_fpv5_sp_d16_hard_t_le_eabi.a(libm_asm.o)
                0x0000000008009ffc                __aeabi_i2d
                0x0000000008009ffc                __int32_to_float64
                0x0000000008009ffc                __floatsidf
 .text.libc.__uint32_to_float64
                0x000000000800a02a       0x22 C:/Program Files/SEGGER/SEGGER Embedded Studio for ARM 4.18/lib/libm_v7em_fpv5_sp_d16_hard_t_le_eabi.a(libm_asm.o)
                0x000000000800a02a                __aeabi_ui2d
                0x000000000800a02a                __floatunsidf
                0x000000000800a02a                __uint32_to_float64
 .text.libc.__int64_to_float64
                0x000000000800a04c       0xa0 C:/Program Files/SEGGER/SEGGER Embedded Studio for ARM 4.18/lib/libm_v7em_fpv5_sp_d16_hard_t_le_eabi.a(libm_asm.o)
                0x000000000800a04c                __int64_to_float64
                0x000000000800a04c                __aeabi_l2d
                0x000000000800a04c                __floatdidf
                0x000000000800a070                __RAL_aeabi_l2d_common
 .text.libc.__uint64_to_float64
                0x000000000800a0ec       0x14 C:/Program Files/SEGGER/SEGGER Embedded Studio for ARM 4.18/lib/libm_v7em_fpv5_sp_d16_hard_t_le_eabi.a(libm_asm.o)
                0x000000000800a0ec                __aeabi_ul2d
                0x000000000800a0ec                __floatundidf
                0x000000000800a0ec                __uint64_to_float64
 .text.libc.__float64_to_int32
                0x000000000800a100       0x4e C:/Program Files/SEGGER/SEGGER Embedded Studio for ARM 4.18/lib/libm_v7em_fpv5_sp_d16_hard_t_le_eabi.a(libm_asm.o)
                0x000000000800a100                __aeabi_d2iz
                0x000000000800a100                __float64_to_int32
                0x000000000800a100                __fixdfsi
 .text.libc.__float64_to_uint32
                0x000000000800a14e       0x2c C:/Program Files/SEGGER/SEGGER Embedded Studio for ARM 4.18/lib/libm_v7em_fpv5_sp_d16_hard_t_le_eabi.a(libm_asm.o)
                0x000000000800a14e                __aeabi_d2uiz
                0x000000000800a14e                __float64_to_uint32
                0x000000000800a14e                __fixunsdfsi
 .text.libc.__float64_to_uint64
                0x000000000800a17a       0x48 C:/Program Files/SEGGER/SEGGER Embedded Studio for ARM 4.18/lib/libm_v7em_fpv5_sp_d16_hard_t_le_eabi.a(libm_asm.o)
                0x000000000800a17a                __fixunsdfdi
                0x000000000800a17a                __float64_to_uint64
                0x000000000800a17a                __aeabi_d2ulz
 .text.libc.__float32_to_float64
                0x000000000800a1c2       0x38 C:/Program Files/SEGGER/SEGGER Embedded Studio for ARM 4.18/lib/libm_v7em_fpv5_sp_d16_hard_t_le_eabi.a(libm_asm.o)
                0x000000000800a1c2                __float32_to_float64
                0x000000000800a1c2                __aeabi_f2d
                0x000000000800a1c2                __extendsfdf2
 .text.libc.__float64_to_float32
                0x000000000800a1fa       0x6e C:/Program Files/SEGGER/SEGGER Embedded Studio for ARM 4.18/lib/libm_v7em_fpv5_sp_d16_hard_t_le_eabi.a(libm_asm.o)
                0x000000000800a1fa                __truncdfsf2
                0x000000000800a1fa                __float64_to_float32
                0x000000000800a1fa                __aeabi_d2f
 .text.libc.__float64_add
                0x000000000800a268      0x294 C:/Program Files/SEGGER/SEGGER Embedded Studio for ARM 4.18/lib/libm_v7em_fpv5_sp_d16_hard_t_le_eabi.a(libm_asm.o)
                0x000000000800a268                __aeabi_drsub
                0x000000000800a270                __aeabi_dsub
                0x000000000800a270                __float64_sub
                0x000000000800a270                __subdf3
                0x000000000800a274                __aeabi_dadd
                0x000000000800a274                __float64_add
                0x000000000800a274                __adddf3
 .text.libc.__float64_mul
                0x000000000800a4fc      0x16c C:/Program Files/SEGGER/SEGGER Embedded Studio for ARM 4.18/lib/libm_v7em_fpv5_sp_d16_hard_t_le_eabi.a(libm_asm.o)
                0x000000000800a4fc                __float64_mul
                0x000000000800a4fc                __muldf3
                0x000000000800a4fc                __aeabi_dmul
 .text.libc.__float64_div
                0x000000000800a668      0x214 C:/Program Files/SEGGER/SEGGER Embedded Studio for ARM 4.18/lib/libm_v7em_fpv5_sp_d16_hard_t_le_eabi.a(libm_asm.o)
                0x000000000800a668                __divdf3
                0x000000000800a668                __float64_div
                0x000000000800a668                __aeabi_ddiv
 .text.libc.__float64_cmpeq
                0x000000000800a87c       0x32 C:/Program Files/SEGGER/SEGGER Embedded Studio for ARM 4.18/lib/libm_v7em_fpv5_sp_d16_hard_t_le_eabi.a(libm_asm.o)
                0x000000000800a87c                __aeabi_dcmpeq
 .text.libc.__float64_cmple
                0x000000000800a8ae       0x3c C:/Program Files/SEGGER/SEGGER Embedded Studio for ARM 4.18/lib/libm_v7em_fpv5_sp_d16_hard_t_le_eabi.a(libm_asm.o)
                0x000000000800a8ae                __aeabi_dcmple
 .text.libc.__float64_cmpge
                0x000000000800a8ea       0x3c C:/Program Files/SEGGER/SEGGER Embedded Studio for ARM 4.18/lib/libm_v7em_fpv5_sp_d16_hard_t_le_eabi.a(libm_asm.o)
                0x000000000800a8ea                __aeabi_dcmpge
 .text.libc.__float64_cmplt
                0x000000000800a926       0x38 C:/Program Files/SEGGER/SEGGER Embedded Studio for ARM 4.18/lib/libm_v7em_fpv5_sp_d16_hard_t_le_eabi.a(libm_asm.o)
                0x000000000800a926                __aeabi_dcmplt
 .text.libc.__float64_cmpgt
                0x000000000800a95e       0x38 C:/Program Files/SEGGER/SEGGER Embedded Studio for ARM 4.18/lib/libm_v7em_fpv5_sp_d16_hard_t_le_eabi.a(libm_asm.o)
                0x000000000800a95e                __aeabi_dcmpgt
 .text.libc.__float64_signbit
                0x000000000800a996        0xa C:/Program Files/SEGGER/SEGGER Embedded Studio for ARM 4.18/lib/libm_v7em_fpv5_sp_d16_hard_t_le_eabi.a(libm_asm.o)
                0x000000000800a996                __float64_signbit
 .text.libc.__float64_isinf
                0x000000000800a9a0       0x14 C:/Program Files/SEGGER/SEGGER Embedded Studio for ARM 4.18/lib/libm_v7em_fpv5_sp_d16_hard_t_le_eabi.a(libm_asm.o)
                0x000000000800a9a0                __float64_isinf
 .text.libc.__float64_isnan
                0x000000000800a9b4       0x14 C:/Program Files/SEGGER/SEGGER Embedded Studio for ARM 4.18/lib/libm_v7em_fpv5_sp_d16_hard_t_le_eabi.a(libm_asm.o)
                0x000000000800a9b4                __float64_isnan
 .text.libc.asinf
                0x000000000800a9c8      0x130 C:/Program Files/SEGGER/SEGGER Embedded Studio for ARM 4.18/lib/libm_v7em_fpv5_sp_d16_hard_t_le_eabi.a(libm2.o)
                0x000000000800a9c8                asinf
                0x000000000800a9c8                asin(float)
 .text.libc.atanf
                0x000000000800aaf8      0x130 C:/Program Files/SEGGER/SEGGER Embedded Studio for ARM 4.18/lib/libm_v7em_fpv5_sp_d16_hard_t_le_eabi.a(libm2.o)
                0x000000000800aaf8                atanf
                0x000000000800aaf8                atan(float)
 .text.libc.atan2f
                0x000000000800ac28       0xcc C:/Program Files/SEGGER/SEGGER Embedded Studio for ARM 4.18/lib/libm_v7em_fpv5_sp_d16_hard_t_le_eabi.a(libm2.o)
                0x000000000800ac28                atan2f
                0x000000000800ac28                atan2(float, float)
 .text.libc.frexp
                0x000000000800acf4       0x50 C:/Program Files/SEGGER/SEGGER Embedded Studio for ARM 4.18/lib/libm_v7em_fpv5_sp_d16_hard_t_le_eabi.a(libm2.o)
                0x000000000800acf4                frexp
                0x000000000800acf4                frexp(double, int*)
 *fill*         0x000000000800ad44        0x4 
 .text.libc.ldexp
                0x000000000800ad48       0x7c C:/Program Files/SEGGER/SEGGER Embedded Studio for ARM 4.18/lib/libm_v7em_fpv5_sp_d16_hard_t_le_eabi.a(libm2.o)
                0x000000000800ad48                ldexp
                0x000000000800ad48                ldexp(double, int)
 *fill*         0x000000000800adc4        0x4 
 .text.libc.exp
                0x000000000800adc8      0x1e8 C:/Program Files/SEGGER/SEGGER Embedded Studio for ARM 4.18/lib/libm_v7em_fpv5_sp_d16_hard_t_le_eabi.a(libm2.o)
                0x000000000800adc8                exp
                0x000000000800adc8                exp(double)
 .text.libc.log
                0x000000000800afb0      0x268 C:/Program Files/SEGGER/SEGGER Embedded Studio for ARM 4.18/lib/libm_v7em_fpv5_sp_d16_hard_t_le_eabi.a(libm2.o)
                0x000000000800afb0                log(double)
                0x000000000800afb0                log
 .text.libc.modf
                0x000000000800b218       0x94 C:/Program Files/SEGGER/SEGGER Embedded Studio for ARM 4.18/lib/libm_v7em_fpv5_sp_d16_hard_t_le_eabi.a(libm2.o)
                0x000000000800b218                modf(double, double*)
                0x000000000800b218                modf
 *fill*         0x000000000800b2ac        0x4 
 .text.libc.pow
                0x000000000800b2b0      0x158 C:/Program Files/SEGGER/SEGGER Embedded Studio for ARM 4.18/lib/libm_v7em_fpv5_sp_d16_hard_t_le_eabi.a(libm2.o)
                0x000000000800b2b0                pow
                0x000000000800b2b0                pow(double, double)
 .text.libc.floor
                0x000000000800b408       0xc0 C:/Program Files/SEGGER/SEGGER Embedded Studio for ARM 4.18/lib/libm_v7em_fpv5_sp_d16_hard_t_le_eabi.a(libm2.o)
                0x000000000800b408                floor(double)
                0x000000000800b408                floor
 .text.libc.fmod
                0x000000000800b4c8      0x198 C:/Program Files/SEGGER/SEGGER Embedded Studio for ARM 4.18/lib/libm_v7em_fpv5_sp_d16_hard_t_le_eabi.a(libm2.o)
                0x000000000800b4c8                fmod
                0x000000000800b4c8                fmod(double, double)
 .text.libc.fabs
                0x000000000800b660        0xe C:/Program Files/SEGGER/SEGGER Embedded Studio for ARM 4.18/lib/libm_v7em_fpv5_sp_d16_hard_t_le_eabi.a(libm2_asm.o)
                0x000000000800b660                fabs(double)
                0x000000000800b660                fabs
 .text.libc.fabsf
                0x000000000800b66e        0x6 C:/Program Files/SEGGER/SEGGER Embedded Studio for ARM 4.18/lib/libm_v7em_fpv5_sp_d16_hard_t_le_eabi.a(libm2_asm.o)
                0x000000000800b66e                fabsf
                0x000000000800b66e                fabs(float)
 .text.libc.sqrtf
                0x000000000800b674        0x6 C:/Program Files/SEGGER/SEGGER Embedded Studio for ARM 4.18/lib/libm_v7em_fpv5_sp_d16_hard_t_le_eabi.a(libm2_asm.o)
                0x000000000800b674                sqrt(float)
                0x000000000800b674                sqrtf
 *fill*         0x000000000800b67a        0x2 
 .text.libc.__RAL_pow10
                0x000000000800b67c       0x54 C:/Program Files/SEGGER/SEGGER Embedded Studio for ARM 4.18/lib/libc_v7em_fpv5_sp_d16_hard_t_le_eabi.a(libc2.o)
                0x000000000800b67c                __RAL_pow10
 .text.libc.__putc
                0x000000000800b6d0       0x34 C:/Program Files/SEGGER/SEGGER Embedded Studio for ARM 4.18/lib/libc_v7em_fpv5_sp_d16_hard_t_le_eabi.a(libc2.o)
                0x000000000800b6d0                __putc
 .text.libc.__RAL_print_padding
                0x000000000800b704       0x1c C:/Program Files/SEGGER/SEGGER Embedded Studio for ARM 4.18/lib/libc_v7em_fpv5_sp_d16_hard_t_le_eabi.a(libc2.o)
                0x000000000800b704                __RAL_print_padding
 .text.libc.__RAL_pre_padding
                0x000000000800b720       0x1c C:/Program Files/SEGGER/SEGGER Embedded Studio for ARM 4.18/lib/libc_v7em_fpv5_sp_d16_hard_t_le_eabi.a(libc2.o)
                0x000000000800b720                __RAL_pre_padding
 .text.libc.abs
                0x000000000800b73c        0x8 C:/Program Files/SEGGER/SEGGER Embedded Studio for ARM 4.18/lib/libc_v7em_fpv5_sp_d16_hard_t_le_eabi.a(libc2.o)
                0x000000000800b73c                abs
 .text.libc.__aeabi_errno_addr
                0x000000000800b744       0x14 C:/Program Files/SEGGER/SEGGER Embedded Studio for ARM 4.18/lib/libc_v7em_fpv5_sp_d16_hard_t_le_eabi.a(libc2.o)
                0x000000000800b744                __aeabi_errno_addr
 .text.libc.sprintf
                0x000000000800b758       0x2a C:/Program Files/SEGGER/SEGGER Embedded Studio for ARM 4.18/lib/libc_v7em_fpv5_sp_d16_hard_t_le_eabi.a(libc2.o)
                0x000000000800b758                sprintf
 .text.libc.strnlen
                0x000000000800b782       0x22 C:/Program Files/SEGGER/SEGGER Embedded Studio for ARM 4.18/lib/libc_v7em_fpv5_sp_d16_hard_t_le_eabi.a(libc2.o)
                0x000000000800b782                strnlen
 .text.libc.memcpy
                0x000000000800b7a4       0x52 C:/Program Files/SEGGER/SEGGER Embedded Studio for ARM 4.18/lib/libc_v7em_fpv5_sp_d16_hard_t_le_eabi.a(libc2_asm.o)
                0x000000000800b7a4                __aeabi_memcpy
                0x000000000800b7a4                memcpy
                0x000000000800b7b0                __aeabi_memcpy8
                0x000000000800b7b0                __aeabi_memcpy4
 .text.libc.memset
                0x000000000800b7f6       0x66 C:/Program Files/SEGGER/SEGGER Embedded Studio for ARM 4.18/lib/libc_v7em_fpv5_sp_d16_hard_t_le_eabi.a(libc2_asm.o)
                0x000000000800b7f6                memset
 .text.libc.strlen
                0x000000000800b85c       0x60 C:/Program Files/SEGGER/SEGGER Embedded Studio for ARM 4.18/lib/libc_v7em_fpv5_sp_d16_hard_t_le_eabi.a(libc2_asm.o)
                0x000000000800b85c                strlen
 .text.libc.__int64_udivmod
                0x000000000800b8bc       0xce C:/Program Files/SEGGER/SEGGER Embedded Studio for ARM 4.18/lib/libc_v7em_fpv5_sp_d16_hard_t_le_eabi.a(libc_asm.o)
                0x000000000800b8bc                __aeabi_uldivmod
                0x000000000800b8bc                __int64_udiv
                0x000000000800b8bc                __udivdi3
                0x000000000800b8bc                __int64_udivmod
 *fill*         0x000000000800b98a        0x6 
 .text.libc.__vfprintf_float_long
                0x000000000800b990     0x11ac C:/Program Files/SEGGER/SEGGER Embedded Studio for ARM 4.18/lib/libvfprintf_v7em_fpv5_sp_d16_hard_t_le_eabi.o
                0x000000000800b990                __vfprintf_float_long
 .text.TimerInit
                0x000000000800cb3c       0xf0 ../../../../StdLib/Release/STM32F722/TIMER_LIB.a(Timer.o)
                0x000000000800cb3c                TimerInit
 .text.TimerStart
                0x000000000800cc2c       0x38 ../../../../StdLib/Release/STM32F722/TIMER_LIB.a(Timer.o)
                0x000000000800cc2c                TimerStart
 .text.TimerStop
                0x000000000800cc64       0x3c ../../../../StdLib/Release/STM32F722/TIMER_LIB.a(Timer.o)
                0x000000000800cc64                TimerStop
 .text.TimerAddHook
                0x000000000800cca0        0xc ../../../../StdLib/Release/STM32F722/TIMER_LIB.a(Timer.o)
                0x000000000800cca0                TimerAddHook
 .text.TIM1_UP_TIM10_IRQHandler
                0x000000000800ccac       0x54 ../../../../StdLib/Release/STM32F722/TIMER_LIB.a(Timer.o)
                0x000000000800ccac                TIM1_UP_TIM10_IRQHandler
 .text.TIM2_IRQHandler
                0x000000000800cd00       0x30 ../../../../StdLib/Release/STM32F722/TIMER_LIB.a(Timer.o)
                0x000000000800cd00                TIM2_IRQHandler
 .text.TIM3_IRQHandler
                0x000000000800cd30       0x30 ../../../../StdLib/Release/STM32F722/TIMER_LIB.a(Timer.o)
                0x000000000800cd30                TIM3_IRQHandler
 .text.TIM4_IRQHandler
                0x000000000800cd60       0x30 ../../../../StdLib/Release/STM32F722/TIMER_LIB.a(Timer.o)
                0x000000000800cd60                TIM4_IRQHandler
 .text.TIM5_IRQHandler
                0x000000000800cd90       0x30 ../../../../StdLib/Release/STM32F722/TIMER_LIB.a(Timer.o)
                0x000000000800cd90                TIM5_IRQHandler
 .text.TIM6_DAC_IRQHandler
                0x000000000800cdc0       0x30 ../../../../StdLib/Release/STM32F722/TIMER_LIB.a(Timer.o)
                0x000000000800cdc0                TIM6_DAC_IRQHandler
 .text.TIM7_IRQHandler
                0x000000000800cdf0       0x30 ../../../../StdLib/Release/STM32F722/TIMER_LIB.a(Timer.o)
                0x000000000800cdf0                TIM7_IRQHandler
 .text.TIM8_UP_TIM13_IRQHandler
                0x000000000800ce20       0x54 ../../../../StdLib/Release/STM32F722/TIMER_LIB.a(Timer.o)
                0x000000000800ce20                TIM8_UP_TIM13_IRQHandler
 .text.TIM1_BRK_TIM9_IRQHandler
                0x000000000800ce74       0x30 ../../../../StdLib/Release/STM32F722/TIMER_LIB.a(Timer.o)
                0x000000000800ce74                TIM1_BRK_TIM9_IRQHandler
 .text.TIM1_TRG_COM_TIM11_IRQHandler
                0x000000000800cea4       0x30 ../../../../StdLib/Release/STM32F722/TIMER_LIB.a(Timer.o)
                0x000000000800cea4                TIM1_TRG_COM_TIM11_IRQHandler
 .text.TIM8_BRK_TIM12_IRQHandler
                0x000000000800ced4       0x30 ../../../../StdLib/Release/STM32F722/TIMER_LIB.a(Timer.o)
                0x000000000800ced4                TIM8_BRK_TIM12_IRQHandler
 .text.TIM8_TRG_COM_TIM14_IRQHandler
                0x000000000800cf04       0x30 ../../../../StdLib/Release/STM32F722/TIMER_LIB.a(Timer.o)
                0x000000000800cf04                TIM8_TRG_COM_TIM14_IRQHandler
 .text.spi_cbDmaTxHalf
                0x000000000800cf34        0x4 ../../../../StdLib/Release/STM32F722/SPIM_LIB.a(spim.o)
 .text.spi_cbDmaRxComp
                0x000000000800cf38        0x8 ../../../../StdLib/Release/STM32F722/SPIM_LIB.a(spim.o)
 .text.spi_DmaRx
                0x000000000800cf40       0x74 ../../../../StdLib/Release/STM32F722/SPIM_LIB.a(spim.o)
 .text.spi_DmaTx
                0x000000000800cfb4       0x5c ../../../../StdLib/Release/STM32F722/SPIM_LIB.a(spim.o)
 .text.spi_cbDmaTxError
                0x000000000800d010        0x4 ../../../../StdLib/Release/STM32F722/SPIM_LIB.a(spim.o)
 .text.spi_cbDmaRxError
                0x000000000800d014        0x4 ../../../../StdLib/Release/STM32F722/SPIM_LIB.a(spim.o)
 .text.spi_cbDmaRxHalf
                0x000000000800d018        0x4 ../../../../StdLib/Release/STM32F722/SPIM_LIB.a(spim.o)
 .text.spi_cbDmaTxComp
                0x000000000800d01c        0x4 ../../../../StdLib/Release/STM32F722/SPIM_LIB.a(spim.o)
 .text.SpimInit
                0x000000000800d020      0x20c ../../../../StdLib/Release/STM32F722/SPIM_LIB.a(spim.o)
                0x000000000800d020                SpimInit
 .text.SpimLinkDMA
                0x000000000800d22c       0x48 ../../../../StdLib/Release/STM32F722/SPIM_LIB.a(spim.o)
                0x000000000800d22c                SpimLinkDMA
 .text.SpimSetDataSize
                0x000000000800d274       0xf8 ../../../../StdLib/Release/STM32F722/SPIM_LIB.a(spim.o)
                0x000000000800d274                SpimSetDataSize
 *fill*         0x000000000800d36c        0x4 
 .text.SpimSetSpeed
                0x000000000800d370       0xd8 ../../../../StdLib/Release/STM32F722/SPIM_LIB.a(spim.o)
                0x000000000800d370                SpimSetSpeed
 .text.SpimAddCallbackTransferDone
                0x000000000800d448        0x4 ../../../../StdLib/Release/STM32F722/SPIM_LIB.a(spim.o)
                0x000000000800d448                SpimAddCallbackTransferDone
 .text.SpimTransfer
                0x000000000800d44c       0x98 ../../../../StdLib/Release/STM32F722/SPIM_LIB.a(spim.o)
                0x000000000800d44c                SpimTransfer
 .text.SPI1_IRQHandler
                0x000000000800d4e4       0x9c ../../../../StdLib/Release/STM32F722/SPIM_LIB.a(spim.o)
                0x000000000800d4e4                SPI1_IRQHandler
 .text.SPI2_IRQHandler
                0x000000000800d580       0x9c ../../../../StdLib/Release/STM32F722/SPIM_LIB.a(spim.o)
                0x000000000800d580                SPI2_IRQHandler
 .text.SPI3_IRQHandler
                0x000000000800d61c       0x9c ../../../../StdLib/Release/STM32F722/SPIM_LIB.a(spim.o)
                0x000000000800d61c                SPI3_IRQHandler
 .text.SPI4_IRQHandler
                0x000000000800d6b8       0x9c ../../../../StdLib/Release/STM32F722/SPIM_LIB.a(spim.o)
                0x000000000800d6b8                SPI4_IRQHandler
 .text.SPI5_IRQHandler
                0x000000000800d754       0x9c ../../../../StdLib/Release/STM32F722/SPIM_LIB.a(spim.o)
                0x000000000800d754                SPI5_IRQHandler
 .text.DmaInit  0x000000000800d7f0      0x124 ../../../../StdLib/Release/STM32F722/DMA_LIB.a(dma.o)
                0x000000000800d7f0                DmaInit
 .text.DmaAddCallback
                0x000000000800d914        0x8 ../../../../StdLib/Release/STM32F722/DMA_LIB.a(dma.o)
                0x000000000800d914                DmaAddCallback
 .text.DmaStart
                0x000000000800d91c       0x50 ../../../../StdLib/Release/STM32F722/DMA_LIB.a(dma.o)
                0x000000000800d91c                DmaStart
 .text.DmaStop  0x000000000800d96c        0xc ../../../../StdLib/Release/STM32F722/DMA_LIB.a(dma.o)
                0x000000000800d96c                DmaStop
 .text.DMA1_Stream0_IRQHandler
                0x000000000800d978       0xcc ../../../../StdLib/Release/STM32F722/DMA_LIB.a(dma.o)
                0x000000000800d978                DMA1_Stream0_IRQHandler
 .text.DMA1_Stream1_IRQHandler
                0x000000000800da44       0xcc ../../../../StdLib/Release/STM32F722/DMA_LIB.a(dma.o)
                0x000000000800da44                DMA1_Stream1_IRQHandler
 .text.DMA1_Stream2_IRQHandler
                0x000000000800db10       0xcc ../../../../StdLib/Release/STM32F722/DMA_LIB.a(dma.o)
                0x000000000800db10                DMA1_Stream2_IRQHandler
 .text.DMA1_Stream3_IRQHandler
                0x000000000800dbdc       0xcc ../../../../StdLib/Release/STM32F722/DMA_LIB.a(dma.o)
                0x000000000800dbdc                DMA1_Stream3_IRQHandler
 .text.DMA1_Stream4_IRQHandler
                0x000000000800dca8       0xcc ../../../../StdLib/Release/STM32F722/DMA_LIB.a(dma.o)
                0x000000000800dca8                DMA1_Stream4_IRQHandler
 .text.DMA1_Stream5_IRQHandler
                0x000000000800dd74       0xcc ../../../../StdLib/Release/STM32F722/DMA_LIB.a(dma.o)
                0x000000000800dd74                DMA1_Stream5_IRQHandler
 .text.DMA1_Stream6_IRQHandler
                0x000000000800de40       0xcc ../../../../StdLib/Release/STM32F722/DMA_LIB.a(dma.o)
                0x000000000800de40                DMA1_Stream6_IRQHandler
 .text.DMA1_Stream7_IRQHandler
                0x000000000800df0c       0xcc ../../../../StdLib/Release/STM32F722/DMA_LIB.a(dma.o)
                0x000000000800df0c                DMA1_Stream7_IRQHandler
 .text.DMA2_Stream0_IRQHandler
                0x000000000800dfd8       0xcc ../../../../StdLib/Release/STM32F722/DMA_LIB.a(dma.o)
                0x000000000800dfd8                DMA2_Stream0_IRQHandler
 .text.DMA2_Stream1_IRQHandler
                0x000000000800e0a4       0xcc ../../../../StdLib/Release/STM32F722/DMA_LIB.a(dma.o)
                0x000000000800e0a4                DMA2_Stream1_IRQHandler
 .text.DMA2_Stream2_IRQHandler
                0x000000000800e170       0xcc ../../../../StdLib/Release/STM32F722/DMA_LIB.a(dma.o)
                0x000000000800e170                DMA2_Stream2_IRQHandler
 .text.DMA2_Stream3_IRQHandler
                0x000000000800e23c       0xcc ../../../../StdLib/Release/STM32F722/DMA_LIB.a(dma.o)
                0x000000000800e23c                DMA2_Stream3_IRQHandler
 .text.DMA2_Stream4_IRQHandler
                0x000000000800e308       0xcc ../../../../StdLib/Release/STM32F722/DMA_LIB.a(dma.o)
                0x000000000800e308                DMA2_Stream4_IRQHandler
 .text.DMA2_Stream5_IRQHandler
                0x000000000800e3d4       0xcc ../../../../StdLib/Release/STM32F722/DMA_LIB.a(dma.o)
                0x000000000800e3d4                DMA2_Stream5_IRQHandler
 .text.DMA2_Stream6_IRQHandler
                0x000000000800e4a0       0xcc ../../../../StdLib/Release/STM32F722/DMA_LIB.a(dma.o)
                0x000000000800e4a0                DMA2_Stream6_IRQHandler
 .text.DMA2_Stream7_IRQHandler
                0x000000000800e56c       0xcc ../../../../StdLib/Release/STM32F722/DMA_LIB.a(dma.o)
                0x000000000800e56c                DMA2_Stream7_IRQHandler
                0x000000000800e638                __text_end__ = (__text_start__ + SIZEOF (.text))
                0x000000000000e1dc                __text_size__ = SIZEOF (.text)
                0x000000000800e638                __text_load_end__ = __text_end__

.vfp11_veneer   0x0000000100000000        0x0
 .vfp11_veneer  0x0000000100000000        0x0 linker stubs

.v4_bx          0x0000000100000000        0x0
 .v4_bx         0x0000000100000000        0x0 linker stubs

.iplt           0x0000000100000000        0x0
 .iplt          0x0000000100000000        0x0 Output/RTOS_Queue Release/Obj/system_stm32f7xx.o
                0x0000000000000001                . = ASSERT (((__text_start__ == __text_end__) || ((__text_end__ - __FLASH_segment_start__) <= __FLASH_segment_size__)), error: .text is too large to fit in FLASH memory segment)
                0x000000000800e638                __dtors_load_start__ = ALIGN (__text_end__, 0x4)

.dtors          0x000000000800e638        0x0
                0x000000000800e638                __dtors_start__ = .
 *(SORT_BY_NAME(.dtors.*))
 *(.dtors)
 *(.fini_array)
 *(SORT_BY_NAME(.fini_array.*))
                0x000000000800e638                __dtors_end__ = (__dtors_start__ + SIZEOF (.dtors))
                0x0000000000000000                __dtors_size__ = SIZEOF (.dtors)
                0x000000000800e638                __dtors_load_end__ = __dtors_end__
                0x0000000000000001                . = ASSERT (((__dtors_start__ == __dtors_end__) || ((__dtors_end__ - __FLASH_segment_start__) <= __FLASH_segment_size__)), error: .dtors is too large to fit in FLASH memory segment)
                0x000000000800e638                __ctors_load_start__ = ALIGN (__dtors_end__, 0x4)

.ctors          0x000000000800e638        0x0
                0x000000000800e638                __ctors_start__ = .
 *(SORT_BY_NAME(.ctors.*))
 *(.ctors)
 *(.init_array)
 *(SORT_BY_NAME(.init_array.*))
                0x000000000800e638                __ctors_end__ = (__ctors_start__ + SIZEOF (.ctors))
                0x0000000000000000                __ctors_size__ = SIZEOF (.ctors)
                0x000000000800e638                __ctors_load_end__ = __ctors_end__
                0x0000000000000001                . = ASSERT (((__ctors_start__ == __ctors_end__) || ((__ctors_end__ - __FLASH_segment_start__) <= __FLASH_segment_size__)), error: .ctors is too large to fit in FLASH memory segment)
                0x000000000800e638                __rodata_load_start__ = ALIGN (__ctors_end__, 0x4)

.rodata         0x000000000800e638      0xd48
                0x000000000800e638                __rodata_start__ = .
 *(.rodata .rodata.* .gnu.linkonce.r.*)
 .rodata.AHBPrescTable
                0x000000000800e638       0x10 Output/RTOS_Queue Release/Obj/system_stm32f7xx.o
                0x000000000800e638                AHBPrescTable
 .rodata.BUS_CLOCK
                0x000000000800e648       0x1c Output/RTOS_Queue Release/Obj/Usart.o
 .rodata.STM32F722X_USART_DRV
                0x000000000800e664       0x40 Output/RTOS_Queue Release/Obj/Usart.o
                0x000000000800e664                STM32F722X_USART_DRV
 .rodata.CSWTCH.13
                0x000000000800e6a4       0x38 Output/RTOS_Queue Release/Obj/Pwm.o
 .rodata.CSWTCH.14
                0x000000000800e6dc       0x38 Output/RTOS_Queue Release/Obj/Pwm.o
 .rodata.CSWTCH.5
                0x000000000800e714       0x24 Output/RTOS_Queue Release/Obj/Ccm.o
 .rodata.CSWTCH.3
                0x000000000800e738        0xc Output/RTOS_Queue Release/Obj/I2c.o
 .rodata.CSWTCH.4
                0x000000000800e744        0x3 Output/RTOS_Queue Release/Obj/I2c.o
 *fill*         0x000000000800e747        0x1 
 .rodata.g_aMoveBackJobList
                0x000000000800e748       0x10 Output/RTOS_Queue Release/Obj/Move.o
                0x000000000800e748                g_aMoveBackJobList
 .rodata.g_aMoveBackLeftJobList
                0x000000000800e758       0x10 Output/RTOS_Queue Release/Obj/Move.o
                0x000000000800e758                g_aMoveBackLeftJobList
 .rodata.g_aMoveBackRightJobList
                0x000000000800e768       0x10 Output/RTOS_Queue Release/Obj/Move.o
                0x000000000800e768                g_aMoveBackRightJobList
 .rodata.g_aMoveFrontJobList
                0x000000000800e778       0x10 Output/RTOS_Queue Release/Obj/Move.o
                0x000000000800e778                g_aMoveFrontJobList
 .rodata.g_aMoveFrontLeftJobList
                0x000000000800e788       0x10 Output/RTOS_Queue Release/Obj/Move.o
                0x000000000800e788                g_aMoveFrontLeftJobList
 .rodata.g_aMoveFrontRightJobList
                0x000000000800e798       0x10 Output/RTOS_Queue Release/Obj/Move.o
                0x000000000800e798                g_aMoveFrontRightJobList
 .rodata.g_aMoveLeftJobList
                0x000000000800e7a8       0x10 Output/RTOS_Queue Release/Obj/Move.o
                0x000000000800e7a8                g_aMoveLeftJobList
 .rodata.g_aMoveRightJobList
                0x000000000800e7b8       0x10 Output/RTOS_Queue Release/Obj/Move.o
                0x000000000800e7b8                g_aMoveRightJobList
 .rodata.g_aMoveStopJobList
                0x000000000800e7c8        0xc Output/RTOS_Queue Release/Obj/Move.o
                0x000000000800e7c8                g_aMoveStopJobList
 .rodata.g_aRotateLeftJobList
                0x000000000800e7d4       0x10 Output/RTOS_Queue Release/Obj/Move.o
                0x000000000800e7d4                g_aRotateLeftJobList
 .rodata.g_aRotateRightJobList
                0x000000000800e7e4       0x10 Output/RTOS_Queue Release/Obj/Move.o
                0x000000000800e7e4                g_aRotateRightJobList
 .rodata.agc_config
                0x000000000800e7f4        0x8 Output/RTOS_Queue Release/Obj/deca_params_init.o
                0x000000000800e7f4                agc_config
 .rodata.chan_idx
                0x000000000800e7fc        0x8 Output/RTOS_Queue Release/Obj/deca_params_init.o
                0x000000000800e7fc                chan_idx
 .rodata.digital_bb_config
                0x000000000800e804       0x20 Output/RTOS_Queue Release/Obj/deca_params_init.o
                0x000000000800e804                digital_bb_config
 .rodata.dtune1
                0x000000000800e824        0x4 Output/RTOS_Queue Release/Obj/deca_params_init.o
                0x000000000800e824                dtune1
 .rodata.dwnsSFDlen
                0x000000000800e828        0x3 Output/RTOS_Queue Release/Obj/deca_params_init.o
                0x000000000800e828                dwnsSFDlen
 *fill*         0x000000000800e82b        0x1 
 .rodata.fs_pll_cfg
                0x000000000800e82c       0x18 Output/RTOS_Queue Release/Obj/deca_params_init.o
                0x000000000800e82c                fs_pll_cfg
 .rodata.fs_pll_tune
                0x000000000800e844        0x6 Output/RTOS_Queue Release/Obj/deca_params_init.o
                0x000000000800e844                fs_pll_tune
 *fill*         0x000000000800e84a        0x2 
 .rodata.lde_replicaCoeff
                0x000000000800e84c       0x32 Output/RTOS_Queue Release/Obj/deca_params_init.o
                0x000000000800e84c                lde_replicaCoeff
 *fill*         0x000000000800e87e        0x2 
 .rodata.rx_config
                0x000000000800e880        0x2 Output/RTOS_Queue Release/Obj/deca_params_init.o
                0x000000000800e880                rx_config
 *fill*         0x000000000800e882        0x2 
 .rodata.sftsh  0x000000000800e884        0xc Output/RTOS_Queue Release/Obj/deca_params_init.o
                0x000000000800e884                sftsh
 .rodata.tx_config
                0x000000000800e890       0x18 Output/RTOS_Queue Release/Obj/deca_params_init.o
                0x000000000800e890                tx_config
 .rodata.GUI_AppDraw.str1.4
                0x000000000800e8a8       0x3b Output/RTOS_Queue Release/Obj/main.o
 *fill*         0x000000000800e8e3        0x1 
 .rodata.main.str1.4
                0x000000000800e8e4       0x48 Output/RTOS_Queue Release/Obj/main.o
 .rodata.char100
                0x000000000800e92c       0x14 ../../../../StdLib/Common/Lib/GUI/GUI_GCC_CM7_R6.a(Font_Console10.o)
 .rodata.char101
                0x000000000800e940       0x14 ../../../../StdLib/Common/Lib/GUI/GUI_GCC_CM7_R6.a(Font_Console10.o)
 .rodata.char102
                0x000000000800e954       0x14 ../../../../StdLib/Common/Lib/GUI/GUI_GCC_CM7_R6.a(Font_Console10.o)
 .rodata.char103
                0x000000000800e968       0x14 ../../../../StdLib/Common/Lib/GUI/GUI_GCC_CM7_R6.a(Font_Console10.o)
 .rodata.char104
                0x000000000800e97c       0x14 ../../../../StdLib/Common/Lib/GUI/GUI_GCC_CM7_R6.a(Font_Console10.o)
 .rodata.char105
                0x000000000800e990       0x14 ../../../../StdLib/Common/Lib/GUI/GUI_GCC_CM7_R6.a(Font_Console10.o)
 .rodata.char106
                0x000000000800e9a4       0x14 ../../../../StdLib/Common/Lib/GUI/GUI_GCC_CM7_R6.a(Font_Console10.o)
 .rodata.char107
                0x000000000800e9b8       0x14 ../../../../StdLib/Common/Lib/GUI/GUI_GCC_CM7_R6.a(Font_Console10.o)
 .rodata.char108
                0x000000000800e9cc       0x14 ../../../../StdLib/Common/Lib/GUI/GUI_GCC_CM7_R6.a(Font_Console10.o)
 .rodata.char109
                0x000000000800e9e0       0x14 ../../../../StdLib/Common/Lib/GUI/GUI_GCC_CM7_R6.a(Font_Console10.o)
 .rodata.char110
                0x000000000800e9f4       0x14 ../../../../StdLib/Common/Lib/GUI/GUI_GCC_CM7_R6.a(Font_Console10.o)
 .rodata.char111
                0x000000000800ea08       0x14 ../../../../StdLib/Common/Lib/GUI/GUI_GCC_CM7_R6.a(Font_Console10.o)
 .rodata.char112
                0x000000000800ea1c       0x14 ../../../../StdLib/Common/Lib/GUI/GUI_GCC_CM7_R6.a(Font_Console10.o)
 .rodata.char113
                0x000000000800ea30       0x14 ../../../../StdLib/Common/Lib/GUI/GUI_GCC_CM7_R6.a(Font_Console10.o)
 .rodata.char114
                0x000000000800ea44       0x14 ../../../../StdLib/Common/Lib/GUI/GUI_GCC_CM7_R6.a(Font_Console10.o)
 .rodata.char115
                0x000000000800ea58       0x14 ../../../../StdLib/Common/Lib/GUI/GUI_GCC_CM7_R6.a(Font_Console10.o)
 .rodata.char116
                0x000000000800ea6c       0x14 ../../../../StdLib/Common/Lib/GUI/GUI_GCC_CM7_R6.a(Font_Console10.o)
 .rodata.char117
                0x000000000800ea80       0x14 ../../../../StdLib/Common/Lib/GUI/GUI_GCC_CM7_R6.a(Font_Console10.o)
 .rodata.char118
                0x000000000800ea94       0x14 ../../../../StdLib/Common/Lib/GUI/GUI_GCC_CM7_R6.a(Font_Console10.o)
 .rodata.char119
                0x000000000800eaa8       0x14 ../../../../StdLib/Common/Lib/GUI/GUI_GCC_CM7_R6.a(Font_Console10.o)
 .rodata.char120
                0x000000000800eabc       0x14 ../../../../StdLib/Common/Lib/GUI/GUI_GCC_CM7_R6.a(Font_Console10.o)
 .rodata.char121
                0x000000000800ead0       0x14 ../../../../StdLib/Common/Lib/GUI/GUI_GCC_CM7_R6.a(Font_Console10.o)
 .rodata.char122
                0x000000000800eae4       0x14 ../../../../StdLib/Common/Lib/GUI/GUI_GCC_CM7_R6.a(Font_Console10.o)
 .rodata.char123
                0x000000000800eaf8       0x14 ../../../../StdLib/Common/Lib/GUI/GUI_GCC_CM7_R6.a(Font_Console10.o)
 .rodata.char124
                0x000000000800eb0c       0x14 ../../../../StdLib/Common/Lib/GUI/GUI_GCC_CM7_R6.a(Font_Console10.o)
 .rodata.char125